Archive member included because of file (symbol)

D:\projects\lpcxpresso\samples\1769\lpcx\CMSISv2_LPC17xx\Debug\libCMSISv2_LPC17xx.a(system_LPC17xx.o)
                              ./src/cr_startup_lpc176x.o (SystemInit)
d:/nxp/lpcxpresso_3.6/tools/bin/../lib/gcc/arm-none-eabi/4.3.3/../../../../arm-none-eabi/lib/thumb2\libcr_semihost.a(_cr__main.o)
                              ./src/cr_startup_lpc176x.o (__main)
d:/nxp/lpcxpresso_3.6/tools/bin/../lib/gcc/arm-none-eabi/4.3.3/../../../../arm-none-eabi/lib/thumb2\libcr_c.a(__init_alloc.o)
                              d:/nxp/lpcxpresso_3.6/tools/bin/../lib/gcc/arm-none-eabi/4.3.3/../../../../arm-none-eabi/lib/thumb2\libcr_semihost.a(_cr__main.o) (_init_alloc)
d:/nxp/lpcxpresso_3.6/tools/bin/../lib/gcc/arm-none-eabi/4.3.3/../../../../arm-none-eabi/lib/thumb2\libcr_c.a(ctype.o)
                              d:/nxp/lpcxpresso_3.6/tools/bin/../lib/gcc/arm-none-eabi/4.3.3/../../../../arm-none-eabi/lib/thumb2\libcr_semihost.a(_cr__main.o) (_ctype_init)
d:/nxp/lpcxpresso_3.6/tools/bin/../lib/gcc/arm-none-eabi/4.3.3/../../../../arm-none-eabi/lib/thumb2\libcr_c.a(initio.o)
                              d:/nxp/lpcxpresso_3.6/tools/bin/../lib/gcc/arm-none-eabi/4.3.3/../../../../arm-none-eabi/lib/thumb2\libcr_semihost.a(_cr__main.o) (_terminateio)
d:/nxp/lpcxpresso_3.6/tools/bin/../lib/gcc/arm-none-eabi/4.3.3/../../../../arm-none-eabi/lib/thumb2\libcr_c.a(memset.o)
                              d:/nxp/lpcxpresso_3.6/tools/bin/../lib/gcc/arm-none-eabi/4.3.3/../../../../arm-none-eabi/lib/thumb2\libcr_c.a(initio.o) (memset)
d:/nxp/lpcxpresso_3.6/tools/bin/../lib/gcc/arm-none-eabi/4.3.3/../../../../arm-none-eabi/lib/thumb2\libcr_c.a(setvbuf.o)
                              d:/nxp/lpcxpresso_3.6/tools/bin/../lib/gcc/arm-none-eabi/4.3.3/../../../../arm-none-eabi/lib/thumb2\libcr_c.a(initio.o) (setvbuf)
d:/nxp/lpcxpresso_3.6/tools/bin/../lib/gcc/arm-none-eabi/4.3.3/../../../../arm-none-eabi/lib/thumb2\libcr_c.a(stdio.o)
                              d:/nxp/lpcxpresso_3.6/tools/bin/../lib/gcc/arm-none-eabi/4.3.3/../../../../arm-none-eabi/lib/thumb2\libcr_c.a(initio.o) (__Ciob)
d:/nxp/lpcxpresso_3.6/tools/bin/../lib/gcc/arm-none-eabi/4.3.3/../../../../arm-none-eabi/lib/thumb2\libcr_c.a(stdlib.o)
                              d:/nxp/lpcxpresso_3.6/tools/bin/../lib/gcc/arm-none-eabi/4.3.3/../../../../arm-none-eabi/lib/thumb2\libcr_semihost.a(_cr__main.o) (_exit_init)
d:/nxp/lpcxpresso_3.6/tools/bin/../lib/gcc/arm-none-eabi/4.3.3/../../../../arm-none-eabi/lib/thumb2\libcr_c.a(__fillbuf.o)
                              d:/nxp/lpcxpresso_3.6/tools/bin/../lib/gcc/arm-none-eabi/4.3.3/../../../../arm-none-eabi/lib/thumb2\libcr_c.a(stdio.o) (__filbuf)
d:/nxp/lpcxpresso_3.6/tools/bin/../lib/gcc/arm-none-eabi/4.3.3/../../../../arm-none-eabi/lib/thumb2\libcr_c.a(_deferredlazyseek.o)
                              d:/nxp/lpcxpresso_3.6/tools/bin/../lib/gcc/arm-none-eabi/4.3.3/../../../../arm-none-eabi/lib/thumb2\libcr_c.a(__fillbuf.o) (_deferredlazyseek)
d:/nxp/lpcxpresso_3.6/tools/bin/../lib/gcc/arm-none-eabi/4.3.3/../../../../arm-none-eabi/lib/thumb2\libcr_c.a(_fdopen.o)
                              d:/nxp/lpcxpresso_3.6/tools/bin/../lib/gcc/arm-none-eabi/4.3.3/../../../../arm-none-eabi/lib/thumb2\libcr_c.a(initio.o) (_fdopen)
d:/nxp/lpcxpresso_3.6/tools/bin/../lib/gcc/arm-none-eabi/4.3.3/../../../../arm-none-eabi/lib/thumb2\libcr_c.a(_fflush.o)
                              d:/nxp/lpcxpresso_3.6/tools/bin/../lib/gcc/arm-none-eabi/4.3.3/../../../../arm-none-eabi/lib/thumb2\libcr_c.a(__fillbuf.o) (_fflush)
d:/nxp/lpcxpresso_3.6/tools/bin/../lib/gcc/arm-none-eabi/4.3.3/../../../../arm-none-eabi/lib/thumb2\libcr_c.a(_writebuf.o)
                              d:/nxp/lpcxpresso_3.6/tools/bin/../lib/gcc/arm-none-eabi/4.3.3/../../../../arm-none-eabi/lib/thumb2\libcr_c.a(_deferredlazyseek.o) (_Cwritebuf)
d:/nxp/lpcxpresso_3.6/tools/bin/../lib/gcc/arm-none-eabi/4.3.3/../../../../arm-none-eabi/lib/thumb2\libcr_c.a(alloc.o)
                              d:/nxp/lpcxpresso_3.6/tools/bin/../lib/gcc/arm-none-eabi/4.3.3/../../../../arm-none-eabi/lib/thumb2\libcr_c.a(__fillbuf.o) (_Csys_alloc)
d:/nxp/lpcxpresso_3.6/tools/bin/../lib/gcc/arm-none-eabi/4.3.3/../../../../arm-none-eabi/lib/thumb2\libcr_c.a(error.o)
                              d:/nxp/lpcxpresso_3.6/tools/bin/../lib/gcc/arm-none-eabi/4.3.3/../../../../arm-none-eabi/lib/thumb2\libcr_c.a(alloc.o) (_Csysdie)
d:/nxp/lpcxpresso_3.6/tools/bin/../lib/gcc/arm-none-eabi/4.3.3/../../../../arm-none-eabi/lib/thumb2\libcr_c.a(fclose.o)
                              d:/nxp/lpcxpresso_3.6/tools/bin/../lib/gcc/arm-none-eabi/4.3.3/../../../../arm-none-eabi/lib/thumb2\libcr_c.a(initio.o) (fclose)
d:/nxp/lpcxpresso_3.6/tools/bin/../lib/gcc/arm-none-eabi/4.3.3/../../../../arm-none-eabi/lib/thumb2\libcr_c.a(fflush.o)
                              d:/nxp/lpcxpresso_3.6/tools/bin/../lib/gcc/arm-none-eabi/4.3.3/../../../../arm-none-eabi/lib/thumb2\libcr_c.a(fclose.o) (fflush)
d:/nxp/lpcxpresso_3.6/tools/bin/../lib/gcc/arm-none-eabi/4.3.3/../../../../arm-none-eabi/lib/thumb2\libcr_c.a(fputs.o)
                              d:/nxp/lpcxpresso_3.6/tools/bin/../lib/gcc/arm-none-eabi/4.3.3/../../../../arm-none-eabi/lib/thumb2\libcr_c.a(error.o) (fputs)
d:/nxp/lpcxpresso_3.6/tools/bin/../lib/gcc/arm-none-eabi/4.3.3/../../../../arm-none-eabi/lib/thumb2\libcr_c.a(fseek.o)
                              d:/nxp/lpcxpresso_3.6/tools/bin/../lib/gcc/arm-none-eabi/4.3.3/../../../../arm-none-eabi/lib/thumb2\libcr_c.a(_deferredlazyseek.o) (fseek)
d:/nxp/lpcxpresso_3.6/tools/bin/../lib/gcc/arm-none-eabi/4.3.3/../../../../arm-none-eabi/lib/thumb2\libcr_c.a(ftell.o)
                              d:/nxp/lpcxpresso_3.6/tools/bin/../lib/gcc/arm-none-eabi/4.3.3/../../../../arm-none-eabi/lib/thumb2\libcr_c.a(fseek.o) (ftell)
d:/nxp/lpcxpresso_3.6/tools/bin/../lib/gcc/arm-none-eabi/4.3.3/../../../../arm-none-eabi/lib/thumb2\libcr_c.a(memcpy.o)
                              d:/nxp/lpcxpresso_3.6/tools/bin/../lib/gcc/arm-none-eabi/4.3.3/../../../../arm-none-eabi/lib/thumb2\libcr_c.a(alloc.o) (memcpy)
d:/nxp/lpcxpresso_3.6/tools/bin/../lib/gcc/arm-none-eabi/4.3.3/../../../../arm-none-eabi/lib/thumb2\libcr_c.a(raise.o)
                              d:/nxp/lpcxpresso_3.6/tools/bin/../lib/gcc/arm-none-eabi/4.3.3/../../../../arm-none-eabi/lib/thumb2\libcr_c.a(stdlib.o) (raise)
d:/nxp/lpcxpresso_3.6/tools/bin/../lib/gcc/arm-none-eabi/4.3.3/../../../../arm-none-eabi/lib/thumb2\libcr_c.a(remove.o)
                              d:/nxp/lpcxpresso_3.6/tools/bin/../lib/gcc/arm-none-eabi/4.3.3/../../../../arm-none-eabi/lib/thumb2\libcr_c.a(fclose.o) (remove)
d:/nxp/lpcxpresso_3.6/tools/bin/../lib/gcc/arm-none-eabi/4.3.3/../../../../arm-none-eabi/lib/thumb2\libcr_c.a(strcpy.o)
                              d:/nxp/lpcxpresso_3.6/tools/bin/../lib/gcc/arm-none-eabi/4.3.3/../../../../arm-none-eabi/lib/thumb2\libcr_c.a(alloc.o) (strcpy)
d:/nxp/lpcxpresso_3.6/tools/bin/../lib/gcc/arm-none-eabi/4.3.3/../../../../arm-none-eabi/lib/thumb2\libcr_c.a(strlen.o)
                              d:/nxp/lpcxpresso_3.6/tools/bin/../lib/gcc/arm-none-eabi/4.3.3/../../../../arm-none-eabi/lib/thumb2\libcr_c.a(error.o) (strlen)
d:/nxp/lpcxpresso_3.6/tools/bin/../lib/gcc/arm-none-eabi/4.3.3/../../../../arm-none-eabi/lib/thumb2\libcr_c.a(_do_fflush.o)
                              d:/nxp/lpcxpresso_3.6/tools/bin/../lib/gcc/arm-none-eabi/4.3.3/../../../../arm-none-eabi/lib/thumb2\libcr_c.a(fflush.o) (_do_fflush)
d:/nxp/lpcxpresso_3.6/tools/bin/../lib/gcc/arm-none-eabi/4.3.3/../../../../arm-none-eabi/lib/thumb2\libcr_semihost.a(_cr_sbrk.o)
                              d:/nxp/lpcxpresso_3.6/tools/bin/../lib/gcc/arm-none-eabi/4.3.3/../../../../arm-none-eabi/lib/thumb2\libcr_c.a(alloc.o) (_sbrk)
d:/nxp/lpcxpresso_3.6/tools/bin/../lib/gcc/arm-none-eabi/4.3.3/../../../../arm-none-eabi/lib/thumb2\libcr_semihost.a(cr_sys.o)
                              d:/nxp/lpcxpresso_3.6/tools/bin/../lib/gcc/arm-none-eabi/4.3.3/../../../../arm-none-eabi/lib/thumb2\libcr_c.a(raise.o) (_Csyscall0)
d:/nxp/lpcxpresso_3.6/tools/bin/../lib/gcc/arm-none-eabi/4.3.3/../../../../arm-none-eabi/lib/thumb2\libcr_semihost.a(cr__close.o)
                              d:/nxp/lpcxpresso_3.6/tools/bin/../lib/gcc/arm-none-eabi/4.3.3/../../../../arm-none-eabi/lib/thumb2\libcr_semihost.a(cr_sys.o) (__close)
d:/nxp/lpcxpresso_3.6/tools/bin/../lib/gcc/arm-none-eabi/4.3.3/../../../../arm-none-eabi/lib/thumb2\libcr_semihost.a(cr__exit.o)
                              d:/nxp/lpcxpresso_3.6/tools/bin/../lib/gcc/arm-none-eabi/4.3.3/../../../../arm-none-eabi/lib/thumb2\libcr_semihost.a(cr_sys.o) (__exit)
d:/nxp/lpcxpresso_3.6/tools/bin/../lib/gcc/arm-none-eabi/4.3.3/../../../../arm-none-eabi/lib/thumb2\libcr_semihost.a(cr__open.o)
                              d:/nxp/lpcxpresso_3.6/tools/bin/../lib/gcc/arm-none-eabi/4.3.3/../../../../arm-none-eabi/lib/thumb2\libcr_semihost.a(cr_sys.o) (__open)
d:/nxp/lpcxpresso_3.6/tools/bin/../lib/gcc/arm-none-eabi/4.3.3/../../../../arm-none-eabi/lib/thumb2\libcr_semihost.a(cr__read.o)
                              d:/nxp/lpcxpresso_3.6/tools/bin/../lib/gcc/arm-none-eabi/4.3.3/../../../../arm-none-eabi/lib/thumb2\libcr_semihost.a(cr_sys.o) (__read)
d:/nxp/lpcxpresso_3.6/tools/bin/../lib/gcc/arm-none-eabi/4.3.3/../../../../arm-none-eabi/lib/thumb2\libcr_semihost.a(cr__readc.o)
                              d:/nxp/lpcxpresso_3.6/tools/bin/../lib/gcc/arm-none-eabi/4.3.3/../../../../arm-none-eabi/lib/thumb2\libcr_semihost.a(cr_sys.o) (__readc)
d:/nxp/lpcxpresso_3.6/tools/bin/../lib/gcc/arm-none-eabi/4.3.3/../../../../arm-none-eabi/lib/thumb2\libcr_semihost.a(cr__unlink.o)
                              d:/nxp/lpcxpresso_3.6/tools/bin/../lib/gcc/arm-none-eabi/4.3.3/../../../../arm-none-eabi/lib/thumb2\libcr_semihost.a(cr_sys.o) (__unlink)
d:/nxp/lpcxpresso_3.6/tools/bin/../lib/gcc/arm-none-eabi/4.3.3/../../../../arm-none-eabi/lib/thumb2\libcr_semihost.a(cr__write.o)
                              d:/nxp/lpcxpresso_3.6/tools/bin/../lib/gcc/arm-none-eabi/4.3.3/../../../../arm-none-eabi/lib/thumb2\libcr_semihost.a(cr_sys.o) (__write)
d:/nxp/lpcxpresso_3.6/tools/bin/../lib/gcc/arm-none-eabi/4.3.3/../../../../arm-none-eabi/lib/thumb2\libcr_semihost.a(cr_stubs.o)
                              d:/nxp/lpcxpresso_3.6/tools/bin/../lib/gcc/arm-none-eabi/4.3.3/../../../../arm-none-eabi/lib/thumb2\libcr_semihost.a(cr_sys.o) (_stub_clock)

Allocating common symbols
Common symbol       size              file

MsgBuf_TX2          0x10              ./src/cantest.o
errno               0x4               d:/nxp/lpcxpresso_3.6/tools/bin/../lib/gcc/arm-none-eabi/4.3.3/../../../../arm-none-eabi/lib/thumb2\libcr_semihost.a(_cr__main.o)
_extra              0x4               d:/nxp/lpcxpresso_3.6/tools/bin/../lib/gcc/arm-none-eabi/4.3.3/../../../../arm-none-eabi/lib/thumb2\libcr_c.a(initio.o)
_error_recursion    0x4               d:/nxp/lpcxpresso_3.6/tools/bin/../lib/gcc/arm-none-eabi/4.3.3/../../../../arm-none-eabi/lib/thumb2\libcr_semihost.a(_cr__main.o)
_exitvector         0x84              d:/nxp/lpcxpresso_3.6/tools/bin/../lib/gcc/arm-none-eabi/4.3.3/../../../../arm-none-eabi/lib/thumb2\libcr_c.a(stdlib.o)
MsgBuf_RX2          0x10              ./src/cantest.o
_number_of_exit_functions
                    0x4               d:/nxp/lpcxpresso_3.6/tools/bin/../lib/gcc/arm-none-eabi/4.3.3/../../../../arm-none-eabi/lib/thumb2\libcr_c.a(stdlib.o)
MsgBuf_TX1          0x10              ./src/cantest.o
__heaps             0x4               d:/nxp/lpcxpresso_3.6/tools/bin/../lib/gcc/arm-none-eabi/4.3.3/../../../../arm-none-eabi/lib/thumb2\libcr_c.a(__init_alloc.o)
__end_of_heap       0x4               d:/nxp/lpcxpresso_3.6/tools/bin/../lib/gcc/arm-none-eabi/4.3.3/../../../../arm-none-eabi/lib/thumb2\libcr_c.a(__init_alloc.o)
MsgBuf_RX1          0x10              ./src/cantest.o
__Ciob              0x280             d:/nxp/lpcxpresso_3.6/tools/bin/../lib/gcc/arm-none-eabi/4.3.3/../../../../arm-none-eabi/lib/thumb2\libcr_c.a(stdio.o)
CANStatus           0x4               ./src/can.o

Discarded input sections

 .text          0x00000000        0x0 ./src/can.o
 .data          0x00000000        0x0 ./src/can.o
 .bss           0x00000000        0x0 ./src/can.o
 .bss.CAN2TxCount
                0x00000000        0x0 ./src/can.o
 .text.CAN2_SendMessage
                0x00000000        0x0 ./src/can.o
 .text          0x00000000        0x0 ./src/cantest.o
 .data          0x00000000        0x0 ./src/cantest.o
 .bss           0x00000000        0x0 ./src/cantest.o
 .text          0x00000000        0x0 ./src/cr_startup_lpc176x.o
 .data          0x00000000        0x0 ./src/cr_startup_lpc176x.o
 .bss           0x00000000        0x0 ./src/cr_startup_lpc176x.o
 .text          0x00000000        0x0 D:\projects\lpcxpresso\samples\1769\lpcx\CMSISv2_LPC17xx\Debug\libCMSISv2_LPC17xx.a(system_LPC17xx.o)
 .bss           0x00000000        0x0 D:\projects\lpcxpresso\samples\1769\lpcx\CMSISv2_LPC17xx\Debug\libCMSISv2_LPC17xx.a(system_LPC17xx.o)
 .data          0x00000000        0x0 d:/nxp/lpcxpresso_3.6/tools/bin/../lib/gcc/arm-none-eabi/4.3.3/../../../../arm-none-eabi/lib/thumb2\libcr_semihost.a(_cr__main.o)
 .bss           0x00000000        0x0 d:/nxp/lpcxpresso_3.6/tools/bin/../lib/gcc/arm-none-eabi/4.3.3/../../../../arm-none-eabi/lib/thumb2\libcr_semihost.a(_cr__main.o)
 .text          0x00000000        0x0 d:/nxp/lpcxpresso_3.6/tools/bin/../lib/gcc/arm-none-eabi/4.3.3/../../../../arm-none-eabi/lib/thumb2\libcr_c.a(__init_alloc.o)
 .data          0x00000000        0x0 d:/nxp/lpcxpresso_3.6/tools/bin/../lib/gcc/arm-none-eabi/4.3.3/../../../../arm-none-eabi/lib/thumb2\libcr_c.a(__init_alloc.o)
 .bss           0x00000000        0x0 d:/nxp/lpcxpresso_3.6/tools/bin/../lib/gcc/arm-none-eabi/4.3.3/../../../../arm-none-eabi/lib/thumb2\libcr_c.a(__init_alloc.o)
 .text._start_module__init_alloc
                0x00000000        0x0 d:/nxp/lpcxpresso_3.6/tools/bin/../lib/gcc/arm-none-eabi/4.3.3/../../../../arm-none-eabi/lib/thumb2\libcr_c.a(__init_alloc.o)
 .text._end_module__init_alloc
                0x00000000        0x0 d:/nxp/lpcxpresso_3.6/tools/bin/../lib/gcc/arm-none-eabi/4.3.3/../../../../arm-none-eabi/lib/thumb2\libcr_c.a(__init_alloc.o)
 .bss           0x00000000        0x0 d:/nxp/lpcxpresso_3.6/tools/bin/../lib/gcc/arm-none-eabi/4.3.3/../../../../arm-none-eabi/lib/thumb2\libcr_c.a(ctype.o)
 .text          0x00000000        0x0 d:/nxp/lpcxpresso_3.6/tools/bin/../lib/gcc/arm-none-eabi/4.3.3/../../../../arm-none-eabi/lib/thumb2\libcr_c.a(initio.o)
 .data          0x00000000        0x0 d:/nxp/lpcxpresso_3.6/tools/bin/../lib/gcc/arm-none-eabi/4.3.3/../../../../arm-none-eabi/lib/thumb2\libcr_c.a(initio.o)
 .bss           0x00000000        0x0 d:/nxp/lpcxpresso_3.6/tools/bin/../lib/gcc/arm-none-eabi/4.3.3/../../../../arm-none-eabi/lib/thumb2\libcr_c.a(initio.o)
 .text._start_module_initio
                0x00000000        0x0 d:/nxp/lpcxpresso_3.6/tools/bin/../lib/gcc/arm-none-eabi/4.3.3/../../../../arm-none-eabi/lib/thumb2\libcr_c.a(initio.o)
 .text._end_module_initio
                0x00000000        0x0 d:/nxp/lpcxpresso_3.6/tools/bin/../lib/gcc/arm-none-eabi/4.3.3/../../../../arm-none-eabi/lib/thumb2\libcr_c.a(initio.o)
 .text          0x00000000        0x0 d:/nxp/lpcxpresso_3.6/tools/bin/../lib/gcc/arm-none-eabi/4.3.3/../../../../arm-none-eabi/lib/thumb2\libcr_c.a(memset.o)
 .data          0x00000000        0x0 d:/nxp/lpcxpresso_3.6/tools/bin/../lib/gcc/arm-none-eabi/4.3.3/../../../../arm-none-eabi/lib/thumb2\libcr_c.a(memset.o)
 .bss           0x00000000        0x0 d:/nxp/lpcxpresso_3.6/tools/bin/../lib/gcc/arm-none-eabi/4.3.3/../../../../arm-none-eabi/lib/thumb2\libcr_c.a(memset.o)
 .text._start_module_memset
                0x00000000        0x0 d:/nxp/lpcxpresso_3.6/tools/bin/../lib/gcc/arm-none-eabi/4.3.3/../../../../arm-none-eabi/lib/thumb2\libcr_c.a(memset.o)
 .text._end_module_memset
                0x00000000        0x0 d:/nxp/lpcxpresso_3.6/tools/bin/../lib/gcc/arm-none-eabi/4.3.3/../../../../arm-none-eabi/lib/thumb2\libcr_c.a(memset.o)
 .text          0x00000000        0x0 d:/nxp/lpcxpresso_3.6/tools/bin/../lib/gcc/arm-none-eabi/4.3.3/../../../../arm-none-eabi/lib/thumb2\libcr_c.a(setvbuf.o)
 .data          0x00000000        0x0 d:/nxp/lpcxpresso_3.6/tools/bin/../lib/gcc/arm-none-eabi/4.3.3/../../../../arm-none-eabi/lib/thumb2\libcr_c.a(setvbuf.o)
 .bss           0x00000000        0x0 d:/nxp/lpcxpresso_3.6/tools/bin/../lib/gcc/arm-none-eabi/4.3.3/../../../../arm-none-eabi/lib/thumb2\libcr_c.a(setvbuf.o)
 .text._start_module_setvbuf
                0x00000000        0x0 d:/nxp/lpcxpresso_3.6/tools/bin/../lib/gcc/arm-none-eabi/4.3.3/../../../../arm-none-eabi/lib/thumb2\libcr_c.a(setvbuf.o)
 .text._end_module_setvbuf
                0x00000000        0x0 d:/nxp/lpcxpresso_3.6/tools/bin/../lib/gcc/arm-none-eabi/4.3.3/../../../../arm-none-eabi/lib/thumb2\libcr_c.a(setvbuf.o)
 .text          0x00000000        0x0 d:/nxp/lpcxpresso_3.6/tools/bin/../lib/gcc/arm-none-eabi/4.3.3/../../../../arm-none-eabi/lib/thumb2\libcr_c.a(stdio.o)
 .data          0x00000000        0x0 d:/nxp/lpcxpresso_3.6/tools/bin/../lib/gcc/arm-none-eabi/4.3.3/../../../../arm-none-eabi/lib/thumb2\libcr_c.a(stdio.o)
 .bss           0x00000000        0x0 d:/nxp/lpcxpresso_3.6/tools/bin/../lib/gcc/arm-none-eabi/4.3.3/../../../../arm-none-eabi/lib/thumb2\libcr_c.a(stdio.o)
 .text._start_module_stdio
                0x00000000        0x0 d:/nxp/lpcxpresso_3.6/tools/bin/../lib/gcc/arm-none-eabi/4.3.3/../../../../arm-none-eabi/lib/thumb2\libcr_c.a(stdio.o)
 .text.feof     0x00000000        0x0 d:/nxp/lpcxpresso_3.6/tools/bin/../lib/gcc/arm-none-eabi/4.3.3/../../../../arm-none-eabi/lib/thumb2\libcr_c.a(stdio.o)
 .text.ferror   0x00000000        0x0 d:/nxp/lpcxpresso_3.6/tools/bin/../lib/gcc/arm-none-eabi/4.3.3/../../../../arm-none-eabi/lib/thumb2\libcr_c.a(stdio.o)
 .text.clearerr
                0x00000000        0x0 d:/nxp/lpcxpresso_3.6/tools/bin/../lib/gcc/arm-none-eabi/4.3.3/../../../../arm-none-eabi/lib/thumb2\libcr_c.a(stdio.o)
 .text._end_module_stdio
                0x00000000        0x0 d:/nxp/lpcxpresso_3.6/tools/bin/../lib/gcc/arm-none-eabi/4.3.3/../../../../arm-none-eabi/lib/thumb2\libcr_c.a(stdio.o)
 .text.putchar  0x00000000        0x0 d:/nxp/lpcxpresso_3.6/tools/bin/../lib/gcc/arm-none-eabi/4.3.3/../../../../arm-none-eabi/lib/thumb2\libcr_c.a(stdio.o)
 .text.putc     0x00000000        0x0 d:/nxp/lpcxpresso_3.6/tools/bin/../lib/gcc/arm-none-eabi/4.3.3/../../../../arm-none-eabi/lib/thumb2\libcr_c.a(stdio.o)
 .text.fputc    0x00000000        0x0 d:/nxp/lpcxpresso_3.6/tools/bin/../lib/gcc/arm-none-eabi/4.3.3/../../../../arm-none-eabi/lib/thumb2\libcr_c.a(stdio.o)
 .text.getchar  0x00000000        0x0 d:/nxp/lpcxpresso_3.6/tools/bin/../lib/gcc/arm-none-eabi/4.3.3/../../../../arm-none-eabi/lib/thumb2\libcr_c.a(stdio.o)
 .text.getc     0x00000000        0x0 d:/nxp/lpcxpresso_3.6/tools/bin/../lib/gcc/arm-none-eabi/4.3.3/../../../../arm-none-eabi/lib/thumb2\libcr_c.a(stdio.o)
 .text.fgetc    0x00000000        0x0 d:/nxp/lpcxpresso_3.6/tools/bin/../lib/gcc/arm-none-eabi/4.3.3/../../../../arm-none-eabi/lib/thumb2\libcr_c.a(stdio.o)
 .text          0x00000000        0x0 d:/nxp/lpcxpresso_3.6/tools/bin/../lib/gcc/arm-none-eabi/4.3.3/../../../../arm-none-eabi/lib/thumb2\libcr_c.a(stdlib.o)
 .data          0x00000000        0x0 d:/nxp/lpcxpresso_3.6/tools/bin/../lib/gcc/arm-none-eabi/4.3.3/../../../../arm-none-eabi/lib/thumb2\libcr_c.a(stdlib.o)
 .bss           0x00000000        0x0 d:/nxp/lpcxpresso_3.6/tools/bin/../lib/gcc/arm-none-eabi/4.3.3/../../../../arm-none-eabi/lib/thumb2\libcr_c.a(stdlib.o)
 .text._start_module_stdlib
                0x00000000        0x0 d:/nxp/lpcxpresso_3.6/tools/bin/../lib/gcc/arm-none-eabi/4.3.3/../../../../arm-none-eabi/lib/thumb2\libcr_c.a(stdlib.o)
 .text.__rand   0x00000000        0x0 d:/nxp/lpcxpresso_3.6/tools/bin/../lib/gcc/arm-none-eabi/4.3.3/../../../../arm-none-eabi/lib/thumb2\libcr_c.a(stdlib.o)
 .text.__srand  0x00000000        0x0 d:/nxp/lpcxpresso_3.6/tools/bin/../lib/gcc/arm-none-eabi/4.3.3/../../../../arm-none-eabi/lib/thumb2\libcr_c.a(stdlib.o)
 .text.rand     0x00000000        0x0 d:/nxp/lpcxpresso_3.6/tools/bin/../lib/gcc/arm-none-eabi/4.3.3/../../../../arm-none-eabi/lib/thumb2\libcr_c.a(stdlib.o)
 .text.srand    0x00000000        0x0 d:/nxp/lpcxpresso_3.6/tools/bin/../lib/gcc/arm-none-eabi/4.3.3/../../../../arm-none-eabi/lib/thumb2\libcr_c.a(stdlib.o)
 .text.atexit   0x00000000        0x0 d:/nxp/lpcxpresso_3.6/tools/bin/../lib/gcc/arm-none-eabi/4.3.3/../../../../arm-none-eabi/lib/thumb2\libcr_c.a(stdlib.o)
 .text.abs      0x00000000        0x0 d:/nxp/lpcxpresso_3.6/tools/bin/../lib/gcc/arm-none-eabi/4.3.3/../../../../arm-none-eabi/lib/thumb2\libcr_c.a(stdlib.o)
 .text.labs     0x00000000        0x0 d:/nxp/lpcxpresso_3.6/tools/bin/../lib/gcc/arm-none-eabi/4.3.3/../../../../arm-none-eabi/lib/thumb2\libcr_c.a(stdlib.o)
 .text.div      0x00000000        0x0 d:/nxp/lpcxpresso_3.6/tools/bin/../lib/gcc/arm-none-eabi/4.3.3/../../../../arm-none-eabi/lib/thumb2\libcr_c.a(stdlib.o)
 .text.ldiv     0x00000000        0x0 d:/nxp/lpcxpresso_3.6/tools/bin/../lib/gcc/arm-none-eabi/4.3.3/../../../../arm-none-eabi/lib/thumb2\libcr_c.a(stdlib.o)
 .text._end_module_stdlib
                0x00000000        0x0 d:/nxp/lpcxpresso_3.6/tools/bin/../lib/gcc/arm-none-eabi/4.3.3/../../../../arm-none-eabi/lib/thumb2\libcr_c.a(stdlib.o)
 .text.abort    0x00000000        0x0 d:/nxp/lpcxpresso_3.6/tools/bin/../lib/gcc/arm-none-eabi/4.3.3/../../../../arm-none-eabi/lib/thumb2\libcr_c.a(stdlib.o)
 .data.next     0x00000000        0x0 d:/nxp/lpcxpresso_3.6/tools/bin/../lib/gcc/arm-none-eabi/4.3.3/../../../../arm-none-eabi/lib/thumb2\libcr_c.a(stdlib.o)
 .data._random_number_seed
                0x00000000        0x0 d:/nxp/lpcxpresso_3.6/tools/bin/../lib/gcc/arm-none-eabi/4.3.3/../../../../arm-none-eabi/lib/thumb2\libcr_c.a(stdlib.o)
 .data._random_j
                0x00000000        0x0 d:/nxp/lpcxpresso_3.6/tools/bin/../lib/gcc/arm-none-eabi/4.3.3/../../../../arm-none-eabi/lib/thumb2\libcr_c.a(stdlib.o)
 .data._random_k
                0x00000000        0x0 d:/nxp/lpcxpresso_3.6/tools/bin/../lib/gcc/arm-none-eabi/4.3.3/../../../../arm-none-eabi/lib/thumb2\libcr_c.a(stdlib.o)
 .text          0x00000000        0x0 d:/nxp/lpcxpresso_3.6/tools/bin/../lib/gcc/arm-none-eabi/4.3.3/../../../../arm-none-eabi/lib/thumb2\libcr_c.a(__fillbuf.o)
 .data          0x00000000        0x0 d:/nxp/lpcxpresso_3.6/tools/bin/../lib/gcc/arm-none-eabi/4.3.3/../../../../arm-none-eabi/lib/thumb2\libcr_c.a(__fillbuf.o)
 .bss           0x00000000        0x0 d:/nxp/lpcxpresso_3.6/tools/bin/../lib/gcc/arm-none-eabi/4.3.3/../../../../arm-none-eabi/lib/thumb2\libcr_c.a(__fillbuf.o)
 .text._start_module___filbuf
                0x00000000        0x0 d:/nxp/lpcxpresso_3.6/tools/bin/../lib/gcc/arm-none-eabi/4.3.3/../../../../arm-none-eabi/lib/thumb2\libcr_c.a(__fillbuf.o)
 .text._end_module___filbuf
                0x00000000        0x0 d:/nxp/lpcxpresso_3.6/tools/bin/../lib/gcc/arm-none-eabi/4.3.3/../../../../arm-none-eabi/lib/thumb2\libcr_c.a(__fillbuf.o)
 .text.__filbuf
                0x00000000        0x0 d:/nxp/lpcxpresso_3.6/tools/bin/../lib/gcc/arm-none-eabi/4.3.3/../../../../arm-none-eabi/lib/thumb2\libcr_c.a(__fillbuf.o)
 .text._fillb2  0x00000000        0x0 d:/nxp/lpcxpresso_3.6/tools/bin/../lib/gcc/arm-none-eabi/4.3.3/../../../../arm-none-eabi/lib/thumb2\libcr_c.a(__fillbuf.o)
 .rodata.str1.4
                0x00000000        0x0 d:/nxp/lpcxpresso_3.6/tools/bin/../lib/gcc/arm-none-eabi/4.3.3/../../../../arm-none-eabi/lib/thumb2\libcr_c.a(__fillbuf.o)
 .text          0x00000000        0x0 d:/nxp/lpcxpresso_3.6/tools/bin/../lib/gcc/arm-none-eabi/4.3.3/../../../../arm-none-eabi/lib/thumb2\libcr_c.a(_deferredlazyseek.o)
 .data          0x00000000        0x0 d:/nxp/lpcxpresso_3.6/tools/bin/../lib/gcc/arm-none-eabi/4.3.3/../../../../arm-none-eabi/lib/thumb2\libcr_c.a(_deferredlazyseek.o)
 .bss           0x00000000        0x0 d:/nxp/lpcxpresso_3.6/tools/bin/../lib/gcc/arm-none-eabi/4.3.3/../../../../arm-none-eabi/lib/thumb2\libcr_c.a(_deferredlazyseek.o)
 .text._start_module__deferred_lazy_seek
                0x00000000        0x0 d:/nxp/lpcxpresso_3.6/tools/bin/../lib/gcc/arm-none-eabi/4.3.3/../../../../arm-none-eabi/lib/thumb2\libcr_c.a(_deferredlazyseek.o)
 .text._end_module__deferred_lazy_seek
                0x00000000        0x0 d:/nxp/lpcxpresso_3.6/tools/bin/../lib/gcc/arm-none-eabi/4.3.3/../../../../arm-none-eabi/lib/thumb2\libcr_c.a(_deferredlazyseek.o)
 .text.__flsbuf
                0x00000000        0x0 d:/nxp/lpcxpresso_3.6/tools/bin/../lib/gcc/arm-none-eabi/4.3.3/../../../../arm-none-eabi/lib/thumb2\libcr_c.a(_deferredlazyseek.o)
 .text          0x00000000        0x0 d:/nxp/lpcxpresso_3.6/tools/bin/../lib/gcc/arm-none-eabi/4.3.3/../../../../arm-none-eabi/lib/thumb2\libcr_c.a(_fdopen.o)
 .data          0x00000000        0x0 d:/nxp/lpcxpresso_3.6/tools/bin/../lib/gcc/arm-none-eabi/4.3.3/../../../../arm-none-eabi/lib/thumb2\libcr_c.a(_fdopen.o)
 .bss           0x00000000        0x0 d:/nxp/lpcxpresso_3.6/tools/bin/../lib/gcc/arm-none-eabi/4.3.3/../../../../arm-none-eabi/lib/thumb2\libcr_c.a(_fdopen.o)
 .text._start_module_fdopen
                0x00000000        0x0 d:/nxp/lpcxpresso_3.6/tools/bin/../lib/gcc/arm-none-eabi/4.3.3/../../../../arm-none-eabi/lib/thumb2\libcr_c.a(_fdopen.o)
 .text._end_module_fdopen
                0x00000000        0x0 d:/nxp/lpcxpresso_3.6/tools/bin/../lib/gcc/arm-none-eabi/4.3.3/../../../../arm-none-eabi/lib/thumb2\libcr_c.a(_fdopen.o)
 .text          0x00000000        0x0 d:/nxp/lpcxpresso_3.6/tools/bin/../lib/gcc/arm-none-eabi/4.3.3/../../../../arm-none-eabi/lib/thumb2\libcr_c.a(_fflush.o)
 .data          0x00000000        0x0 d:/nxp/lpcxpresso_3.6/tools/bin/../lib/gcc/arm-none-eabi/4.3.3/../../../../arm-none-eabi/lib/thumb2\libcr_c.a(_fflush.o)
 .bss           0x00000000        0x0 d:/nxp/lpcxpresso_3.6/tools/bin/../lib/gcc/arm-none-eabi/4.3.3/../../../../arm-none-eabi/lib/thumb2\libcr_c.a(_fflush.o)
 .text._start_module__fflush
                0x00000000        0x0 d:/nxp/lpcxpresso_3.6/tools/bin/../lib/gcc/arm-none-eabi/4.3.3/../../../../arm-none-eabi/lib/thumb2\libcr_c.a(_fflush.o)
 .text._end_module__fflush
                0x00000000        0x0 d:/nxp/lpcxpresso_3.6/tools/bin/../lib/gcc/arm-none-eabi/4.3.3/../../../../arm-none-eabi/lib/thumb2\libcr_c.a(_fflush.o)
 .text          0x00000000        0x0 d:/nxp/lpcxpresso_3.6/tools/bin/../lib/gcc/arm-none-eabi/4.3.3/../../../../arm-none-eabi/lib/thumb2\libcr_c.a(_writebuf.o)
 .data          0x00000000        0x0 d:/nxp/lpcxpresso_3.6/tools/bin/../lib/gcc/arm-none-eabi/4.3.3/../../../../arm-none-eabi/lib/thumb2\libcr_c.a(_writebuf.o)
 .bss           0x00000000        0x0 d:/nxp/lpcxpresso_3.6/tools/bin/../lib/gcc/arm-none-eabi/4.3.3/../../../../arm-none-eabi/lib/thumb2\libcr_c.a(_writebuf.o)
 .text._start_module__Cwritebuf
                0x00000000        0x0 d:/nxp/lpcxpresso_3.6/tools/bin/../lib/gcc/arm-none-eabi/4.3.3/../../../../arm-none-eabi/lib/thumb2\libcr_c.a(_writebuf.o)
 .text._end_module__Cwritebuf
                0x00000000        0x0 d:/nxp/lpcxpresso_3.6/tools/bin/../lib/gcc/arm-none-eabi/4.3.3/../../../../arm-none-eabi/lib/thumb2\libcr_c.a(_writebuf.o)
 .text          0x00000000        0x0 d:/nxp/lpcxpresso_3.6/tools/bin/../lib/gcc/arm-none-eabi/4.3.3/../../../../arm-none-eabi/lib/thumb2\libcr_c.a(alloc.o)
 .data          0x00000000        0x0 d:/nxp/lpcxpresso_3.6/tools/bin/../lib/gcc/arm-none-eabi/4.3.3/../../../../arm-none-eabi/lib/thumb2\libcr_c.a(alloc.o)
 .bss           0x00000000        0x0 d:/nxp/lpcxpresso_3.6/tools/bin/../lib/gcc/arm-none-eabi/4.3.3/../../../../arm-none-eabi/lib/thumb2\libcr_c.a(alloc.o)
 .text._start_module_alloc
                0x00000000        0x0 d:/nxp/lpcxpresso_3.6/tools/bin/../lib/gcc/arm-none-eabi/4.3.3/../../../../arm-none-eabi/lib/thumb2\libcr_c.a(alloc.o)
 .text._end_module_alloc
                0x00000000        0x0 d:/nxp/lpcxpresso_3.6/tools/bin/../lib/gcc/arm-none-eabi/4.3.3/../../../../arm-none-eabi/lib/thumb2\libcr_c.a(alloc.o)
 .text.realloc  0x00000000        0x0 d:/nxp/lpcxpresso_3.6/tools/bin/../lib/gcc/arm-none-eabi/4.3.3/../../../../arm-none-eabi/lib/thumb2\libcr_c.a(alloc.o)
 .text._Csys_alloc
                0x00000000        0x0 d:/nxp/lpcxpresso_3.6/tools/bin/../lib/gcc/arm-none-eabi/4.3.3/../../../../arm-none-eabi/lib/thumb2\libcr_c.a(alloc.o)
 .bss.sys_message
                0x00000000        0x0 d:/nxp/lpcxpresso_3.6/tools/bin/../lib/gcc/arm-none-eabi/4.3.3/../../../../arm-none-eabi/lib/thumb2\libcr_c.a(alloc.o)
 .text          0x00000000        0x0 d:/nxp/lpcxpresso_3.6/tools/bin/../lib/gcc/arm-none-eabi/4.3.3/../../../../arm-none-eabi/lib/thumb2\libcr_c.a(error.o)
 .data          0x00000000        0x0 d:/nxp/lpcxpresso_3.6/tools/bin/../lib/gcc/arm-none-eabi/4.3.3/../../../../arm-none-eabi/lib/thumb2\libcr_c.a(error.o)
 .bss           0x00000000        0x0 d:/nxp/lpcxpresso_3.6/tools/bin/../lib/gcc/arm-none-eabi/4.3.3/../../../../arm-none-eabi/lib/thumb2\libcr_c.a(error.o)
 .text._start_module_error
                0x00000000        0x0 d:/nxp/lpcxpresso_3.6/tools/bin/../lib/gcc/arm-none-eabi/4.3.3/../../../../arm-none-eabi/lib/thumb2\libcr_c.a(error.o)
 .text.strerror
                0x00000000        0x0 d:/nxp/lpcxpresso_3.6/tools/bin/../lib/gcc/arm-none-eabi/4.3.3/../../../../arm-none-eabi/lib/thumb2\libcr_c.a(error.o)
 .text._end_module_error
                0x00000000        0x0 d:/nxp/lpcxpresso_3.6/tools/bin/../lib/gcc/arm-none-eabi/4.3.3/../../../../arm-none-eabi/lib/thumb2\libcr_c.a(error.o)
 .text.perror   0x00000000        0x0 d:/nxp/lpcxpresso_3.6/tools/bin/../lib/gcc/arm-none-eabi/4.3.3/../../../../arm-none-eabi/lib/thumb2\libcr_c.a(error.o)
 .text.__assert
                0x00000000        0x0 d:/nxp/lpcxpresso_3.6/tools/bin/../lib/gcc/arm-none-eabi/4.3.3/../../../../arm-none-eabi/lib/thumb2\libcr_c.a(error.o)
 .text          0x00000000        0x0 d:/nxp/lpcxpresso_3.6/tools/bin/../lib/gcc/arm-none-eabi/4.3.3/../../../../arm-none-eabi/lib/thumb2\libcr_c.a(fclose.o)
 .data          0x00000000        0x0 d:/nxp/lpcxpresso_3.6/tools/bin/../lib/gcc/arm-none-eabi/4.3.3/../../../../arm-none-eabi/lib/thumb2\libcr_c.a(fclose.o)
 .bss           0x00000000        0x0 d:/nxp/lpcxpresso_3.6/tools/bin/../lib/gcc/arm-none-eabi/4.3.3/../../../../arm-none-eabi/lib/thumb2\libcr_c.a(fclose.o)
 .text._start_module_fclose
                0x00000000        0x0 d:/nxp/lpcxpresso_3.6/tools/bin/../lib/gcc/arm-none-eabi/4.3.3/../../../../arm-none-eabi/lib/thumb2\libcr_c.a(fclose.o)
 .text._end_module_fclose
                0x00000000        0x0 d:/nxp/lpcxpresso_3.6/tools/bin/../lib/gcc/arm-none-eabi/4.3.3/../../../../arm-none-eabi/lib/thumb2\libcr_c.a(fclose.o)
 .text          0x00000000        0x0 d:/nxp/lpcxpresso_3.6/tools/bin/../lib/gcc/arm-none-eabi/4.3.3/../../../../arm-none-eabi/lib/thumb2\libcr_c.a(fflush.o)
 .data          0x00000000        0x0 d:/nxp/lpcxpresso_3.6/tools/bin/../lib/gcc/arm-none-eabi/4.3.3/../../../../arm-none-eabi/lib/thumb2\libcr_c.a(fflush.o)
 .bss           0x00000000        0x0 d:/nxp/lpcxpresso_3.6/tools/bin/../lib/gcc/arm-none-eabi/4.3.3/../../../../arm-none-eabi/lib/thumb2\libcr_c.a(fflush.o)
 .text._start_module_fflush
                0x00000000        0x0 d:/nxp/lpcxpresso_3.6/tools/bin/../lib/gcc/arm-none-eabi/4.3.3/../../../../arm-none-eabi/lib/thumb2\libcr_c.a(fflush.o)
 .text._end_module_fflush
                0x00000000        0x0 d:/nxp/lpcxpresso_3.6/tools/bin/../lib/gcc/arm-none-eabi/4.3.3/../../../../arm-none-eabi/lib/thumb2\libcr_c.a(fflush.o)
 .text          0x00000000        0x0 d:/nxp/lpcxpresso_3.6/tools/bin/../lib/gcc/arm-none-eabi/4.3.3/../../../../arm-none-eabi/lib/thumb2\libcr_c.a(fputs.o)
 .data          0x00000000        0x0 d:/nxp/lpcxpresso_3.6/tools/bin/../lib/gcc/arm-none-eabi/4.3.3/../../../../arm-none-eabi/lib/thumb2\libcr_c.a(fputs.o)
 .bss           0x00000000        0x0 d:/nxp/lpcxpresso_3.6/tools/bin/../lib/gcc/arm-none-eabi/4.3.3/../../../../arm-none-eabi/lib/thumb2\libcr_c.a(fputs.o)
 .text._start_module_fputs
                0x00000000        0x0 d:/nxp/lpcxpresso_3.6/tools/bin/../lib/gcc/arm-none-eabi/4.3.3/../../../../arm-none-eabi/lib/thumb2\libcr_c.a(fputs.o)
 .text._end_module_fputs
                0x00000000        0x0 d:/nxp/lpcxpresso_3.6/tools/bin/../lib/gcc/arm-none-eabi/4.3.3/../../../../arm-none-eabi/lib/thumb2\libcr_c.a(fputs.o)
 .text.fputs    0x00000000        0x0 d:/nxp/lpcxpresso_3.6/tools/bin/../lib/gcc/arm-none-eabi/4.3.3/../../../../arm-none-eabi/lib/thumb2\libcr_c.a(fputs.o)
 .text          0x00000000        0x0 d:/nxp/lpcxpresso_3.6/tools/bin/../lib/gcc/arm-none-eabi/4.3.3/../../../../arm-none-eabi/lib/thumb2\libcr_c.a(fseek.o)
 .data          0x00000000        0x0 d:/nxp/lpcxpresso_3.6/tools/bin/../lib/gcc/arm-none-eabi/4.3.3/../../../../arm-none-eabi/lib/thumb2\libcr_c.a(fseek.o)
 .bss           0x00000000        0x0 d:/nxp/lpcxpresso_3.6/tools/bin/../lib/gcc/arm-none-eabi/4.3.3/../../../../arm-none-eabi/lib/thumb2\libcr_c.a(fseek.o)
 .text._start_module_fseek
                0x00000000        0x0 d:/nxp/lpcxpresso_3.6/tools/bin/../lib/gcc/arm-none-eabi/4.3.3/../../../../arm-none-eabi/lib/thumb2\libcr_c.a(fseek.o)
 .text._end_module_fseek
                0x00000000        0x0 d:/nxp/lpcxpresso_3.6/tools/bin/../lib/gcc/arm-none-eabi/4.3.3/../../../../arm-none-eabi/lib/thumb2\libcr_c.a(fseek.o)
 .text          0x00000000        0x0 d:/nxp/lpcxpresso_3.6/tools/bin/../lib/gcc/arm-none-eabi/4.3.3/../../../../arm-none-eabi/lib/thumb2\libcr_c.a(ftell.o)
 .data          0x00000000        0x0 d:/nxp/lpcxpresso_3.6/tools/bin/../lib/gcc/arm-none-eabi/4.3.3/../../../../arm-none-eabi/lib/thumb2\libcr_c.a(ftell.o)
 .bss           0x00000000        0x0 d:/nxp/lpcxpresso_3.6/tools/bin/../lib/gcc/arm-none-eabi/4.3.3/../../../../arm-none-eabi/lib/thumb2\libcr_c.a(ftell.o)
 .text._start_module_ftell
                0x00000000        0x0 d:/nxp/lpcxpresso_3.6/tools/bin/../lib/gcc/arm-none-eabi/4.3.3/../../../../arm-none-eabi/lib/thumb2\libcr_c.a(ftell.o)
 .text._end_module_ftell
                0x00000000        0x0 d:/nxp/lpcxpresso_3.6/tools/bin/../lib/gcc/arm-none-eabi/4.3.3/../../../../arm-none-eabi/lib/thumb2\libcr_c.a(ftell.o)
 .text          0x00000000        0x0 d:/nxp/lpcxpresso_3.6/tools/bin/../lib/gcc/arm-none-eabi/4.3.3/../../../../arm-none-eabi/lib/thumb2\libcr_c.a(memcpy.o)
 .data          0x00000000        0x0 d:/nxp/lpcxpresso_3.6/tools/bin/../lib/gcc/arm-none-eabi/4.3.3/../../../../arm-none-eabi/lib/thumb2\libcr_c.a(memcpy.o)
 .bss           0x00000000        0x0 d:/nxp/lpcxpresso_3.6/tools/bin/../lib/gcc/arm-none-eabi/4.3.3/../../../../arm-none-eabi/lib/thumb2\libcr_c.a(memcpy.o)
 .text._start_module_memcpy
                0x00000000        0x0 d:/nxp/lpcxpresso_3.6/tools/bin/../lib/gcc/arm-none-eabi/4.3.3/../../../../arm-none-eabi/lib/thumb2\libcr_c.a(memcpy.o)
 .text.memcpy   0x00000000        0x0 d:/nxp/lpcxpresso_3.6/tools/bin/../lib/gcc/arm-none-eabi/4.3.3/../../../../arm-none-eabi/lib/thumb2\libcr_c.a(memcpy.o)
 .text._end_module_memcpy
                0x00000000        0x0 d:/nxp/lpcxpresso_3.6/tools/bin/../lib/gcc/arm-none-eabi/4.3.3/../../../../arm-none-eabi/lib/thumb2\libcr_c.a(memcpy.o)
 .text          0x00000000        0x0 d:/nxp/lpcxpresso_3.6/tools/bin/../lib/gcc/arm-none-eabi/4.3.3/../../../../arm-none-eabi/lib/thumb2\libcr_c.a(raise.o)
 .data          0x00000000        0x0 d:/nxp/lpcxpresso_3.6/tools/bin/../lib/gcc/arm-none-eabi/4.3.3/../../../../arm-none-eabi/lib/thumb2\libcr_c.a(raise.o)
 .bss           0x00000000        0x0 d:/nxp/lpcxpresso_3.6/tools/bin/../lib/gcc/arm-none-eabi/4.3.3/../../../../arm-none-eabi/lib/thumb2\libcr_c.a(raise.o)
 .text._start_module_raise
                0x00000000        0x0 d:/nxp/lpcxpresso_3.6/tools/bin/../lib/gcc/arm-none-eabi/4.3.3/../../../../arm-none-eabi/lib/thumb2\libcr_c.a(raise.o)
 .text._end_module_raise
                0x00000000        0x0 d:/nxp/lpcxpresso_3.6/tools/bin/../lib/gcc/arm-none-eabi/4.3.3/../../../../arm-none-eabi/lib/thumb2\libcr_c.a(raise.o)
 .text.raise    0x00000000        0x0 d:/nxp/lpcxpresso_3.6/tools/bin/../lib/gcc/arm-none-eabi/4.3.3/../../../../arm-none-eabi/lib/thumb2\libcr_c.a(raise.o)
 .text          0x00000000        0x0 d:/nxp/lpcxpresso_3.6/tools/bin/../lib/gcc/arm-none-eabi/4.3.3/../../../../arm-none-eabi/lib/thumb2\libcr_c.a(remove.o)
 .data          0x00000000        0x0 d:/nxp/lpcxpresso_3.6/tools/bin/../lib/gcc/arm-none-eabi/4.3.3/../../../../arm-none-eabi/lib/thumb2\libcr_c.a(remove.o)
 .bss           0x00000000        0x0 d:/nxp/lpcxpresso_3.6/tools/bin/../lib/gcc/arm-none-eabi/4.3.3/../../../../arm-none-eabi/lib/thumb2\libcr_c.a(remove.o)
 .text._start_module_remove
                0x00000000        0x0 d:/nxp/lpcxpresso_3.6/tools/bin/../lib/gcc/arm-none-eabi/4.3.3/../../../../arm-none-eabi/lib/thumb2\libcr_c.a(remove.o)
 .text._end_module_remove
                0x00000000        0x0 d:/nxp/lpcxpresso_3.6/tools/bin/../lib/gcc/arm-none-eabi/4.3.3/../../../../arm-none-eabi/lib/thumb2\libcr_c.a(remove.o)
 .text.rename   0x00000000        0x0 d:/nxp/lpcxpresso_3.6/tools/bin/../lib/gcc/arm-none-eabi/4.3.3/../../../../arm-none-eabi/lib/thumb2\libcr_c.a(remove.o)
 .text          0x00000000        0x0 d:/nxp/lpcxpresso_3.6/tools/bin/../lib/gcc/arm-none-eabi/4.3.3/../../../../arm-none-eabi/lib/thumb2\libcr_c.a(strcpy.o)
 .data          0x00000000        0x0 d:/nxp/lpcxpresso_3.6/tools/bin/../lib/gcc/arm-none-eabi/4.3.3/../../../../arm-none-eabi/lib/thumb2\libcr_c.a(strcpy.o)
 .bss           0x00000000        0x0 d:/nxp/lpcxpresso_3.6/tools/bin/../lib/gcc/arm-none-eabi/4.3.3/../../../../arm-none-eabi/lib/thumb2\libcr_c.a(strcpy.o)
 .text._start_module_strcpy
                0x00000000        0x0 d:/nxp/lpcxpresso_3.6/tools/bin/../lib/gcc/arm-none-eabi/4.3.3/../../../../arm-none-eabi/lib/thumb2\libcr_c.a(strcpy.o)
 .text._end_module_strcpy
                0x00000000        0x0 d:/nxp/lpcxpresso_3.6/tools/bin/../lib/gcc/arm-none-eabi/4.3.3/../../../../arm-none-eabi/lib/thumb2\libcr_c.a(strcpy.o)
 .text          0x00000000        0x0 d:/nxp/lpcxpresso_3.6/tools/bin/../lib/gcc/arm-none-eabi/4.3.3/../../../../arm-none-eabi/lib/thumb2\libcr_c.a(strlen.o)
 .data          0x00000000        0x0 d:/nxp/lpcxpresso_3.6/tools/bin/../lib/gcc/arm-none-eabi/4.3.3/../../../../arm-none-eabi/lib/thumb2\libcr_c.a(strlen.o)
 .bss           0x00000000        0x0 d:/nxp/lpcxpresso_3.6/tools/bin/../lib/gcc/arm-none-eabi/4.3.3/../../../../arm-none-eabi/lib/thumb2\libcr_c.a(strlen.o)
 .text._start_module_strlen
                0x00000000        0x0 d:/nxp/lpcxpresso_3.6/tools/bin/../lib/gcc/arm-none-eabi/4.3.3/../../../../arm-none-eabi/lib/thumb2\libcr_c.a(strlen.o)
 .text._end_module_strlen
                0x00000000        0x0 d:/nxp/lpcxpresso_3.6/tools/bin/../lib/gcc/arm-none-eabi/4.3.3/../../../../arm-none-eabi/lib/thumb2\libcr_c.a(strlen.o)
 .text          0x00000000        0x0 d:/nxp/lpcxpresso_3.6/tools/bin/../lib/gcc/arm-none-eabi/4.3.3/../../../../arm-none-eabi/lib/thumb2\libcr_c.a(_do_fflush.o)
 .data          0x00000000        0x0 d:/nxp/lpcxpresso_3.6/tools/bin/../lib/gcc/arm-none-eabi/4.3.3/../../../../arm-none-eabi/lib/thumb2\libcr_c.a(_do_fflush.o)
 .bss           0x00000000        0x0 d:/nxp/lpcxpresso_3.6/tools/bin/../lib/gcc/arm-none-eabi/4.3.3/../../../../arm-none-eabi/lib/thumb2\libcr_c.a(_do_fflush.o)
 .text._start_module__do_fflush
                0x00000000        0x0 d:/nxp/lpcxpresso_3.6/tools/bin/../lib/gcc/arm-none-eabi/4.3.3/../../../../arm-none-eabi/lib/thumb2\libcr_c.a(_do_fflush.o)
 .text._end_module__do_fflush
                0x00000000        0x0 d:/nxp/lpcxpresso_3.6/tools/bin/../lib/gcc/arm-none-eabi/4.3.3/../../../../arm-none-eabi/lib/thumb2\libcr_c.a(_do_fflush.o)
 .data          0x00000000        0x0 d:/nxp/lpcxpresso_3.6/tools/bin/../lib/gcc/arm-none-eabi/4.3.3/../../../../arm-none-eabi/lib/thumb2\libcr_semihost.a(_cr_sbrk.o)
 .bss           0x00000000        0x0 d:/nxp/lpcxpresso_3.6/tools/bin/../lib/gcc/arm-none-eabi/4.3.3/../../../../arm-none-eabi/lib/thumb2\libcr_semihost.a(_cr_sbrk.o)
 .data          0x00000000        0x0 d:/nxp/lpcxpresso_3.6/tools/bin/../lib/gcc/arm-none-eabi/4.3.3/../../../../arm-none-eabi/lib/thumb2\libcr_semihost.a(cr_sys.o)
 .data          0x00000000        0x0 d:/nxp/lpcxpresso_3.6/tools/bin/../lib/gcc/arm-none-eabi/4.3.3/../../../../arm-none-eabi/lib/thumb2\libcr_semihost.a(cr__close.o)
 .bss           0x00000000        0x0 d:/nxp/lpcxpresso_3.6/tools/bin/../lib/gcc/arm-none-eabi/4.3.3/../../../../arm-none-eabi/lib/thumb2\libcr_semihost.a(cr__close.o)
 .data          0x00000000        0x0 d:/nxp/lpcxpresso_3.6/tools/bin/../lib/gcc/arm-none-eabi/4.3.3/../../../../arm-none-eabi/lib/thumb2\libcr_semihost.a(cr__exit.o)
 .bss           0x00000000        0x0 d:/nxp/lpcxpresso_3.6/tools/bin/../lib/gcc/arm-none-eabi/4.3.3/../../../../arm-none-eabi/lib/thumb2\libcr_semihost.a(cr__exit.o)
 .data          0x00000000        0x0 d:/nxp/lpcxpresso_3.6/tools/bin/../lib/gcc/arm-none-eabi/4.3.3/../../../../arm-none-eabi/lib/thumb2\libcr_semihost.a(cr__open.o)
 .bss           0x00000000        0x0 d:/nxp/lpcxpresso_3.6/tools/bin/../lib/gcc/arm-none-eabi/4.3.3/../../../../arm-none-eabi/lib/thumb2\libcr_semihost.a(cr__open.o)
 .data          0x00000000        0x0 d:/nxp/lpcxpresso_3.6/tools/bin/../lib/gcc/arm-none-eabi/4.3.3/../../../../arm-none-eabi/lib/thumb2\libcr_semihost.a(cr__read.o)
 .bss           0x00000000        0x0 d:/nxp/lpcxpresso_3.6/tools/bin/../lib/gcc/arm-none-eabi/4.3.3/../../../../arm-none-eabi/lib/thumb2\libcr_semihost.a(cr__read.o)
 .data          0x00000000        0x0 d:/nxp/lpcxpresso_3.6/tools/bin/../lib/gcc/arm-none-eabi/4.3.3/../../../../arm-none-eabi/lib/thumb2\libcr_semihost.a(cr__readc.o)
 .bss           0x00000000        0x0 d:/nxp/lpcxpresso_3.6/tools/bin/../lib/gcc/arm-none-eabi/4.3.3/../../../../arm-none-eabi/lib/thumb2\libcr_semihost.a(cr__readc.o)
 .data          0x00000000        0x0 d:/nxp/lpcxpresso_3.6/tools/bin/../lib/gcc/arm-none-eabi/4.3.3/../../../../arm-none-eabi/lib/thumb2\libcr_semihost.a(cr__unlink.o)
 .bss           0x00000000        0x0 d:/nxp/lpcxpresso_3.6/tools/bin/../lib/gcc/arm-none-eabi/4.3.3/../../../../arm-none-eabi/lib/thumb2\libcr_semihost.a(cr__unlink.o)
 .data          0x00000000        0x0 d:/nxp/lpcxpresso_3.6/tools/bin/../lib/gcc/arm-none-eabi/4.3.3/../../../../arm-none-eabi/lib/thumb2\libcr_semihost.a(cr__write.o)
 .bss           0x00000000        0x0 d:/nxp/lpcxpresso_3.6/tools/bin/../lib/gcc/arm-none-eabi/4.3.3/../../../../arm-none-eabi/lib/thumb2\libcr_semihost.a(cr__write.o)
 .data          0x00000000        0x0 d:/nxp/lpcxpresso_3.6/tools/bin/../lib/gcc/arm-none-eabi/4.3.3/../../../../arm-none-eabi/lib/thumb2\libcr_semihost.a(cr_stubs.o)
 .bss           0x00000000        0x0 d:/nxp/lpcxpresso_3.6/tools/bin/../lib/gcc/arm-none-eabi/4.3.3/../../../../arm-none-eabi/lib/thumb2\libcr_semihost.a(cr_stubs.o)

Memory Configuration

Name             Origin             Length             Attributes
MFlash512        0x00000000         0x00020000         xr
RamLoc32         0x10000000         0x00008000         xrw
RamAHB32         0x2007c000         0x00008000         xrw
*default*        0x00000000         0xffffffff

Linker script and memory map

LOAD ./src/can.o
LOAD ./src/cantest.o
LOAD ./src/cr_startup_lpc176x.o
LOAD D:\projects\lpcxpresso\samples\1769\lpcx\CMSISv2_LPC17xx\Debug\libCMSISv2_LPC17xx.a
START GROUP
LOAD d:/nxp/lpcxpresso_3.6/tools/bin/../lib/gcc/arm-none-eabi/4.3.3/../../../../arm-none-eabi/lib/thumb2\libcr_semihost.a
LOAD d:/nxp/lpcxpresso_3.6/tools/bin/../lib/gcc/arm-none-eabi/4.3.3/../../../../arm-none-eabi/lib/thumb2\libcr_c.a
LOAD d:/nxp/lpcxpresso_3.6/tools/bin/../lib/gcc/arm-none-eabi/4.3.3/thumb2\libcr_eabihelpers.a
END GROUP
                0x00080000                __top_MFlash512 = 0x80000
                0x10008000                __top_RamLoc32 = 0x10008000
                0x20084000                __top_RamAHB32 = 0x20084000

.text           0x00000000     0x1f74
 FILL mask 0xff
 *(.isr_vector)
 .isr_vector    0x00000000       0xcc ./src/cr_startup_lpc176x.o
                0x00000000                g_pfnVectors
                0x000000cc                . = ALIGN (0x4)
                0x000000cc                __section_table_start = .
                0x000000cc                __data_section_table = .
                0x000000cc        0x4 LONG 0x1f74 LOADADDR (.data)
                0x000000d0        0x4 LONG 0x10000000 ADDR (.data)
                0x000000d4        0x4 LONG 0x208 SIZEOF (.data)
                0x000000d8        0x4 LONG 0x1f74 LOADADDR (.data_RAM2)
                0x000000dc        0x4 LONG 0x2007c000 ADDR (.data_RAM2)
                0x000000e0        0x4 LONG 0x0 SIZEOF (.data_RAM2)
                0x000000e4                __data_section_table_end = .
                0x000000e4                __bss_section_table = .
                0x000000e4        0x4 LONG 0x10000208 ADDR (.bss)
                0x000000e8        0x4 LONG 0x380 SIZEOF (.bss)
                0x000000ec        0x4 LONG 0x2007c000 ADDR (.bss_RAM2)
                0x000000f0        0x4 LONG 0x0 SIZEOF (.bss_RAM2)
                0x000000f4                __bss_section_table_end = .
                0x000000f4                __section_table_end = .
 *(.after_vectors*)
 .after_vectors
                0x000000f4       0x90 ./src/cr_startup_lpc176x.o
                0x00000130                SVCall_Handler
                0x00000140                TIMER2_IRQHandler
                0x00000134                DebugMon_Handler
                0x00000140                RIT_IRQHandler
                0x00000140                I2C0_IRQHandler
                0x00000120                HardFault_Handler
                0x0000013c                SysTick_Handler
                0x00000140                USBActivity_IRQHandler
                0x00000140                PWM1_IRQHandler
                0x00000138                PendSV_Handler
                0x0000011c                NMI_Handler
                0x00000140                I2C1_IRQHandler
                0x00000140                EINT2_IRQHandler
                0x00000140                UART1_IRQHandler
                0x00000140                EINT3_IRQHandler
                0x00000140                CANActivity_IRQHandler
                0x00000140                TIMER3_IRQHandler
                0x00000140                UART0_IRQHandler
                0x0000010c                bss_init
                0x0000012c                UsageFault_Handler
                0x00000140                IntDefaultHandler
                0x00000140                PLL0_IRQHandler
                0x00000140                PLL1_IRQHandler
                0x00000140                SSP0_IRQHandler
                0x00000140                I2S_IRQHandler
                0x00000140                I2C2_IRQHandler
                0x00000140                RTC_IRQHandler
                0x00000140                TIMER0_IRQHandler
                0x00000140                SPI_IRQHandler
                0x000000f4                data_init
                0x00000140                EINT1_IRQHandler
                0x00000140                TIMER1_IRQHandler
                0x00000140                UART2_IRQHandler
                0x00000140                ADC_IRQHandler
                0x00000140                SSP1_IRQHandler
                0x00000140                USB_IRQHandler
                0x00000140                BOD_IRQHandler
                0x00000124                MemManage_Handler
                0x00000140                WDT_IRQHandler
                0x00000140                QEI_IRQHandler
                0x00000140                EINT0_IRQHandler
                0x00000144                ResetISR
                0x00000140                DMA_IRQHandler
                0x00000128                BusFault_Handler
                0x00000140                UART3_IRQHandler
                0x00000140                MCPWM_IRQHandler
                0x00000140                ENET_IRQHandler
                0x000002fc                . = 0x2fc
 *fill*         0x00000184      0x178 ff
                0x000002fc                PROVIDE (__CRP_WORD_START__, .)
 *(.crp)
 .crp           0x000002fc        0x4 ./src/cantest.o
                0x000002fc                CRP_WORD
                0x00000300                PROVIDE (__CRP_WORD_END__, .)
                0x00000001                ASSERT (! ((__CRP_WORD_START__ == __CRP_WORD_END__)), Linker CRP Enabled, but no CRP_WORD provided within application)
 *(.text*)
 .text.CAN_ISR_Rx1
                0x00000300       0x88 ./src/can.o
                0x00000300                CAN_ISR_Rx1
 .text.CAN_ISR_Rx2
                0x00000388       0x88 ./src/can.o
                0x00000388                CAN_ISR_Rx2
 .text.CAN_IRQHandler
                0x00000410       0xcc ./src/can.o
                0x00000410                CAN_IRQHandler
 .text.CAN_Init
                0x000004dc      0x158 ./src/can.o
                0x000004dc                CAN_Init
 .text.NVIC_EnableIRQ
                0x00000634       0x38 ./src/can.o
 .text.CAN_SetACCF_Lookup
                0x0000066c      0x168 ./src/can.o
                0x0000066c                CAN_SetACCF_Lookup
 .text.CAN_SetACCF
                0x000007d4       0xb8 ./src/can.o
                0x000007d4                CAN_SetACCF
 .text.CAN1_SendMessage
                0x0000088c      0x16c ./src/can.o
                0x0000088c                CAN1_SendMessage
 .text.main     0x000009f8      0x158 ./src/cantest.o
                0x000009f8                main
 .text.SystemInit
                0x00000b50      0x1dc D:\projects\lpcxpresso\samples\1769\lpcx\CMSISv2_LPC17xx\Debug\libCMSISv2_LPC17xx.a(system_LPC17xx.o)
                0x00000b50                SystemInit
 .text.SystemClockUpdate
                0x00000d2c      0x230 D:\projects\lpcxpresso\samples\1769\lpcx\CMSISv2_LPC17xx\Debug\libCMSISv2_LPC17xx.a(system_LPC17xx.o)
                0x00000d2c                SystemClockUpdate
 .text          0x00000f5c       0x54 d:/nxp/lpcxpresso_3.6/tools/bin/../lib/gcc/arm-none-eabi/4.3.3/../../../../arm-none-eabi/lib/thumb2\libcr_semihost.a(_cr__main.o)
                0x00000f5c                __main
 .text._init_alloc
                0x00000fb0       0x18 d:/nxp/lpcxpresso_3.6/tools/bin/../lib/gcc/arm-none-eabi/4.3.3/../../../../arm-none-eabi/lib/thumb2\libcr_c.a(__init_alloc.o)
                0x00000fb0                _init_alloc
 .text          0x00000fc8      0x36c d:/nxp/lpcxpresso_3.6/tools/bin/../lib/gcc/arm-none-eabi/4.3.3/../../../../arm-none-eabi/lib/thumb2\libcr_c.a(ctype.o)
                0x00000fc8                _start_module_ctype
                0x0000109c                islower
                0x0000118c                tolower
                0x000010ec                ispunct
                0x00001114                isspace
                0x00001328                _end_module_ctype
                0x00001164                isxdigit
                0x000012a4                _ctype_init
                0x0000113c                isupper
                0x00000ffc                isalpha
                0x00001074                isgraph
                0x00000fd4                isalnum
                0x000010c4                isprint
                0x00001204                _set_ctype_8859
                0x0000104c                isdigit
                0x00001024                iscntrl
                0x000011c8                toupper
 .text._terminateio
                0x00001334       0x44 d:/nxp/lpcxpresso_3.6/tools/bin/../lib/gcc/arm-none-eabi/4.3.3/../../../../arm-none-eabi/lib/thumb2\libcr_c.a(initio.o)
                0x00001334                _terminateio
 .text._initio  0x00001378       0xc0 d:/nxp/lpcxpresso_3.6/tools/bin/../lib/gcc/arm-none-eabi/4.3.3/../../../../arm-none-eabi/lib/thumb2\libcr_c.a(initio.o)
                0x00001378                _initio
 .text.memset   0x00001438       0x50 d:/nxp/lpcxpresso_3.6/tools/bin/../lib/gcc/arm-none-eabi/4.3.3/../../../../arm-none-eabi/lib/thumb2\libcr_c.a(memset.o)
                0x00001438                memset
 .text.setvbuf  0x00001488       0x50 d:/nxp/lpcxpresso_3.6/tools/bin/../lib/gcc/arm-none-eabi/4.3.3/../../../../arm-none-eabi/lib/thumb2\libcr_c.a(setvbuf.o)
                0x00001488                setvbuf
 .text._exit_init
                0x000014d8       0x10 d:/nxp/lpcxpresso_3.6/tools/bin/../lib/gcc/arm-none-eabi/4.3.3/../../../../arm-none-eabi/lib/thumb2\libcr_c.a(stdlib.o)
                0x000014d8                _exit_init
 .text.exit     0x000014e8       0x38 d:/nxp/lpcxpresso_3.6/tools/bin/../lib/gcc/arm-none-eabi/4.3.3/../../../../arm-none-eabi/lib/thumb2\libcr_c.a(stdlib.o)
                0x000014e8                exit
 .text._deferredlazyseek
                0x00001520       0x44 d:/nxp/lpcxpresso_3.6/tools/bin/../lib/gcc/arm-none-eabi/4.3.3/../../../../arm-none-eabi/lib/thumb2\libcr_c.a(_deferredlazyseek.o)
                0x00001520                _deferredlazyseek
 .text._fdopen  0x00001564       0x70 d:/nxp/lpcxpresso_3.6/tools/bin/../lib/gcc/arm-none-eabi/4.3.3/../../../../arm-none-eabi/lib/thumb2\libcr_c.a(_fdopen.o)
                0x00001564                _fdopen
 .text._fflush  0x000015d4       0x60 d:/nxp/lpcxpresso_3.6/tools/bin/../lib/gcc/arm-none-eabi/4.3.3/../../../../arm-none-eabi/lib/thumb2\libcr_c.a(_fflush.o)
                0x000015d4                _fflush
 .text._Cwritebuf
                0x00001634       0xa0 d:/nxp/lpcxpresso_3.6/tools/bin/../lib/gcc/arm-none-eabi/4.3.3/../../../../arm-none-eabi/lib/thumb2\libcr_c.a(_writebuf.o)
                0x00001634                _Cwritebuf
 .text.free     0x000016d4        0xc d:/nxp/lpcxpresso_3.6/tools/bin/../lib/gcc/arm-none-eabi/4.3.3/../../../../arm-none-eabi/lib/thumb2\libcr_c.a(alloc.o)
                0x000016d4                free
 .text.malloc   0x000016e0       0xe8 d:/nxp/lpcxpresso_3.6/tools/bin/../lib/gcc/arm-none-eabi/4.3.3/../../../../arm-none-eabi/lib/thumb2\libcr_c.a(alloc.o)
                0x000016e0                malloc
 .text.calloc   0x000017c8       0x68 d:/nxp/lpcxpresso_3.6/tools/bin/../lib/gcc/arm-none-eabi/4.3.3/../../../../arm-none-eabi/lib/thumb2\libcr_c.a(alloc.o)
                0x000017c8                calloc
 .text._Csysdie
                0x00001830       0x3c d:/nxp/lpcxpresso_3.6/tools/bin/../lib/gcc/arm-none-eabi/4.3.3/../../../../arm-none-eabi/lib/thumb2\libcr_c.a(error.o)
                0x00001830                _Csysdie
 .text.fclose   0x0000186c       0x80 d:/nxp/lpcxpresso_3.6/tools/bin/../lib/gcc/arm-none-eabi/4.3.3/../../../../arm-none-eabi/lib/thumb2\libcr_c.a(fclose.o)
                0x0000186c                fclose
 .text.fflush   0x000018ec       0x34 d:/nxp/lpcxpresso_3.6/tools/bin/../lib/gcc/arm-none-eabi/4.3.3/../../../../arm-none-eabi/lib/thumb2\libcr_c.a(fflush.o)
                0x000018ec                fflush
 .text.fseek    0x00001920      0x110 d:/nxp/lpcxpresso_3.6/tools/bin/../lib/gcc/arm-none-eabi/4.3.3/../../../../arm-none-eabi/lib/thumb2\libcr_c.a(fseek.o)
                0x00001920                fseek
 .text.ftell    0x00001a30       0x54 d:/nxp/lpcxpresso_3.6/tools/bin/../lib/gcc/arm-none-eabi/4.3.3/../../../../arm-none-eabi/lib/thumb2\libcr_c.a(ftell.o)
                0x00001a30                ftell
 .text.remove   0x00001a84        0xc d:/nxp/lpcxpresso_3.6/tools/bin/../lib/gcc/arm-none-eabi/4.3.3/../../../../arm-none-eabi/lib/thumb2\libcr_c.a(remove.o)
                0x00001a84                remove
 .text.strcpy   0x00001a90       0x60 d:/nxp/lpcxpresso_3.6/tools/bin/../lib/gcc/arm-none-eabi/4.3.3/../../../../arm-none-eabi/lib/thumb2\libcr_c.a(strcpy.o)
                0x00001a90                strcpy
 .text.strlen   0x00001af0       0x58 d:/nxp/lpcxpresso_3.6/tools/bin/../lib/gcc/arm-none-eabi/4.3.3/../../../../arm-none-eabi/lib/thumb2\libcr_c.a(strlen.o)
                0x00001af0                strlen
 .text._do_fflush
                0x00001b48       0x48 d:/nxp/lpcxpresso_3.6/tools/bin/../lib/gcc/arm-none-eabi/4.3.3/../../../../arm-none-eabi/lib/thumb2\libcr_c.a(_do_fflush.o)
                0x00001b48                _do_fflush
 .text          0x00001b90       0x24 d:/nxp/lpcxpresso_3.6/tools/bin/../lib/gcc/arm-none-eabi/4.3.3/../../../../arm-none-eabi/lib/thumb2\libcr_semihost.a(_cr_sbrk.o)
                0x00001b90                _sbrk
 .text          0x00001bb4      0x13c d:/nxp/lpcxpresso_3.6/tools/bin/../lib/gcc/arm-none-eabi/4.3.3/../../../../arm-none-eabi/lib/thumb2\libcr_semihost.a(cr_sys.o)
                0x00001c18                _Csys_read_
                0x00001c80                _Csyscall2
                0x00001bb4                _Csyscall0
                0x00001bd8                _Csys_tmpnam_
                0x00001bd0                _Csys_open
                0x00001c38                _Csyscall3
                0x00001ca0                _Csyscall1
 .text          0x00001cf0       0x14 d:/nxp/lpcxpresso_3.6/tools/bin/../lib/gcc/arm-none-eabi/4.3.3/../../../../arm-none-eabi/lib/thumb2\libcr_semihost.a(cr__close.o)
                0x00001cf0                __close
 .text          0x00001d04       0x10 d:/nxp/lpcxpresso_3.6/tools/bin/../lib/gcc/arm-none-eabi/4.3.3/../../../../arm-none-eabi/lib/thumb2\libcr_semihost.a(cr__exit.o)
                0x00001d04                __exit
 .text          0x00001d14       0x24 d:/nxp/lpcxpresso_3.6/tools/bin/../lib/gcc/arm-none-eabi/4.3.3/../../../../arm-none-eabi/lib/thumb2\libcr_semihost.a(cr__open.o)
                0x00001d14                __open
 .text          0x00001d38       0x24 d:/nxp/lpcxpresso_3.6/tools/bin/../lib/gcc/arm-none-eabi/4.3.3/../../../../arm-none-eabi/lib/thumb2\libcr_semihost.a(cr__read.o)
                0x00001d38                __read
 .text          0x00001d5c       0x10 d:/nxp/lpcxpresso_3.6/tools/bin/../lib/gcc/arm-none-eabi/4.3.3/../../../../arm-none-eabi/lib/thumb2\libcr_semihost.a(cr__readc.o)
                0x00001d5c                __readc
 .text          0x00001d6c       0x20 d:/nxp/lpcxpresso_3.6/tools/bin/../lib/gcc/arm-none-eabi/4.3.3/../../../../arm-none-eabi/lib/thumb2\libcr_semihost.a(cr__unlink.o)
                0x00001d6c                __unlink
 .text          0x00001d8c       0x20 d:/nxp/lpcxpresso_3.6/tools/bin/../lib/gcc/arm-none-eabi/4.3.3/../../../../arm-none-eabi/lib/thumb2\libcr_semihost.a(cr__write.o)
                0x00001d8c                __write
 *fill*         0x00001dac        0x4 00
 .text          0x00001db0       0x40 d:/nxp/lpcxpresso_3.6/tools/bin/../lib/gcc/arm-none-eabi/4.3.3/../../../../arm-none-eabi/lib/thumb2\libcr_semihost.a(cr_stubs.o)
                0x00001dd4                _stub_istty
                0x00001dc8                _stub_clock
                0x00001db0                _stub_read
                0x00001dbc                _stub_tmpnam
                0x00001de2                _stub_seek
                0x00001dce                _stub_time
 *(.rodata .rodata.*)
 .rodata.str1.4
                0x00001df0        0x6 d:/nxp/lpcxpresso_3.6/tools/bin/../lib/gcc/arm-none-eabi/4.3.3/../../../../arm-none-eabi/lib/thumb2\libcr_c.a(initio.o)
                                  0x8 (size before relaxing)
 *fill*         0x00001df6        0x2 00
 .rodata.str1.4
                0x00001df8       0x63 d:/nxp/lpcxpresso_3.6/tools/bin/../lib/gcc/arm-none-eabi/4.3.3/../../../../arm-none-eabi/lib/thumb2\libcr_c.a(alloc.o)
                                 0x64 (size before relaxing)
 *fill*         0x00001e5b        0x1 00
 .rodata.str1.4
                0x00001e5c      0x10c d:/nxp/lpcxpresso_3.6/tools/bin/../lib/gcc/arm-none-eabi/4.3.3/../../../../arm-none-eabi/lib/thumb2\libcr_c.a(error.o)
                                0x110 (size before relaxing)
 .rodata.str1.1
                0x00001f68        0xc d:/nxp/lpcxpresso_3.6/tools/bin/../lib/gcc/arm-none-eabi/4.3.3/../../../../arm-none-eabi/lib/thumb2\libcr_semihost.a(cr_sys.o)
                0x00001f74                . = ALIGN (0x4)

.glue_7         0x00001f74        0x0
 .glue_7        0x00000000        0x0 linker stubs

.glue_7t        0x00001f74        0x0
 .glue_7t       0x00000000        0x0 linker stubs

.vfp11_veneer   0x00001f74        0x0
 .vfp11_veneer  0x00000000        0x0 linker stubs

.v4_bx          0x00001f74        0x0
 .v4_bx         0x00000000        0x0 linker stubs

.ARM.extab
 *(.ARM.extab* .gnu.linkonce.armextab.*)
                0x00001f74                __exidx_start = .

.ARM.exidx
 *(.ARM.exidx* .gnu.linkonce.armexidx.*)
                0x00001f74                __exidx_end = .
                0x00001f74                _etext = .

.data_RAM2      0x2007c000        0x0 load address 0x00001f74
 FILL mask 0xff
 *(.data.$RAM2*)
 *(.data.$RamAHB32*)
                0x2007c000                . = ALIGN (0x4)

.uninit_RESERVED
 *(.bss.$RESERVED*)

.data           0x10000000      0x208 load address 0x00001f74
 FILL mask 0xff
                0x10000000                _data = .
 *(vtable)
 *(.data*)
 .data          0x10000000        0x4 D:\projects\lpcxpresso\samples\1769\lpcx\CMSISv2_LPC17xx\Debug\libCMSISv2_LPC17xx.a(system_LPC17xx.o)
                0x10000000                SystemFrequency
 .data          0x10000004      0x204 d:/nxp/lpcxpresso_3.6/tools/bin/../lib/gcc/arm-none-eabi/4.3.3/../../../../arm-none-eabi/lib/thumb2\libcr_c.a(ctype.o)
                0x10000004                __ctype
                0x10000208                . = ALIGN (0x4)
                0x10000208                _edata = .

.bss_RAM2       0x2007c000        0x0
 *(.bss.$RAM2*)
 *(.bss.$RamAHB32*)
                0x2007c000                . = ALIGN (0x4)

.bss            0x10000208      0x380
                0x10000208                _bss = .
 *(.bss*)
 .bss.CAN1RxCount
                0x10000208        0x4 ./src/can.o
                0x10000208                CAN1RxCount
 .bss.CAN2RxCount
                0x1000020c        0x4 ./src/can.o
                0x1000020c                CAN2RxCount
 .bss.CAN1TxCount
                0x10000210        0x4 ./src/can.o
                0x10000210                CAN1TxCount
 .bss.CAN1ErrCount
                0x10000214        0x4 ./src/can.o
                0x10000214                CAN1ErrCount
 .bss.CAN2ErrCount
                0x10000218        0x4 ./src/can.o
                0x10000218                CAN2ErrCount
 .bss.CAN1RxDone
                0x1000021c        0x4 ./src/cantest.o
                0x1000021c                CAN1RxDone
 .bss.CAN2RxDone
                0x10000220        0x4 ./src/cantest.o
                0x10000220                CAN2RxDone
 .bss           0x10000224        0x4 d:/nxp/lpcxpresso_3.6/tools/bin/../lib/gcc/arm-none-eabi/4.3.3/../../../../arm-none-eabi/lib/thumb2\libcr_semihost.a(cr_sys.o)
 *(COMMON)
 COMMON         0x10000228        0x4 ./src/can.o
                0x10000228                CANStatus
 COMMON         0x1000022c       0x40 ./src/cantest.o
                0x1000022c                MsgBuf_TX2
                0x1000023c                MsgBuf_RX2
                0x1000024c                MsgBuf_TX1
                0x1000025c                MsgBuf_RX1
 COMMON         0x1000026c        0x8 d:/nxp/lpcxpresso_3.6/tools/bin/../lib/gcc/arm-none-eabi/4.3.3/../../../../arm-none-eabi/lib/thumb2\libcr_semihost.a(_cr__main.o)
                0x1000026c                errno
                0x10000270                _error_recursion
 COMMON         0x10000274        0x8 d:/nxp/lpcxpresso_3.6/tools/bin/../lib/gcc/arm-none-eabi/4.3.3/../../../../arm-none-eabi/lib/thumb2\libcr_c.a(__init_alloc.o)
                0x10000274                __heaps
                0x10000278                __end_of_heap
 COMMON         0x1000027c        0x4 d:/nxp/lpcxpresso_3.6/tools/bin/../lib/gcc/arm-none-eabi/4.3.3/../../../../arm-none-eabi/lib/thumb2\libcr_c.a(initio.o)
                0x1000027c                _extra
 COMMON         0x10000280      0x280 d:/nxp/lpcxpresso_3.6/tools/bin/../lib/gcc/arm-none-eabi/4.3.3/../../../../arm-none-eabi/lib/thumb2\libcr_c.a(stdio.o)
                0x10000280                __Ciob
 COMMON         0x10000500       0x88 d:/nxp/lpcxpresso_3.6/tools/bin/../lib/gcc/arm-none-eabi/4.3.3/../../../../arm-none-eabi/lib/thumb2\libcr_c.a(stdlib.o)
                0x10000500                _exitvector
                0x10000584                _number_of_exit_functions
                0x10000588                . = ALIGN (0x4)
                0x10000588                _ebss = .
                0x10000588                PROVIDE (end, .)
                0x10000588                PROVIDE (_pvHeapStart, .)
                0x10008000                PROVIDE (_vStackTop, (__top_RamLoc32 - 0x0))
OUTPUT(CAN.axf elf32-littlearm)

.debug_abbrev   0x00000000      0x4a1
 .debug_abbrev  0x00000000      0x1e8 ./src/can.o
 .debug_abbrev  0x000001e8       0xc1 ./src/cantest.o
 .debug_abbrev  0x000002a9      0x11d ./src/cr_startup_lpc176x.o
 .debug_abbrev  0x000003c6       0xdb D:\projects\lpcxpresso\samples\1769\lpcx\CMSISv2_LPC17xx\Debug\libCMSISv2_LPC17xx.a(system_LPC17xx.o)

.debug_info     0x00000000     0x1526
 .debug_info    0x00000000      0xc2e ./src/can.o
 .debug_info    0x00000c2e      0x2e5 ./src/cantest.o
 .debug_info    0x00000f13      0x2a0 ./src/cr_startup_lpc176x.o
 .debug_info    0x000011b3      0x373 D:\projects\lpcxpresso\samples\1769\lpcx\CMSISv2_LPC17xx\Debug\libCMSISv2_LPC17xx.a(system_LPC17xx.o)

.debug_line     0x00000000      0xce6
 .debug_line    0x00000000      0x3c5 ./src/can.o
 .debug_line    0x000003c5      0x353 ./src/cantest.o
 .debug_line    0x00000718      0x2d8 ./src/cr_startup_lpc176x.o
 .debug_line    0x000009f0      0x2f6 D:\projects\lpcxpresso\samples\1769\lpcx\CMSISv2_LPC17xx\Debug\libCMSISv2_LPC17xx.a(system_LPC17xx.o)

.debug_macinfo  0x00000000     0xed27
 .debug_macinfo
                0x00000000     0x41ea ./src/can.o
 .debug_macinfo
                0x000041ea     0x44d5 ./src/cantest.o
 .debug_macinfo
                0x000086bf     0x26e2 ./src/cr_startup_lpc176x.o
 .debug_macinfo
                0x0000ada1     0x3f86 D:\projects\lpcxpresso\samples\1769\lpcx\CMSISv2_LPC17xx\Debug\libCMSISv2_LPC17xx.a(system_LPC17xx.o)

.debug_frame    0x00000000      0x26c
 .debug_frame   0x00000000      0x114 ./src/can.o
 .debug_frame   0x00000114       0x2c ./src/cantest.o
 .debug_frame   0x00000140       0xe8 ./src/cr_startup_lpc176x.o
 .debug_frame   0x00000228       0x44 D:\projects\lpcxpresso\samples\1769\lpcx\CMSISv2_LPC17xx\Debug\libCMSISv2_LPC17xx.a(system_LPC17xx.o)

.debug_loc      0x00000000      0x2de
 .debug_loc     0x00000000      0x1e3 ./src/can.o
 .debug_loc     0x000001e3       0x2b ./src/cantest.o
 .debug_loc     0x0000020e       0x6e ./src/cr_startup_lpc176x.o
 .debug_loc     0x0000027c       0x62 D:\projects\lpcxpresso\samples\1769\lpcx\CMSISv2_LPC17xx\Debug\libCMSISv2_LPC17xx.a(system_LPC17xx.o)

.debug_pubnames
                0x00000000      0x2f8
 .debug_pubnames
                0x00000000      0x113 ./src/can.o
 .debug_pubnames
                0x00000113       0x82 ./src/cantest.o
 .debug_pubnames
                0x00000195      0x118 ./src/cr_startup_lpc176x.o
 .debug_pubnames
                0x000002ad       0x4b D:\projects\lpcxpresso\samples\1769\lpcx\CMSISv2_LPC17xx\Debug\libCMSISv2_LPC17xx.a(system_LPC17xx.o)

.debug_aranges  0x00000000      0x128
 .debug_aranges
                0x00000000       0x60 ./src/can.o
 .debug_aranges
                0x00000060       0x20 ./src/cantest.o
 .debug_aranges
                0x00000080       0x80 ./src/cr_startup_lpc176x.o
 .debug_aranges
                0x00000100       0x28 D:\projects\lpcxpresso\samples\1769\lpcx\CMSISv2_LPC17xx\Debug\libCMSISv2_LPC17xx.a(system_LPC17xx.o)

.debug_ranges   0x00000000      0x108
 .debug_ranges  0x00000000       0x58 ./src/can.o
 .debug_ranges  0x00000058       0x18 ./src/cantest.o
 .debug_ranges  0x00000070       0x78 ./src/cr_startup_lpc176x.o
 .debug_ranges  0x000000e8       0x20 D:\projects\lpcxpresso\samples\1769\lpcx\CMSISv2_LPC17xx\Debug\libCMSISv2_LPC17xx.a(system_LPC17xx.o)

.debug_str      0x00000000      0x938
 .debug_str     0x00000000      0x700 ./src/can.o
                                0x727 (size before relaxing)
 .debug_str     0x00000700       0x35 ./src/cantest.o
                                0x17e (size before relaxing)
 .debug_str     0x00000735      0x17a ./src/cr_startup_lpc176x.o
                                0x238 (size before relaxing)
 .debug_str     0x000008af       0x89 D:\projects\lpcxpresso\samples\1769\lpcx\CMSISv2_LPC17xx\Debug\libCMSISv2_LPC17xx.a(system_LPC17xx.o)
                                0x252 (size before relaxing)

.comment        0x00000000      0x68d
 .comment       0x00000000       0x2b ./src/can.o
 .comment       0x0000002b       0x2b ./src/cantest.o
 .comment       0x00000056       0x2b ./src/cr_startup_lpc176x.o
 .comment       0x00000081       0x2b D:\projects\lpcxpresso\samples\1769\lpcx\CMSISv2_LPC17xx\Debug\libCMSISv2_LPC17xx.a(system_LPC17xx.o)
 .comment       0x000000ac       0x2b d:/nxp/lpcxpresso_3.6/tools/bin/../lib/gcc/arm-none-eabi/4.3.3/../../../../arm-none-eabi/lib/thumb2\libcr_semihost.a(_cr__main.o)
 .comment       0x000000d7       0x2b d:/nxp/lpcxpresso_3.6/tools/bin/../lib/gcc/arm-none-eabi/4.3.3/../../../../arm-none-eabi/lib/thumb2\libcr_c.a(__init_alloc.o)
 .comment       0x00000102       0x2b d:/nxp/lpcxpresso_3.6/tools/bin/../lib/gcc/arm-none-eabi/4.3.3/../../../../arm-none-eabi/lib/thumb2\libcr_c.a(ctype.o)
 .comment       0x0000012d       0x2b d:/nxp/lpcxpresso_3.6/tools/bin/../lib/gcc/arm-none-eabi/4.3.3/../../../../arm-none-eabi/lib/thumb2\libcr_c.a(initio.o)
 .comment       0x00000158       0x2b d:/nxp/lpcxpresso_3.6/tools/bin/../lib/gcc/arm-none-eabi/4.3.3/../../../../arm-none-eabi/lib/thumb2\libcr_c.a(memset.o)
 .comment       0x00000183       0x2b d:/nxp/lpcxpresso_3.6/tools/bin/../lib/gcc/arm-none-eabi/4.3.3/../../../../arm-none-eabi/lib/thumb2\libcr_c.a(setvbuf.o)
 .comment       0x000001ae       0x2b d:/nxp/lpcxpresso_3.6/tools/bin/../lib/gcc/arm-none-eabi/4.3.3/../../../../arm-none-eabi/lib/thumb2\libcr_c.a(stdio.o)
 .comment       0x000001d9       0x2b d:/nxp/lpcxpresso_3.6/tools/bin/../lib/gcc/arm-none-eabi/4.3.3/../../../../arm-none-eabi/lib/thumb2\libcr_c.a(stdlib.o)
 .comment       0x00000204       0x2b d:/nxp/lpcxpresso_3.6/tools/bin/../lib/gcc/arm-none-eabi/4.3.3/../../../../arm-none-eabi/lib/thumb2\libcr_c.a(__fillbuf.o)
 .comment       0x0000022f       0x2b d:/nxp/lpcxpresso_3.6/tools/bin/../lib/gcc/arm-none-eabi/4.3.3/../../../../arm-none-eabi/lib/thumb2\libcr_c.a(_deferredlazyseek.o)
 .comment       0x0000025a       0x2b d:/nxp/lpcxpresso_3.6/tools/bin/../lib/gcc/arm-none-eabi/4.3.3/../../../../arm-none-eabi/lib/thumb2\libcr_c.a(_fdopen.o)
 .comment       0x00000285       0x2b d:/nxp/lpcxpresso_3.6/tools/bin/../lib/gcc/arm-none-eabi/4.3.3/../../../../arm-none-eabi/lib/thumb2\libcr_c.a(_fflush.o)
 .comment       0x000002b0       0x2b d:/nxp/lpcxpresso_3.6/tools/bin/../lib/gcc/arm-none-eabi/4.3.3/../../../../arm-none-eabi/lib/thumb2\libcr_c.a(_writebuf.o)
 .comment       0x000002db       0x2b d:/nxp/lpcxpresso_3.6/tools/bin/../lib/gcc/arm-none-eabi/4.3.3/../../../../arm-none-eabi/lib/thumb2\libcr_c.a(alloc.o)
 .comment       0x00000306       0x2b d:/nxp/lpcxpresso_3.6/tools/bin/../lib/gcc/arm-none-eabi/4.3.3/../../../../arm-none-eabi/lib/thumb2\libcr_c.a(error.o)
 .comment       0x00000331       0x2b d:/nxp/lpcxpresso_3.6/tools/bin/../lib/gcc/arm-none-eabi/4.3.3/../../../../arm-none-eabi/lib/thumb2\libcr_c.a(fclose.o)
 .comment       0x0000035c       0x2b d:/nxp/lpcxpresso_3.6/tools/bin/../lib/gcc/arm-none-eabi/4.3.3/../../../../arm-none-eabi/lib/thumb2\libcr_c.a(fflush.o)
 .comment       0x00000387       0x2b d:/nxp/lpcxpresso_3.6/tools/bin/../lib/gcc/arm-none-eabi/4.3.3/../../../../arm-none-eabi/lib/thumb2\libcr_c.a(fputs.o)
 .comment       0x000003b2       0x2b d:/nxp/lpcxpresso_3.6/tools/bin/../lib/gcc/arm-none-eabi/4.3.3/../../../../arm-none-eabi/lib/thumb2\libcr_c.a(fseek.o)
 .comment       0x000003dd       0x2b d:/nxp/lpcxpresso_3.6/tools/bin/../lib/gcc/arm-none-eabi/4.3.3/../../../../arm-none-eabi/lib/thumb2\libcr_c.a(ftell.o)
 .comment       0x00000408       0x2b d:/nxp/lpcxpresso_3.6/tools/bin/../lib/gcc/arm-none-eabi/4.3.3/../../../../arm-none-eabi/lib/thumb2\libcr_c.a(memcpy.o)
 .comment       0x00000433       0x2b d:/nxp/lpcxpresso_3.6/tools/bin/../lib/gcc/arm-none-eabi/4.3.3/../../../../arm-none-eabi/lib/thumb2\libcr_c.a(raise.o)
 .comment       0x0000045e       0x2b d:/nxp/lpcxpresso_3.6/tools/bin/../lib/gcc/arm-none-eabi/4.3.3/../../../../arm-none-eabi/lib/thumb2\libcr_c.a(remove.o)
 .comment       0x00000489       0x2b d:/nxp/lpcxpresso_3.6/tools/bin/../lib/gcc/arm-none-eabi/4.3.3/../../../../arm-none-eabi/lib/thumb2\libcr_c.a(strcpy.o)
 .comment       0x000004b4       0x2b d:/nxp/lpcxpresso_3.6/tools/bin/../lib/gcc/arm-none-eabi/4.3.3/../../../../arm-none-eabi/lib/thumb2\libcr_c.a(strlen.o)
 .comment       0x000004df       0x2b d:/nxp/lpcxpresso_3.6/tools/bin/../lib/gcc/arm-none-eabi/4.3.3/../../../../arm-none-eabi/lib/thumb2\libcr_c.a(_do_fflush.o)
 .comment       0x0000050a       0x2b d:/nxp/lpcxpresso_3.6/tools/bin/../lib/gcc/arm-none-eabi/4.3.3/../../../../arm-none-eabi/lib/thumb2\libcr_semihost.a(_cr_sbrk.o)
 .comment       0x00000535       0x2b d:/nxp/lpcxpresso_3.6/tools/bin/../lib/gcc/arm-none-eabi/4.3.3/../../../../arm-none-eabi/lib/thumb2\libcr_semihost.a(cr_sys.o)
 .comment       0x00000560       0x2b d:/nxp/lpcxpresso_3.6/tools/bin/../lib/gcc/arm-none-eabi/4.3.3/../../../../arm-none-eabi/lib/thumb2\libcr_semihost.a(cr__close.o)
 .comment       0x0000058b       0x2b d:/nxp/lpcxpresso_3.6/tools/bin/../lib/gcc/arm-none-eabi/4.3.3/../../../../arm-none-eabi/lib/thumb2\libcr_semihost.a(cr__exit.o)
 .comment       0x000005b6       0x2b d:/nxp/lpcxpresso_3.6/tools/bin/../lib/gcc/arm-none-eabi/4.3.3/../../../../arm-none-eabi/lib/thumb2\libcr_semihost.a(cr__open.o)
 .comment       0x000005e1       0x2b d:/nxp/lpcxpresso_3.6/tools/bin/../lib/gcc/arm-none-eabi/4.3.3/../../../../arm-none-eabi/lib/thumb2\libcr_semihost.a(cr__read.o)
 .comment       0x0000060c       0x2b d:/nxp/lpcxpresso_3.6/tools/bin/../lib/gcc/arm-none-eabi/4.3.3/../../../../arm-none-eabi/lib/thumb2\libcr_semihost.a(cr__readc.o)
 .comment       0x00000637       0x2b d:/nxp/lpcxpresso_3.6/tools/bin/../lib/gcc/arm-none-eabi/4.3.3/../../../../arm-none-eabi/lib/thumb2\libcr_semihost.a(cr__unlink.o)
 .comment       0x00000662       0x2b d:/nxp/lpcxpresso_3.6/tools/bin/../lib/gcc/arm-none-eabi/4.3.3/../../../../arm-none-eabi/lib/thumb2\libcr_semihost.a(cr__write.o)

.ARM.attributes
                0x00000000       0x2f
 .ARM.attributes
                0x00000000       0x31 ./src/can.o
 .ARM.attributes
                0x00000031       0x31 ./src/cantest.o
 .ARM.attributes
                0x00000062       0x31 ./src/cr_startup_lpc176x.o
 .ARM.attributes
                0x00000093       0x31 D:\projects\lpcxpresso\samples\1769\lpcx\CMSISv2_LPC17xx\Debug\libCMSISv2_LPC17xx.a(system_LPC17xx.o)
 .ARM.attributes
                0x000000c4       0x31 d:/nxp/lpcxpresso_3.6/tools/bin/../lib/gcc/arm-none-eabi/4.3.3/../../../../arm-none-eabi/lib/thumb2\libcr_semihost.a(_cr__main.o)
 .ARM.attributes
                0x000000f5       0x31 d:/nxp/lpcxpresso_3.6/tools/bin/../lib/gcc/arm-none-eabi/4.3.3/../../../../arm-none-eabi/lib/thumb2\libcr_c.a(__init_alloc.o)
 .ARM.attributes
                0x00000126       0x31 d:/nxp/lpcxpresso_3.6/tools/bin/../lib/gcc/arm-none-eabi/4.3.3/../../../../arm-none-eabi/lib/thumb2\libcr_c.a(ctype.o)
 .ARM.attributes
                0x00000157       0x31 d:/nxp/lpcxpresso_3.6/tools/bin/../lib/gcc/arm-none-eabi/4.3.3/../../../../arm-none-eabi/lib/thumb2\libcr_c.a(initio.o)
 .ARM.attributes
                0x00000188       0x31 d:/nxp/lpcxpresso_3.6/tools/bin/../lib/gcc/arm-none-eabi/4.3.3/../../../../arm-none-eabi/lib/thumb2\libcr_c.a(memset.o)
 .ARM.attributes
                0x000001b9       0x31 d:/nxp/lpcxpresso_3.6/tools/bin/../lib/gcc/arm-none-eabi/4.3.3/../../../../arm-none-eabi/lib/thumb2\libcr_c.a(setvbuf.o)
 .ARM.attributes
                0x000001ea       0x31 d:/nxp/lpcxpresso_3.6/tools/bin/../lib/gcc/arm-none-eabi/4.3.3/../../../../arm-none-eabi/lib/thumb2\libcr_c.a(stdio.o)
 .ARM.attributes
                0x0000021b       0x31 d:/nxp/lpcxpresso_3.6/tools/bin/../lib/gcc/arm-none-eabi/4.3.3/../../../../arm-none-eabi/lib/thumb2\libcr_c.a(stdlib.o)
 .ARM.attributes
                0x0000024c       0x31 d:/nxp/lpcxpresso_3.6/tools/bin/../lib/gcc/arm-none-eabi/4.3.3/../../../../arm-none-eabi/lib/thumb2\libcr_c.a(__fillbuf.o)
 .ARM.attributes
                0x0000027d       0x31 d:/nxp/lpcxpresso_3.6/tools/bin/../lib/gcc/arm-none-eabi/4.3.3/../../../../arm-none-eabi/lib/thumb2\libcr_c.a(_deferredlazyseek.o)
 .ARM.attributes
                0x000002ae       0x31 d:/nxp/lpcxpresso_3.6/tools/bin/../lib/gcc/arm-none-eabi/4.3.3/../../../../arm-none-eabi/lib/thumb2\libcr_c.a(_fdopen.o)
 .ARM.attributes
                0x000002df       0x31 d:/nxp/lpcxpresso_3.6/tools/bin/../lib/gcc/arm-none-eabi/4.3.3/../../../../arm-none-eabi/lib/thumb2\libcr_c.a(_fflush.o)
 .ARM.attributes
                0x00000310       0x31 d:/nxp/lpcxpresso_3.6/tools/bin/../lib/gcc/arm-none-eabi/4.3.3/../../../../arm-none-eabi/lib/thumb2\libcr_c.a(_writebuf.o)
 .ARM.attributes
                0x00000341       0x31 d:/nxp/lpcxpresso_3.6/tools/bin/../lib/gcc/arm-none-eabi/4.3.3/../../../../arm-none-eabi/lib/thumb2\libcr_c.a(alloc.o)
 .ARM.attributes
                0x00000372       0x31 d:/nxp/lpcxpresso_3.6/tools/bin/../lib/gcc/arm-none-eabi/4.3.3/../../../../arm-none-eabi/lib/thumb2\libcr_c.a(error.o)
 .ARM.attributes
                0x000003a3       0x31 d:/nxp/lpcxpresso_3.6/tools/bin/../lib/gcc/arm-none-eabi/4.3.3/../../../../arm-none-eabi/lib/thumb2\libcr_c.a(fclose.o)
 .ARM.attributes
                0x000003d4       0x31 d:/nxp/lpcxpresso_3.6/tools/bin/../lib/gcc/arm-none-eabi/4.3.3/../../../../arm-none-eabi/lib/thumb2\libcr_c.a(fflush.o)
 .ARM.attributes
                0x00000405       0x31 d:/nxp/lpcxpresso_3.6/tools/bin/../lib/gcc/arm-none-eabi/4.3.3/../../../../arm-none-eabi/lib/thumb2\libcr_c.a(fputs.o)
 .ARM.attributes
                0x00000436       0x31 d:/nxp/lpcxpresso_3.6/tools/bin/../lib/gcc/arm-none-eabi/4.3.3/../../../../arm-none-eabi/lib/thumb2\libcr_c.a(fseek.o)
 .ARM.attributes
                0x00000467       0x31 d:/nxp/lpcxpresso_3.6/tools/bin/../lib/gcc/arm-none-eabi/4.3.3/../../../../arm-none-eabi/lib/thumb2\libcr_c.a(ftell.o)
 .ARM.attributes
                0x00000498       0x31 d:/nxp/lpcxpresso_3.6/tools/bin/../lib/gcc/arm-none-eabi/4.3.3/../../../../arm-none-eabi/lib/thumb2\libcr_c.a(memcpy.o)
 .ARM.attributes
                0x000004c9       0x31 d:/nxp/lpcxpresso_3.6/tools/bin/../lib/gcc/arm-none-eabi/4.3.3/../../../../arm-none-eabi/lib/thumb2\libcr_c.a(raise.o)
 .ARM.attributes
                0x000004fa       0x31 d:/nxp/lpcxpresso_3.6/tools/bin/../lib/gcc/arm-none-eabi/4.3.3/../../../../arm-none-eabi/lib/thumb2\libcr_c.a(remove.o)
 .ARM.attributes
                0x0000052b       0x31 d:/nxp/lpcxpresso_3.6/tools/bin/../lib/gcc/arm-none-eabi/4.3.3/../../../../arm-none-eabi/lib/thumb2\libcr_c.a(strcpy.o)
 .ARM.attributes
                0x0000055c       0x31 d:/nxp/lpcxpresso_3.6/tools/bin/../lib/gcc/arm-none-eabi/4.3.3/../../../../arm-none-eabi/lib/thumb2\libcr_c.a(strlen.o)
 .ARM.attributes
                0x0000058d       0x31 d:/nxp/lpcxpresso_3.6/tools/bin/../lib/gcc/arm-none-eabi/4.3.3/../../../../arm-none-eabi/lib/thumb2\libcr_c.a(_do_fflush.o)
 .ARM.attributes
                0x000005be       0x31 d:/nxp/lpcxpresso_3.6/tools/bin/../lib/gcc/arm-none-eabi/4.3.3/../../../../arm-none-eabi/lib/thumb2\libcr_semihost.a(_cr_sbrk.o)
 .ARM.attributes
                0x000005ef       0x31 d:/nxp/lpcxpresso_3.6/tools/bin/../lib/gcc/arm-none-eabi/4.3.3/../../../../arm-none-eabi/lib/thumb2\libcr_semihost.a(cr_sys.o)
 .ARM.attributes
                0x00000620       0x31 d:/nxp/lpcxpresso_3.6/tools/bin/../lib/gcc/arm-none-eabi/4.3.3/../../../../arm-none-eabi/lib/thumb2\libcr_semihost.a(cr__close.o)
 .ARM.attributes
                0x00000651       0x31 d:/nxp/lpcxpresso_3.6/tools/bin/../lib/gcc/arm-none-eabi/4.3.3/../../../../arm-none-eabi/lib/thumb2\libcr_semihost.a(cr__exit.o)
 .ARM.attributes
                0x00000682       0x31 d:/nxp/lpcxpresso_3.6/tools/bin/../lib/gcc/arm-none-eabi/4.3.3/../../../../arm-none-eabi/lib/thumb2\libcr_semihost.a(cr__open.o)
 .ARM.attributes
                0x000006b3       0x31 d:/nxp/lpcxpresso_3.6/tools/bin/../lib/gcc/arm-none-eabi/4.3.3/../../../../arm-none-eabi/lib/thumb2\libcr_semihost.a(cr__read.o)
 .ARM.attributes
                0x000006e4       0x31 d:/nxp/lpcxpresso_3.6/tools/bin/../lib/gcc/arm-none-eabi/4.3.3/../../../../arm-none-eabi/lib/thumb2\libcr_semihost.a(cr__readc.o)
 .ARM.attributes
                0x00000715       0x31 d:/nxp/lpcxpresso_3.6/tools/bin/../lib/gcc/arm-none-eabi/4.3.3/../../../../arm-none-eabi/lib/thumb2\libcr_semihost.a(cr__unlink.o)
 .ARM.attributes
                0x00000746       0x31 d:/nxp/lpcxpresso_3.6/tools/bin/../lib/gcc/arm-none-eabi/4.3.3/../../../../arm-none-eabi/lib/thumb2\libcr_semihost.a(cr__write.o)
 .ARM.attributes
                0x00000777       0x21 d:/nxp/lpcxpresso_3.6/tools/bin/../lib/gcc/arm-none-eabi/4.3.3/../../../../arm-none-eabi/lib/thumb2\libcr_semihost.a(cr_stubs.o)
