Archive member included because of file (symbol)

D:\projects\lpcxpresso\samples\1769\lpcx\CMSISv2_LPC17xx\Debug\libCMSISv2_LPC17xx.a(system_LPC17xx.o)
                              ./src/uart.o (SystemFrequency)
d:/nxp/lpcxpresso_3.6/tools/bin/../lib/gcc/arm-none-eabi/4.3.3/../../../../arm-none-eabi/lib/thumb2\libcr_semihost.a(_cr__main.o)
                              ./src/cr_startup_lpc176x.o (__main)
d:/nxp/lpcxpresso_3.6/tools/bin/../lib/gcc/arm-none-eabi/4.3.3/../../../../arm-none-eabi/lib/thumb2\libcr_c.a(__init_alloc.o)
                              d:/nxp/lpcxpresso_3.6/tools/bin/../lib/gcc/arm-none-eabi/4.3.3/../../../../arm-none-eabi/lib/thumb2\libcr_semihost.a(_cr__main.o) (_init_alloc)
d:/nxp/lpcxpresso_3.6/tools/bin/../lib/gcc/arm-none-eabi/4.3.3/../../../../arm-none-eabi/lib/thumb2\libcr_c.a(ctype.o)
                              d:/nxp/lpcxpresso_3.6/tools/bin/../lib/gcc/arm-none-eabi/4.3.3/../../../../arm-none-eabi/lib/thumb2\libcr_semihost.a(_cr__main.o) (_ctype_init)
d:/nxp/lpcxpresso_3.6/tools/bin/../lib/gcc/arm-none-eabi/4.3.3/../../../../arm-none-eabi/lib/thumb2\libcr_c.a(fpprintf.o)
                              ./src/ONTHECAN.o (sprintf)
d:/nxp/lpcxpresso_3.6/tools/bin/../lib/gcc/arm-none-eabi/4.3.3/../../../../arm-none-eabi/lib/thumb2\libcr_c.a(initio.o)
                              d:/nxp/lpcxpresso_3.6/tools/bin/../lib/gcc/arm-none-eabi/4.3.3/../../../../arm-none-eabi/lib/thumb2\libcr_semihost.a(_cr__main.o) (_terminateio)
d:/nxp/lpcxpresso_3.6/tools/bin/../lib/gcc/arm-none-eabi/4.3.3/../../../../arm-none-eabi/lib/thumb2\libcr_c.a(memset.o)
                              ./src/ONTHECAN.o (memset)
d:/nxp/lpcxpresso_3.6/tools/bin/../lib/gcc/arm-none-eabi/4.3.3/../../../../arm-none-eabi/lib/thumb2\libcr_c.a(printf.o)
                              d:/nxp/lpcxpresso_3.6/tools/bin/../lib/gcc/arm-none-eabi/4.3.3/../../../../arm-none-eabi/lib/thumb2\libcr_c.a(fpprintf.o) (__vfprintf)
d:/nxp/lpcxpresso_3.6/tools/bin/../lib/gcc/arm-none-eabi/4.3.3/../../../../arm-none-eabi/lib/thumb2\libcr_c.a(setvbuf.o)
                              d:/nxp/lpcxpresso_3.6/tools/bin/../lib/gcc/arm-none-eabi/4.3.3/../../../../arm-none-eabi/lib/thumb2\libcr_c.a(initio.o) (setvbuf)
d:/nxp/lpcxpresso_3.6/tools/bin/../lib/gcc/arm-none-eabi/4.3.3/../../../../arm-none-eabi/lib/thumb2\libcr_c.a(stdio.o)
                              d:/nxp/lpcxpresso_3.6/tools/bin/../lib/gcc/arm-none-eabi/4.3.3/../../../../arm-none-eabi/lib/thumb2\libcr_c.a(fpprintf.o) (__Ciob)
d:/nxp/lpcxpresso_3.6/tools/bin/../lib/gcc/arm-none-eabi/4.3.3/../../../../arm-none-eabi/lib/thumb2\libcr_c.a(stdlib.o)
                              d:/nxp/lpcxpresso_3.6/tools/bin/../lib/gcc/arm-none-eabi/4.3.3/../../../../arm-none-eabi/lib/thumb2\libcr_semihost.a(_cr__main.o) (_exit_init)
d:/nxp/lpcxpresso_3.6/tools/bin/../lib/gcc/arm-none-eabi/4.3.3/../../../../arm-none-eabi/lib/thumb2\libcr_c.a(strcpy.o)
                              d:/nxp/lpcxpresso_3.6/tools/bin/../lib/gcc/arm-none-eabi/4.3.3/../../../../arm-none-eabi/lib/thumb2\libcr_c.a(fpprintf.o) (strcpy)
d:/nxp/lpcxpresso_3.6/tools/bin/../lib/gcc/arm-none-eabi/4.3.3/../../../../arm-none-eabi/lib/thumb2\libcr_c.a(strlen.o)
                              d:/nxp/lpcxpresso_3.6/tools/bin/../lib/gcc/arm-none-eabi/4.3.3/../../../../arm-none-eabi/lib/thumb2\libcr_c.a(printf.o) (strlen)
d:/nxp/lpcxpresso_3.6/tools/bin/../lib/gcc/arm-none-eabi/4.3.3/../../../../arm-none-eabi/lib/thumb2\libcr_c.a(__fillbuf.o)
                              d:/nxp/lpcxpresso_3.6/tools/bin/../lib/gcc/arm-none-eabi/4.3.3/../../../../arm-none-eabi/lib/thumb2\libcr_c.a(stdio.o) (__filbuf)
d:/nxp/lpcxpresso_3.6/tools/bin/../lib/gcc/arm-none-eabi/4.3.3/../../../../arm-none-eabi/lib/thumb2\libcr_c.a(_deferredlazyseek.o)
                              d:/nxp/lpcxpresso_3.6/tools/bin/../lib/gcc/arm-none-eabi/4.3.3/../../../../arm-none-eabi/lib/thumb2\libcr_c.a(__fillbuf.o) (_deferredlazyseek)
d:/nxp/lpcxpresso_3.6/tools/bin/../lib/gcc/arm-none-eabi/4.3.3/../../../../arm-none-eabi/lib/thumb2\libcr_c.a(_fdopen.o)
                              d:/nxp/lpcxpresso_3.6/tools/bin/../lib/gcc/arm-none-eabi/4.3.3/../../../../arm-none-eabi/lib/thumb2\libcr_c.a(initio.o) (_fdopen)
d:/nxp/lpcxpresso_3.6/tools/bin/../lib/gcc/arm-none-eabi/4.3.3/../../../../arm-none-eabi/lib/thumb2\libcr_c.a(_fflush.o)
                              d:/nxp/lpcxpresso_3.6/tools/bin/../lib/gcc/arm-none-eabi/4.3.3/../../../../arm-none-eabi/lib/thumb2\libcr_c.a(__fillbuf.o) (_fflush)
d:/nxp/lpcxpresso_3.6/tools/bin/../lib/gcc/arm-none-eabi/4.3.3/../../../../arm-none-eabi/lib/thumb2\libcr_c.a(_frexpl.o)
                              d:/nxp/lpcxpresso_3.6/tools/bin/../lib/gcc/arm-none-eabi/4.3.3/../../../../arm-none-eabi/lib/thumb2\libcr_c.a(fpprintf.o) (_frexpl)
d:/nxp/lpcxpresso_3.6/tools/bin/../lib/gcc/arm-none-eabi/4.3.3/../../../../arm-none-eabi/lib/thumb2\libcr_c.a(_ldexpl.o)
[...]
Memory Configuration

Name             Origin             Length             Attributes
MFlash512        0x00000000         0x00020000         xr
RamLoc32         0x10000000         0x00008000         xrw
RamAHB32         0x2007c000         0x00008000         xrw
*default*        0x00000000         0xffffffff

Linker script and memory map

LOAD ./src/ONTHECAN.o
LOAD ./src/can.o
LOAD ./src/cr_startup_lpc176x.o
LOAD ./src/uart.o
LOAD D:\projects\lpcxpresso\samples\1769\lpcx\CMSISv2_LPC17xx\Debug\libCMSISv2_LPC17xx.a
START GROUP
LOAD d:/nxp/lpcxpresso_3.6/tools/bin/../lib/gcc/arm-none-eabi/4.3.3/../../../../arm-none-eabi/lib/thumb2\libcr_semihost.a
LOAD d:/nxp/lpcxpresso_3.6/tools/bin/../lib/gcc/arm-none-eabi/4.3.3/../../../../arm-none-eabi/lib/thumb2\libcr_c.a
LOAD d:/nxp/lpcxpresso_3.6/tools/bin/../lib/gcc/arm-none-eabi/4.3.3/thumb2\libcr_eabihelpers.a
END GROUP
                0x00080000                __top_MFlash512 = 0x80000
                0x10008000                __top_RamLoc32 = 0x10008000
                0x20084000                __top_RamAHB32 = 0x20084000

.text           0x00000000     0x5084
 FILL mask 0xff
 *(.isr_vector)
 .isr_vector    0x00000000       0xcc ./src/cr_startup_lpc176x.o
                0x00000000                g_pfnVectors
                0x000000cc                . = ALIGN (0x4)
                0x000000cc                __section_table_start = .
                0x000000cc                __data_section_table = .
                0x000000cc        0x4 LONG 0x5084 LOADADDR (.data)
                0x000000d0        0x4 LONG 0x10000000 ADDR (.data)
                0x000000d4        0x4 LONG 0x20c SIZEOF (.data)
                0x000000d8        0x4 LONG 0x5084 LOADADDR (.data_RAM2)
                0x000000dc        0x4 LONG 0x2007c000 ADDR (.data_RAM2)
                0x000000e0        0x4 LONG 0x0 SIZEOF (.data_RAM2)
                0x000000e4                __data_section_table_end = .
                0x000000e4                __bss_section_table = .
                0x000000e4        0x4 LONG 0x1000020c ADDR (.bss)
                0x000000e8        0x4 LONG 0x44c SIZEOF (.bss)
                0x000000ec        0x4 LONG 0x2007c000 ADDR (.bss_RAM2)
                0x000000f0        0x4 LONG 0x0 SIZEOF (.bss_RAM2)
                0x000000f4                __bss_section_table_end = .
                0x000000f4                __section_table_end = .
 *(.after_vectors*)
 .after_vectors
                0x000000f4       0x90 ./src/cr_startup_lpc176x.o
                0x00000130                SVCall_Handler
                0x00000140                TIMER2_IRQHandler
                0x00000134                DebugMon_Handler
                0x00000140                RIT_IRQHandler
                0x00000140                I2C0_IRQHandler
                0x00000120                HardFault_Handler
                0x0000013c                SysTick_Handler
                0x00000140                USBActivity_IRQHandler
                0x00000140                PWM1_IRQHandler
                0x00000138                PendSV_Handler
                0x0000011c                NMI_Handler
                0x00000140                I2C1_IRQHandler
                0x00000140                EINT2_IRQHandler
                0x00000140                EINT3_IRQHandler
                0x00000140                TIMER3_IRQHandler
                0x0000010c                bss_init
                0x0000012c                UsageFault_Handler
                0x00000140                IntDefaultHandler
                0x00000140                PLL0_IRQHandler
                0x00000140                PLL1_IRQHandler
                0x00000140                SSP0_IRQHandler
                0x00000140                I2S_IRQHandler
                0x00000140                I2C2_IRQHandler
                0x00000140                RTC_IRQHandler
                0x00000140                TIMER0_IRQHandler
                0x00000140                SPI_IRQHandler
                0x000000f4                data_init
                0x00000140                EINT1_IRQHandler
                0x00000140                TIMER1_IRQHandler
                0x00000140                UART2_IRQHandler
                0x00000140                ADC_IRQHandler
                0x00000140                SSP1_IRQHandler
                0x00000140                USB_IRQHandler
                0x00000140                BOD_IRQHandler
                0x00000124                MemManage_Handler
                0x00000140                WDT_IRQHandler
                0x00000140                QEI_IRQHandler
                0x00000140                EINT0_IRQHandler
                0x00000144                ResetISR
                0x00000140                DMA_IRQHandler
                0x00000128                BusFault_Handler
                0x00000140                UART3_IRQHandler
                0x00000140                MCPWM_IRQHandler
                0x00000140                ENET_IRQHandler
                0x000002fc                . = 0x2fc
 *fill*         0x00000184      0x178 ff
                0x000002fc                PROVIDE (__CRP_WORD_START__, .)
 *(.crp)
 .crp           0x000002fc        0x4 ./src/ONTHECAN.o
                0x000002fc                CRP_WORD
                0x00000300                PROVIDE (__CRP_WORD_END__, .)
                0x00000001                ASSERT (! ((__CRP_WORD_START__ == __CRP_WORD_END__)), Linker CRP Enabled, but no CRP_WORD provided within application)
 *(.text*)
 .text.CANActivity_IRQHandler
                0x00000300       0x74 ./src/ONTHECAN.o
                0x00000300                CANActivity_IRQHandler
 .text.main     0x00000374      0x2b4 ./src/ONTHECAN.o
                0x00000374                main
 .text.NVIC_EnableIRQ
                0x00000628       0x38 ./src/ONTHECAN.o
 .text.__WFI    0x00000660        0xc ./src/ONTHECAN.o
 .text.CAN_ISR_Rx1
                0x0000066c       0x88 ./src/can.o
                0x0000066c                CAN_ISR_Rx1
 .text.CAN_ISR_Rx2
                0x000006f4       0x88 ./src/can.o
                0x000006f4                CAN_ISR_Rx2
 .text.CAN_IRQHandler
                0x0000077c       0xcc ./src/can.o
                0x0000077c                CAN_IRQHandler
 .text.CAN_Init
                0x00000848      0x158 ./src/can.o
                0x00000848                CAN_Init
 .text.NVIC_EnableIRQ
                0x000009a0       0x38 ./src/can.o
 .text.CAN_SetACCF_Lookup
                0x000009d8      0x168 ./src/can.o
                0x000009d8                CAN_SetACCF_Lookup
 .text.CAN_SetACCF
                0x00000b40       0xb8 ./src/can.o
                0x00000b40                CAN_SetACCF
 .text.UART0_IRQHandler
                0x00000bf8      0x17c ./src/uart.o
                0x00000bf8                UART0_IRQHandler
 .text.UART1_IRQHandler
                0x00000d74      0x17c ./src/uart.o
                0x00000d74                UART1_IRQHandler
 .text.UARTInit
                0x00000ef0      0x14c ./src/uart.o
                0x00000ef0                UARTInit
 .text.NVIC_EnableIRQ
                0x0000103c       0x38 ./src/uart.o
 .text.UARTSend
                0x00001074       0xac ./src/uart.o
                0x00001074                UARTSend
 .text.SystemInit
                0x00001120      0x1dc D:\projects\lpcxpresso\samples\1769\lpcx\CMSISv2_LPC17xx\Debug\libCMSISv2_LPC17xx.a(system_LPC17xx.o)
                0x00001120                SystemInit
 .text.SystemClockUpdate
                0x000012fc      0x230 D:\projects\lpcxpresso\samples\1769\lpcx\CMSISv2_LPC17xx\Debug\libCMSISv2_LPC17xx.a(system_LPC17xx.o)
                0x000012fc                SystemClockUpdate
 .text          0x0000152c       0x54 d:/nxp/lpcxpresso_3.6/tools/bin/../lib/gcc/arm-none-eabi/4.3.3/../../../../arm-none-eabi/lib/thumb2\libcr_semihost.a(_cr__main.o)
                0x0000152c                __main
 .text._init_alloc
                0x00001580       0x18 d:/nxp/lpcxpresso_3.6/tools/bin/../lib/gcc/arm-none-eabi/4.3.3/../../../../arm-none-eabi/lib/thumb2\libcr_c.a(__init_alloc.o)
                0x00001580                _init_alloc
 .text          0x00001598      0x36c d:/nxp/lpcxpresso_3.6/tools/bin/../lib/gcc/arm-none-eabi/4.3.3/../../../../arm-none-eabi/lib/thumb2\libcr_c.a(ctype.o)
                0x00001598                _start_module_ctype
                0x0000166c                islower
                0x0000175c                tolower
                0x000016bc                ispunct
                0x000016e4                isspace
                0x000018f8                _end_module_ctype
                0x00001734                isxdigit
                0x00001874                _ctype_init
                0x0000170c                isupper
                0x000015cc                isalpha
                0x00001644                isgraph
                0x000015a4                isalnum
                0x00001694                isprint
                0x000017d4                _set_ctype_8859
                0x0000161c                isdigit
                0x000015f4                iscntrl
                0x00001798                toupper
 .text.fp_round
                0x00001904       0x68 d:/nxp/lpcxpresso_3.6/tools/bin/../lib/gcc/arm-none-eabi/4.3.3/../../../../arm-none-eabi/lib/thumb2\libcr_c.a(fpprintf.o)
 .text.sprintf  0x0000196c       0x70 d:/nxp/lpcxpresso_3.6/tools/bin/../lib/gcc/arm-none-eabi/4.3.3/../../../../arm-none-eabi/lib/thumb2\libcr_c.a(fpprintf.o)
                0x0000196c                sprintf
 *fill*         0x000019dc        0x4 00
 .text.fp_display
                0x000019e0      0xc68 d:/nxp/lpcxpresso_3.6/tools/bin/../lib/gcc/arm-none-eabi/4.3.3/../../../../arm-none-eabi/lib/thumb2\libcr_c.a(fpprintf.o)
 .text._terminateio
                0x00002648       0x44 d:/nxp/lpcxpresso_3.6/tools/bin/../lib/gcc/arm-none-eabi/4.3.3/../../../../arm-none-eabi/lib/thumb2\libcr_c.a(initio.o)
                0x00002648                _terminateio
 .text._initio  0x0000268c       0xc0 d:/nxp/lpcxpresso_3.6/tools/bin/../lib/gcc/arm-none-eabi/4.3.3/../../../../arm-none-eabi/lib/thumb2\libcr_c.a(initio.o)
                0x0000268c                _initio
 .text.memset   0x0000274c       0x50 d:/nxp/lpcxpresso_3.6/tools/bin/../lib/gcc/arm-none-eabi/4.3.3/../../../../arm-none-eabi/lib/thumb2\libcr_c.a(memset.o)
                0x0000274c                memset
 .text.__vfprintf
                0x0000279c     0x10fc d:/nxp/lpcxpresso_3.6/tools/bin/../lib/gcc/arm-none-eabi/4.3.3/../../../../arm-none-eabi/lib/thumb2\libcr_c.a(printf.o)
                0x0000279c                __vfprintf
 .text.setvbuf  0x00003898       0x50 d:/nxp/lpcxpresso_3.6/tools/bin/../lib/gcc/arm-none-eabi/4.3.3/../../../../arm-none-eabi/lib/thumb2\libcr_c.a(setvbuf.o)
                0x00003898                setvbuf
 .text._exit_init
                0x000038e8       0x10 d:/nxp/lpcxpresso_3.6/tools/bin/../lib/gcc/arm-none-eabi/4.3.3/../../../../arm-none-eabi/lib/thumb2\libcr_c.a(stdlib.o)
                0x000038e8                _exit_init
 .text.exit     0x000038f8       0x38 d:/nxp/lpcxpresso_3.6/tools/bin/../lib/gcc/arm-none-eabi/4.3.3/../../../../arm-none-eabi/lib/thumb2\libcr_c.a(stdlib.o)
                0x000038f8                exit
 .text.strcpy   0x00003930       0x60 d:/nxp/lpcxpresso_3.6/tools/bin/../lib/gcc/arm-none-eabi/4.3.3/../../../../arm-none-eabi/lib/thumb2\libcr_c.a(strcpy.o)
                0x00003930                strcpy
 .text.strlen   0x00003990       0x58 d:/nxp/lpcxpresso_3.6/tools/bin/../lib/gcc/arm-none-eabi/4.3.3/../../../../arm-none-eabi/lib/thumb2\libcr_c.a(strlen.o)
                0x00003990                strlen
 .text._deferredlazyseek
                0x000039e8       0x44 d:/nxp/lpcxpresso_3.6/tools/bin/../lib/gcc/arm-none-eabi/4.3.3/../../../../arm-none-eabi/lib/thumb2\libcr_c.a(_deferredlazyseek.o)
                0x000039e8                _deferredlazyseek
 .text.__flsbuf
                0x00003a2c      0x19c d:/nxp/lpcxpresso_3.6/tools/bin/../lib/gcc/arm-none-eabi/4.3.3/../../../../arm-none-eabi/lib/thumb2\libcr_c.a(_deferredlazyseek.o)
                0x00003a2c                __flsbuf
 .text._fdopen  0x00003bc8       0x70 d:/nxp/lpcxpresso_3.6/tools/bin/../lib/gcc/arm-none-eabi/4.3.3/../../../../arm-none-eabi/lib/thumb2\libcr_c.a(_fdopen.o)
                0x00003bc8                _fdopen
 .text._fflush  0x00003c38       0x60 d:/nxp/lpcxpresso_3.6/tools/bin/../lib/gcc/arm-none-eabi/4.3.3/../../../../arm-none-eabi/lib/thumb2\libcr_c.a(_fflush.o)
                0x00003c38                _fflush
 .text._frexpl  0x00003c98       0x54 d:/nxp/lpcxpresso_3.6/tools/bin/../lib/gcc/arm-none-eabi/4.3.3/../../../../arm-none-eabi/lib/thumb2\libcr_c.a(_frexpl.o)
                0x00003c98                _frexpl
 .text._ldexpl  0x00003cec       0x50 d:/nxp/lpcxpresso_3.6/tools/bin/../lib/gcc/arm-none-eabi/4.3.3/../../../../arm-none-eabi/lib/thumb2\libcr_c.a(_ldexpl.o)
                0x00003cec                _ldexpl
 .text._Cwritebuf
                0x00003d3c       0xa0 d:/nxp/lpcxpresso_3.6/tools/bin/../lib/gcc/arm-none-eabi/4.3.3/../../../../arm-none-eabi/lib/thumb2\libcr_c.a(_writebuf.o)
                0x00003d3c                _Cwritebuf
 .text.free     0x00003ddc        0xc d:/nxp/lpcxpresso_3.6/tools/bin/../lib/gcc/arm-none-eabi/4.3.3/../../../../arm-none-eabi/lib/thumb2\libcr_c.a(alloc.o)
                0x00003ddc                free
 .text.malloc   0x00003de8       0xe8 d:/nxp/lpcxpresso_3.6/tools/bin/../lib/gcc/arm-none-eabi/4.3.3/../../../../arm-none-eabi/lib/thumb2\libcr_c.a(alloc.o)
                0x00003de8                malloc
 .text._Csys_alloc
                0x00003ed0       0x30 d:/nxp/lpcxpresso_3.6/tools/bin/../lib/gcc/arm-none-eabi/4.3.3/../../../../arm-none-eabi/lib/thumb2\libcr_c.a(alloc.o)
                0x00003ed0                _Csys_alloc
 .text.calloc   0x00003f00       0x68 d:/nxp/lpcxpresso_3.6/tools/bin/../lib/gcc/arm-none-eabi/4.3.3/../../../../arm-none-eabi/lib/thumb2\libcr_c.a(alloc.o)
                0x00003f00                calloc
 .text._Csysdie
                0x00003f68       0x3c d:/nxp/lpcxpresso_3.6/tools/bin/../lib/gcc/arm-none-eabi/4.3.3/../../../../arm-none-eabi/lib/thumb2\libcr_c.a(error.o)
                0x00003f68                _Csysdie
 .text.fclose   0x00003fa4       0x80 d:/nxp/lpcxpresso_3.6/tools/bin/../lib/gcc/arm-none-eabi/4.3.3/../../../../arm-none-eabi/lib/thumb2\libcr_c.a(fclose.o)
                0x00003fa4                fclose
 .text.fflush   0x00004024       0x34 d:/nxp/lpcxpresso_3.6/tools/bin/../lib/gcc/arm-none-eabi/4.3.3/../../../../arm-none-eabi/lib/thumb2\libcr_c.a(fflush.o)
                0x00004024                fflush
 .text.fseek    0x00004058      0x110 d:/nxp/lpcxpresso_3.6/tools/bin/../lib/gcc/arm-none-eabi/4.3.3/../../../../arm-none-eabi/lib/thumb2\libcr_c.a(fseek.o)
                0x00004058                fseek
 .text.ftell    0x00004168       0x54 d:/nxp/lpcxpresso_3.6/tools/bin/../lib/gcc/arm-none-eabi/4.3.3/../../../../arm-none-eabi/lib/thumb2\libcr_c.a(ftell.o)
                0x00004168                ftell
 .text.remove   0x000041bc        0xc d:/nxp/lpcxpresso_3.6/tools/bin/../lib/gcc/arm-none-eabi/4.3.3/../../../../arm-none-eabi/lib/thumb2\libcr_c.a(remove.o)
                0x000041bc                remove
 .text._do_fflush
                0x000041c8       0x48 d:/nxp/lpcxpresso_3.6/tools/bin/../lib/gcc/arm-none-eabi/4.3.3/../../../../arm-none-eabi/lib/thumb2\libcr_c.a(_do_fflush.o)
                0x000041c8                _do_fflush
 .text.__aeabi_dmul
                0x00004210      0x178 d:/nxp/lpcxpresso_3.6/tools/bin/../lib/gcc/arm-none-eabi/4.3.3/thumb2\libcr_eabihelpers.a(double.o)
                0x00004210                __aeabi_dmul
 .text.__aeabi_ddiv
                0x00004388      0x20c d:/nxp/lpcxpresso_3.6/tools/bin/../lib/gcc/arm-none-eabi/4.3.3/thumb2\libcr_eabihelpers.a(double.o)
                0x00004388                __aeabi_ddiv
 .text.__aeabi_dsub
                0x00004594      0x230 d:/nxp/lpcxpresso_3.6/tools/bin/../lib/gcc/arm-none-eabi/4.3.3/thumb2\libcr_eabihelpers.a(double.o)
                0x00004594                __aeabi_dsub
 .text.__aeabi_dadd
                0x000047c4      0x160 d:/nxp/lpcxpresso_3.6/tools/bin/../lib/gcc/arm-none-eabi/4.3.3/thumb2\libcr_eabihelpers.a(double.o)
                0x000047c4                __aeabi_dadd
 .text.__aeabi_d2iz
                0x00004924       0x50 d:/nxp/lpcxpresso_3.6/tools/bin/../lib/gcc/arm-none-eabi/4.3.3/thumb2\libcr_eabihelpers.a(double.o)
                0x00004924                __aeabi_d2iz
 .text.__aeabi_dcmpeq
                0x00004974       0x4c d:/nxp/lpcxpresso_3.6/tools/bin/../lib/gcc/arm-none-eabi/4.3.3/thumb2\libcr_eabihelpers.a(double.o)
                0x00004974                __aeabi_dcmpeq
 .text.__aeabi_dcmplt
                0x000049c0       0x74 d:/nxp/lpcxpresso_3.6/tools/bin/../lib/gcc/arm-none-eabi/4.3.3/thumb2\libcr_eabihelpers.a(double.o)
                0x000049c0                __aeabi_dcmplt
 .text.__aeabi_dcmple
                0x00004a34       0x7c d:/nxp/lpcxpresso_3.6/tools/bin/../lib/gcc/arm-none-eabi/4.3.3/thumb2\libcr_eabihelpers.a(double.o)
                0x00004a34                __aeabi_dcmple
 .text.__aeabi_dcmpge
                0x00004ab0       0x80 d:/nxp/lpcxpresso_3.6/tools/bin/../lib/gcc/arm-none-eabi/4.3.3/thumb2\libcr_eabihelpers.a(double.o)
                0x00004ab0                __aeabi_dcmpge
 .text.__aeabi_i2d
                0x00004b30       0x50 d:/nxp/lpcxpresso_3.6/tools/bin/../lib/gcc/arm-none-eabi/4.3.3/thumb2\libcr_eabihelpers.a(double.o)
                0x00004b30                __aeabi_i2d
 .text          0x00004b80       0x24 d:/nxp/lpcxpresso_3.6/tools/bin/../lib/gcc/arm-none-eabi/4.3.3/../../../../arm-none-eabi/lib/thumb2\libcr_semihost.a(_cr_sbrk.o)
                0x00004b80                _sbrk
 .text          0x00004ba4      0x13c d:/nxp/lpcxpresso_3.6/tools/bin/../lib/gcc/arm-none-eabi/4.3.3/../../../../arm-none-eabi/lib/thumb2\libcr_semihost.a(cr_sys.o)
                0x00004c08                _Csys_read_
                0x00004c70                _Csyscall2
                0x00004ba4                _Csyscall0
                0x00004bc8                _Csys_tmpnam_
                0x00004bc0                _Csys_open
                0x00004c28                _Csyscall3
                0x00004c90                _Csyscall1
 .text          0x00004ce0       0x14 d:/nxp/lpcxpresso_3.6/tools/bin/../lib/gcc/arm-none-eabi/4.3.3/../../../../arm-none-eabi/lib/thumb2\libcr_semihost.a(cr__close.o)
                0x00004ce0                __close
 .text          0x00004cf4       0x10 d:/nxp/lpcxpresso_3.6/tools/bin/../lib/gcc/arm-none-eabi/4.3.3/../../../../arm-none-eabi/lib/thumb2\libcr_semihost.a(cr__exit.o)
                0x00004cf4                __exit
 .text          0x00004d04       0x24 d:/nxp/lpcxpresso_3.6/tools/bin/../lib/gcc/arm-none-eabi/4.3.3/../../../../arm-none-eabi/lib/thumb2\libcr_semihost.a(cr__open.o)
                0x00004d04                __open
 .text          0x00004d28       0x24 d:/nxp/lpcxpresso_3.6/tools/bin/../lib/gcc/arm-none-eabi/4.3.3/../../../../arm-none-eabi/lib/thumb2\libcr_semihost.a(cr__read.o)
                0x00004d28                __read
 .text          0x00004d4c       0x10 d:/nxp/lpcxpresso_3.6/tools/bin/../lib/gcc/arm-none-eabi/4.3.3/../../../../arm-none-eabi/lib/thumb2\libcr_semihost.a(cr__readc.o)
                0x00004d4c                __readc
 .text          0x00004d5c       0x20 d:/nxp/lpcxpresso_3.6/tools/bin/../lib/gcc/arm-none-eabi/4.3.3/../../../../arm-none-eabi/lib/thumb2\libcr_semihost.a(cr__unlink.o)
                0x00004d5c                __unlink
 .text          0x00004d7c       0x20 d:/nxp/lpcxpresso_3.6/tools/bin/../lib/gcc/arm-none-eabi/4.3.3/../../../../arm-none-eabi/lib/thumb2\libcr_semihost.a(cr__write.o)
                0x00004d7c                __write
 *fill*         0x00004d9c        0x4 00
 .text          0x00004da0       0x40 d:/nxp/lpcxpresso_3.6/tools/bin/../lib/gcc/arm-none-eabi/4.3.3/../../../../arm-none-eabi/lib/thumb2\libcr_semihost.a(cr_stubs.o)
                0x00004dc4                _stub_istty
                0x00004db8                _stub_clock
                0x00004da0                _stub_read
                0x00004dac                _stub_tmpnam
                0x00004dd2                _stub_seek
                0x00004dbe                _stub_time
 *(.rodata .rodata.*)
 .rodata        0x00004de0       0x94 ./src/ONTHECAN.o
 .rodata.str1.4
                0x00004e74       0x43 d:/nxp/lpcxpresso_3.6/tools/bin/../lib/gcc/arm-none-eabi/4.3.3/../../../../arm-none-eabi/lib/thumb2\libcr_c.a(fpprintf.o)
                                 0x48 (size before relaxing)
 *fill*         0x00004eb7        0x1 00
 .rodata.str1.4
                0x00004eb8        0x6 d:/nxp/lpcxpresso_3.6/tools/bin/../lib/gcc/arm-none-eabi/4.3.3/../../../../arm-none-eabi/lib/thumb2\libcr_c.a(initio.o)
                                  0x8 (size before relaxing)
 *fill*         0x00004ebe        0x2 00
 .rodata.str1.4
                0x00004ec0       0x3a d:/nxp/lpcxpresso_3.6/tools/bin/../lib/gcc/arm-none-eabi/4.3.3/../../../../arm-none-eabi/lib/thumb2\libcr_c.a(printf.o)
                                 0x4c (size before relaxing)
 *fill*         0x00004efa        0x2 00
 .rodata.str1.4
                0x00004efc       0x63 d:/nxp/lpcxpresso_3.6/tools/bin/../lib/gcc/arm-none-eabi/4.3.3/../../../../arm-none-eabi/lib/thumb2\libcr_c.a(alloc.o)
                                 0x64 (size before relaxing)
 *fill*         0x00004f5f        0x1 00
 .rodata.str1.4
                0x00004f60      0x10c d:/nxp/lpcxpresso_3.6/tools/bin/../lib/gcc/arm-none-eabi/4.3.3/../../../../arm-none-eabi/lib/thumb2\libcr_c.a(error.o)
                                0x110 (size before relaxing)
 *fill*         0x0000506c        0x4 00
 .rodata.__huge_vall
                0x00005070        0x8 d:/nxp/lpcxpresso_3.6/tools/bin/../lib/gcc/arm-none-eabi/4.3.3/../../../../arm-none-eabi/lib/thumb2\libcr_c.a(_hugeval.o)
                0x00005070                __huge_vall
 .rodata.str1.1
                0x00005078        0xc d:/nxp/lpcxpresso_3.6/tools/bin/../lib/gcc/arm-none-eabi/4.3.3/../../../../arm-none-eabi/lib/thumb2\libcr_semihost.a(cr_sys.o)
                0x00005084                . = ALIGN (0x4)

.glue_7         0x00005084        0x0
 .glue_7        0x00000000        0x0 linker stubs

.glue_7t        0x00005084        0x0
 .glue_7t       0x00000000        0x0 linker stubs

.vfp11_veneer   0x00005084        0x0
 .vfp11_veneer  0x00000000        0x0 linker stubs

.v4_bx          0x00005084        0x0
 .v4_bx         0x00000000        0x0 linker stubs

.ARM.extab
 *(.ARM.extab* .gnu.linkonce.armextab.*)
                0x00005084                __exidx_start = .

.ARM.exidx
 *(.ARM.exidx* .gnu.linkonce.armexidx.*)
                0x00005084                __exidx_end = .
                0x00005084                _etext = .

.data_RAM2      0x2007c000        0x0 load address 0x00005084
 FILL mask 0xff
 *(.data.$RAM2*)
 *(.data.$RamAHB32*)
                0x2007c000                . = ALIGN (0x4)

.uninit_RESERVED
 *(.bss.$RESERVED*)

.data           0x10000000      0x20c load address 0x00005084
 FILL mask 0xff
                0x10000000                _data = .
 *(vtable)
 *(.data*)
 .data.UART0TxEmpty
                0x10000000        0x1 ./src/uart.o
                0x10000000                UART0TxEmpty
 .data.UART1TxEmpty
                0x10000001        0x1 ./src/uart.o
                0x10000001                UART1TxEmpty
 *fill*         0x10000002        0x2 00
 .data          0x10000004        0x4 D:\projects\lpcxpresso\samples\1769\lpcx\CMSISv2_LPC17xx\Debug\libCMSISv2_LPC17xx.a(system_LPC17xx.o)
                0x10000004                SystemFrequency
 .data          0x10000008      0x204 d:/nxp/lpcxpresso_3.6/tools/bin/../lib/gcc/arm-none-eabi/4.3.3/../../../../arm-none-eabi/lib/thumb2\libcr_c.a(ctype.o)
                0x10000008                __ctype
                0x1000020c                . = ALIGN (0x4)
                0x1000020c                _edata = .

.bss_RAM2       0x2007c000        0x0
 *(.bss.$RAM2*)
 *(.bss.$RamAHB32*)
                0x2007c000                . = ALIGN (0x4)

.bss            0x1000020c      0x44c
                0x1000020c                _bss = .
 *(.bss*)
 .bss.CAN1RxCount
                0x1000020c        0x4 ./src/can.o
                0x1000020c                CAN1RxCount
 .bss.CAN2RxCount
                0x10000210        0x4 ./src/can.o
                0x10000210                CAN2RxCount
 .bss.CAN1ErrCount
                0x10000214        0x4 ./src/can.o
                0x10000214                CAN1ErrCount
 .bss.CAN2ErrCount
                0x10000218        0x4 ./src/can.o
                0x10000218                CAN2ErrCount
 .bss.UART0Count
                0x1000021c        0x4 ./src/uart.o
                0x1000021c                UART0Count
 .bss.UART1Count
                0x10000220        0x4 ./src/uart.o
                0x10000220                UART1Count
 .bss.sys_message
                0x10000224       0x3c d:/nxp/lpcxpresso_3.6/tools/bin/../lib/gcc/arm-none-eabi/4.3.3/../../../../arm-none-eabi/lib/thumb2\libcr_c.a(alloc.o)
 .bss           0x10000260        0x4 d:/nxp/lpcxpresso_3.6/tools/bin/../lib/gcc/arm-none-eabi/4.3.3/../../../../arm-none-eabi/lib/thumb2\libcr_semihost.a(cr_sys.o)
 *(COMMON)
 COMMON         0x10000264       0x4c ./src/ONTHECAN.o
                0x10000264                MsgBuf_TX2
                0x10000274                canactflag
                0x10000278                MsgBuf_RX2
                0x10000288                CAN1RxDone
                0x1000028c                MsgBuf_TX1
                0x1000029c                CAN2RxDone
                0x100002a0                MsgBuf_RX1
 COMMON         0x100002b0        0x4 ./src/can.o
                0x100002b0                CANStatus
 COMMON         0x100002b4       0x88 ./src/uart.o
                0x100002b4                UART1Buffer
                0x100002f4                UART0Buffer
                0x10000334                UART1Status
                0x10000338                UART0Status
 COMMON         0x1000033c        0x8 d:/nxp/lpcxpresso_3.6/tools/bin/../lib/gcc/arm-none-eabi/4.3.3/../../../../arm-none-eabi/lib/thumb2\libcr_semihost.a(_cr__main.o)
                0x1000033c                errno
                0x10000340                _error_recursion
 COMMON         0x10000344        0x8 d:/nxp/lpcxpresso_3.6/tools/bin/../lib/gcc/arm-none-eabi/4.3.3/../../../../arm-none-eabi/lib/thumb2\libcr_c.a(__init_alloc.o)
                0x10000344                __heaps
                0x10000348                __end_of_heap
 COMMON         0x1000034c        0x4 d:/nxp/lpcxpresso_3.6/tools/bin/../lib/gcc/arm-none-eabi/4.3.3/../../../../arm-none-eabi/lib/thumb2\libcr_c.a(initio.o)
                0x1000034c                _extra
 COMMON         0x10000350      0x280 d:/nxp/lpcxpresso_3.6/tools/bin/../lib/gcc/arm-none-eabi/4.3.3/../../../../arm-none-eabi/lib/thumb2\libcr_c.a(stdio.o)
                0x10000350                __Ciob
 COMMON         0x100005d0       0x88 d:/nxp/lpcxpresso_3.6/tools/bin/../lib/gcc/arm-none-eabi/4.3.3/../../../../arm-none-eabi/lib/thumb2\libcr_c.a(stdlib.o)
                0x100005d0                _exitvector
                0x10000654                _number_of_exit_functions
                0x10000658                . = ALIGN (0x4)
                0x10000658                _ebss = .
                0x10000658                PROVIDE (end, .)
                0x10000658                PROVIDE (_pvHeapStart, .)
                0x10008000                PROVIDE (_vStackTop, (__top_RamLoc32 - 0x0))
OUTPUT(CANACT.axf elf32-littlearm)

.debug_abbrev   0x00000000      0x715
 .debug_abbrev  0x00000000      0x1a4 ./src/ONTHECAN.o
 .debug_abbrev  0x000001a4      0x1d1 ./src/can.o
 .debug_abbrev  0x00000375      0x11d ./src/cr_startup_lpc176x.o
 .debug_abbrev  0x00000492      0x1a8 ./src/uart.o
 .debug_abbrev  0x0000063a       0xdb D:\projects\lpcxpresso\samples\1769\lpcx\CMSISv2_LPC17xx\Debug\libCMSISv2_LPC17xx.a(system_LPC17xx.o)

.debug_info     0x00000000     0x27dd
 .debug_info    0x00000000      0xcd5 ./src/ONTHECAN.o
 .debug_info    0x00000cd5      0xbcb ./src/can.o
 .debug_info    0x000018a0      0x2a0 ./src/cr_startup_lpc176x.o
 .debug_info    0x00001b40      0x92a ./src/uart.o
 .debug_info    0x0000246a      0x373 D:\projects\lpcxpresso\samples\1769\lpcx\CMSISv2_LPC17xx\Debug\libCMSISv2_LPC17xx.a(system_LPC17xx.o)

.debug_line     0x00000000     0x10a6
 .debug_line    0x00000000      0x3e4 ./src/ONTHECAN.o
 .debug_line    0x000003e4      0x39a ./src/can.o
 .debug_line    0x0000077e      0x2d8 ./src/cr_startup_lpc176x.o
 .debug_line    0x00000a56      0x35a ./src/uart.o
 .debug_line    0x00000db0      0x2f6 D:\projects\lpcxpresso\samples\1769\lpcx\CMSISv2_LPC17xx\Debug\libCMSISv2_LPC17xx.a(system_LPC17xx.o)

.debug_macinfo  0x00000000    0x12fb5
 .debug_macinfo
                0x00000000     0x48d0 ./src/ONTHECAN.o
 .debug_macinfo
                0x000048d0     0x41db ./src/can.o
 .debug_macinfo
                0x00008aab     0x26e2 ./src/cr_startup_lpc176x.o
 .debug_macinfo
                0x0000b18d     0x3ea2 ./src/uart.o
 .debug_macinfo
                0x0000f02f     0x3f86 D:\projects\lpcxpresso\samples\1769\lpcx\CMSISv2_LPC17xx\Debug\libCMSISv2_LPC17xx.a(system_LPC17xx.o)

.debug_frame    0x00000000      0x344
 .debug_frame   0x00000000       0x80 ./src/ONTHECAN.o
 .debug_frame   0x00000080       0xf8 ./src/can.o
 .debug_frame   0x00000178       0xe8 ./src/cr_startup_lpc176x.o
 .debug_frame   0x00000260       0xa0 ./src/uart.o
 .debug_frame   0x00000300       0x44 D:\projects\lpcxpresso\samples\1769\lpcx\CMSISv2_LPC17xx\Debug\libCMSISv2_LPC17xx.a(system_LPC17xx.o)

.debug_loc      0x00000000      0x455
 .debug_loc     0x00000000       0xc6 ./src/ONTHECAN.o
 .debug_loc     0x000000c6      0x1ac ./src/can.o
 .debug_loc     0x00000272       0x6e ./src/cr_startup_lpc176x.o
 .debug_loc     0x000002e0      0x113 ./src/uart.o
 .debug_loc     0x000003f3       0x62 D:\projects\lpcxpresso\samples\1769\lpcx\CMSISv2_LPC17xx\Debug\libCMSISv2_LPC17xx.a(system_LPC17xx.o)

.debug_pubnames
                0x00000000      0x3c3
 .debug_pubnames
                0x00000000       0xac ./src/ONTHECAN.o
 .debug_pubnames
                0x000000ac       0xde ./src/can.o
 .debug_pubnames
                0x0000018a      0x118 ./src/cr_startup_lpc176x.o
 .debug_pubnames
                0x000002a2       0xd6 ./src/uart.o
 .debug_pubnames
                0x00000378       0x4b D:\projects\lpcxpresso\samples\1769\lpcx\CMSISv2_LPC17xx\Debug\libCMSISv2_LPC17xx.a(system_LPC17xx.o)

.debug_aranges  0x00000000      0x178
 .debug_aranges
                0x00000000       0x38 ./src/ONTHECAN.o
 .debug_aranges
                0x00000038       0x58 ./src/can.o
 .debug_aranges
                0x00000090       0x80 ./src/cr_startup_lpc176x.o
 .debug_aranges
                0x00000110       0x40 ./src/uart.o
 .debug_aranges
                0x00000150       0x28 D:\projects\lpcxpresso\samples\1769\lpcx\CMSISv2_LPC17xx\Debug\libCMSISv2_LPC17xx.a(system_LPC17xx.o)

.debug_ranges   0x00000000      0x150
 .debug_ranges  0x00000000       0x30 ./src/ONTHECAN.o
 .debug_ranges  0x00000030       0x50 ./src/can.o
 .debug_ranges  0x00000080       0x78 ./src/cr_startup_lpc176x.o
 .debug_ranges  0x000000f8       0x38 ./src/uart.o
 .debug_ranges  0x00000130       0x20 D:\projects\lpcxpresso\samples\1769\lpcx\CMSISv2_LPC17xx\Debug\libCMSISv2_LPC17xx.a(system_LPC17xx.o)

.debug_str      0x00000000      0xbb2
 .debug_str     0x00000000      0x66e ./src/ONTHECAN.o
                                0x6a7 (size before relaxing)
 .debug_str     0x0000066e      0x23c ./src/can.o
                                0x701 (size before relaxing)
 .debug_str     0x000008aa      0x17a ./src/cr_startup_lpc176x.o
                                0x23b (size before relaxing)
 .debug_str     0x00000a24      0x115 ./src/uart.o
                                0x54c (size before relaxing)
 .debug_str     0x00000b39       0x79 D:\projects\lpcxpresso\samples\1769\lpcx\CMSISv2_LPC17xx\Debug\libCMSISv2_LPC17xx.a(system_LPC17xx.o)
                                0x252 (size before relaxing)

.comment        0x00000000      0x7ba
 .comment       0x00000000       0x2b ./src/ONTHECAN.o
 .comment       0x0000002b       0x2b ./src/can.o
 .comment       0x00000056       0x2b ./src/cr_startup_lpc176x.o
 .comment       0x00000081       0x2b ./src/uart.o
 .comment       0x000000ac       0x2b D:\projects\lpcxpresso\samples\1769\lpcx\CMSISv2_LPC17xx\Debug\libCMSISv2_LPC17xx.a(system_LPC17xx.o)
 .comment       0x000000d7       0x2b d:/nxp/lpcxpresso_3.6/tools/bin/../lib/gcc/arm-none-eabi/4.3.3/../../../../arm-none-eabi/lib/thumb2\libcr_semihost.a(_cr__main.o)
 .comment       0x00000102       0x2b d:/nxp/lpcxpresso_3.6/tools/bin/../lib/gcc/arm-none-eabi/4.3.3/../../../../arm-none-eabi/lib/thumb2\libcr_c.a(__init_alloc.o)
 .comment       0x0000012d       0x2b d:/nxp/lpcxpresso_3.6/tools/bin/../lib/gcc/arm-none-eabi/4.3.3/../../../../arm-none-eabi/lib/thumb2\libcr_c.a(ctype.o)
 .comment       0x00000158       0x2b d:/nxp/lpcxpresso_3.6/tools/bin/../lib/gcc/arm-none-eabi/4.3.3/../../../../arm-none-eabi/lib/thumb2\libcr_c.a(fpprintf.o)
 .comment       0x00000183       0x2b d:/nxp/lpcxpresso_3.6/tools/bin/../lib/gcc/arm-none-eabi/4.3.3/../../../../arm-none-eabi/lib/thumb2\libcr_c.a(initio.o)
 .comment       0x000001ae       0x2b d:/nxp/lpcxpresso_3.6/tools/bin/../lib/gcc/arm-none-eabi/4.3.3/../../../../arm-none-eabi/lib/thumb2\libcr_c.a(memset.o)
 .comment       0x000001d9       0x2b d:/nxp/lpcxpresso_3.6/tools/bin/../lib/gcc/arm-none-eabi/4.3.3/../../../../arm-none-eabi/lib/thumb2\libcr_c.a(printf.o)
 .comment       0x00000204       0x2b d:/nxp/lpcxpresso_3.6/tools/bin/../lib/gcc/arm-none-eabi/4.3.3/../../../../arm-none-eabi/lib/thumb2\libcr_c.a(setvbuf.o)
 .comment       0x0000022f       0x2b d:/nxp/lpcxpresso_3.6/tools/bin/../lib/gcc/arm-none-eabi/4.3.3/../../../../arm-none-eabi/lib/thumb2\libcr_c.a(stdio.o)
 .comment       0x0000025a       0x2b d:/nxp/lpcxpresso_3.6/tools/bin/../lib/gcc/arm-none-eabi/4.3.3/../../../../arm-none-eabi/lib/thumb2\libcr_c.a(stdlib.o)
 .comment       0x00000285       0x2b d:/nxp/lpcxpresso_3.6/tools/bin/../lib/gcc/arm-none-eabi/4.3.3/../../../../arm-none-eabi/lib/thumb2\libcr_c.a(strcpy.o)
 .comment       0x000002b0       0x2b d:/nxp/lpcxpresso_3.6/tools/bin/../lib/gcc/arm-none-eabi/4.3.3/../../../../arm-none-eabi/lib/thumb2\libcr_c.a(strlen.o)
 .comment       0x000002db       0x2b d:/nxp/lpcxpresso_3.6/tools/bin/../lib/gcc/arm-none-eabi/4.3.3/../../../../arm-none-eabi/lib/thumb2\libcr_c.a(__fillbuf.o)
 .comment       0x00000306       0x2b d:/nxp/lpcxpresso_3.6/tools/bin/../lib/gcc/arm-none-eabi/4.3.3/../../../../arm-none-eabi/lib/thumb2\libcr_c.a(_deferredlazyseek.o)
 .comment       0x00000331       0x2b d:/nxp/lpcxpresso_3.6/tools/bin/../lib/gcc/arm-none-eabi/4.3.3/../../../../arm-none-eabi/lib/thumb2\libcr_c.a(_fdopen.o)
 .comment       0x0000035c       0x2b d:/nxp/lpcxpresso_3.6/tools/bin/../lib/gcc/arm-none-eabi/4.3.3/../../../../arm-none-eabi/lib/thumb2\libcr_c.a(_fflush.o)
 .comment       0x00000387       0x2b d:/nxp/lpcxpresso_3.6/tools/bin/../lib/gcc/arm-none-eabi/4.3.3/../../../../arm-none-eabi/lib/thumb2\libcr_c.a(_frexpl.o)
 .comment       0x000003b2       0x2b d:/nxp/lpcxpresso_3.6/tools/bin/../lib/gcc/arm-none-eabi/4.3.3/../../../../arm-none-eabi/lib/thumb2\libcr_c.a(_ldexpl.o)
 .comment       0x000003dd       0x2b d:/nxp/lpcxpresso_3.6/tools/bin/../lib/gcc/arm-none-eabi/4.3.3/../../../../arm-none-eabi/lib/thumb2\libcr_c.a(_writebuf.o)
 .comment       0x00000408       0x2b d:/nxp/lpcxpresso_3.6/tools/bin/../lib/gcc/arm-none-eabi/4.3.3/../../../../arm-none-eabi/lib/thumb2\libcr_c.a(alloc.o)
 .comment       0x00000433       0x2b d:/nxp/lpcxpresso_3.6/tools/bin/../lib/gcc/arm-none-eabi/4.3.3/../../../../arm-none-eabi/lib/thumb2\libcr_c.a(error.o)
 .comment       0x0000045e       0x2b d:/nxp/lpcxpresso_3.6/tools/bin/../lib/gcc/arm-none-eabi/4.3.3/../../../../arm-none-eabi/lib/thumb2\libcr_c.a(fclose.o)
 .comment       0x00000489       0x2b d:/nxp/lpcxpresso_3.6/tools/bin/../lib/gcc/arm-none-eabi/4.3.3/../../../../arm-none-eabi/lib/thumb2\libcr_c.a(fflush.o)
 .comment       0x000004b4       0x2b d:/nxp/lpcxpresso_3.6/tools/bin/../lib/gcc/arm-none-eabi/4.3.3/../../../../arm-none-eabi/lib/thumb2\libcr_c.a(fputs.o)
 .comment       0x000004df       0x2b d:/nxp/lpcxpresso_3.6/tools/bin/../lib/gcc/arm-none-eabi/4.3.3/../../../../arm-none-eabi/lib/thumb2\libcr_c.a(fseek.o)
 .comment       0x0000050a       0x2b d:/nxp/lpcxpresso_3.6/tools/bin/../lib/gcc/arm-none-eabi/4.3.3/../../../../arm-none-eabi/lib/thumb2\libcr_c.a(ftell.o)
 .comment       0x00000535       0x2b d:/nxp/lpcxpresso_3.6/tools/bin/../lib/gcc/arm-none-eabi/4.3.3/../../../../arm-none-eabi/lib/thumb2\libcr_c.a(memcpy.o)
 .comment       0x00000560       0x2b d:/nxp/lpcxpresso_3.6/tools/bin/../lib/gcc/arm-none-eabi/4.3.3/../../../../arm-none-eabi/lib/thumb2\libcr_c.a(raise.o)
 .comment       0x0000058b       0x2b d:/nxp/lpcxpresso_3.6/tools/bin/../lib/gcc/arm-none-eabi/4.3.3/../../../../arm-none-eabi/lib/thumb2\libcr_c.a(remove.o)
 .comment       0x000005b6       0x2b d:/nxp/lpcxpresso_3.6/tools/bin/../lib/gcc/arm-none-eabi/4.3.3/../../../../arm-none-eabi/lib/thumb2\libcr_c.a(_do_fflush.o)
 .comment       0x000005e1       0x2b d:/nxp/lpcxpresso_3.6/tools/bin/../lib/gcc/arm-none-eabi/4.3.3/../../../../arm-none-eabi/lib/thumb2\libcr_c.a(_hugeval.o)
 .comment       0x0000060c       0x2b d:/nxp/lpcxpresso_3.6/tools/bin/../lib/gcc/arm-none-eabi/4.3.3/thumb2\libcr_eabihelpers.a(double.o)
 .comment       0x00000637       0x2b d:/nxp/lpcxpresso_3.6/tools/bin/../lib/gcc/arm-none-eabi/4.3.3/../../../../arm-none-eabi/lib/thumb2\libcr_semihost.a(_cr_sbrk.o)
 .comment       0x00000662       0x2b d:/nxp/lpcxpresso_3.6/tools/bin/../lib/gcc/arm-none-eabi/4.3.3/../../../../arm-none-eabi/lib/thumb2\libcr_semihost.a(cr_sys.o)
 .comment       0x0000068d       0x2b d:/nxp/lpcxpresso_3.6/tools/bin/../lib/gcc/arm-none-eabi/4.3.3/../../../../arm-none-eabi/lib/thumb2\libcr_semihost.a(cr__close.o)
 .comment       0x000006b8       0x2b d:/nxp/lpcxpresso_3.6/tools/bin/../lib/gcc/arm-none-eabi/4.3.3/../../../../arm-none-eabi/lib/thumb2\libcr_semihost.a(cr__exit.o)
 .comment       0x000006e3       0x2b d:/nxp/lpcxpresso_3.6/tools/bin/../lib/gcc/arm-none-eabi/4.3.3/../../../../arm-none-eabi/lib/thumb2\libcr_semihost.a(cr__open.o)
 .comment       0x0000070e       0x2b d:/nxp/lpcxpresso_3.6/tools/bin/../lib/gcc/arm-none-eabi/4.3.3/../../../../arm-none-eabi/lib/thumb2\libcr_semihost.a(cr__read.o)
 .comment       0x00000739       0x2b d:/nxp/lpcxpresso_3.6/tools/bin/../lib/gcc/arm-none-eabi/4.3.3/../../../../arm-none-eabi/lib/thumb2\libcr_semihost.a(cr__readc.o)
 .comment       0x00000764       0x2b d:/nxp/lpcxpresso_3.6/tools/bin/../lib/gcc/arm-none-eabi/4.3.3/../../../../arm-none-eabi/lib/thumb2\libcr_semihost.a(cr__unlink.o)
 .comment       0x0000078f       0x2b d:/nxp/lpcxpresso_3.6/tools/bin/../lib/gcc/arm-none-eabi/4.3.3/../../../../arm-none-eabi/lib/thumb2\libcr_semihost.a(cr__write.o)

.ARM.attributes
                0x00000000       0x2f
 .ARM.attributes
                0x00000000       0x31 ./src/ONTHECAN.o
 .ARM.attributes
                0x00000031       0x31 ./src/can.o
 .ARM.attributes
                0x00000062       0x31 ./src/cr_startup_lpc176x.o
 .ARM.attributes
                0x00000093       0x31 ./src/uart.o
 .ARM.attributes
                0x000000c4       0x31 D:\projects\lpcxpresso\samples\1769\lpcx\CMSISv2_LPC17xx\Debug\libCMSISv2_LPC17xx.a(system_LPC17xx.o)
 .ARM.attributes
                0x000000f5       0x31 d:/nxp/lpcxpresso_3.6/tools/bin/../lib/gcc/arm-none-eabi/4.3.3/../../../../arm-none-eabi/lib/thumb2\libcr_semihost.a(_cr__main.o)
 .ARM.attributes
                0x00000126       0x31 d:/nxp/lpcxpresso_3.6/tools/bin/../lib/gcc/arm-none-eabi/4.3.3/../../../../arm-none-eabi/lib/thumb2\libcr_c.a(__init_alloc.o)
 .ARM.attributes
                0x00000157       0x31 d:/nxp/lpcxpresso_3.6/tools/bin/../lib/gcc/arm-none-eabi/4.3.3/../../../../arm-none-eabi/lib/thumb2\libcr_c.a(ctype.o)
 .ARM.attributes
                0x00000188       0x31 d:/nxp/lpcxpresso_3.6/tools/bin/../lib/gcc/arm-none-eabi/4.3.3/../../../../arm-none-eabi/lib/thumb2\libcr_c.a(fpprintf.o)
 .ARM.attributes
                0x000001b9       0x31 d:/nxp/lpcxpresso_3.6/tools/bin/../lib/gcc/arm-none-eabi/4.3.3/../../../../arm-none-eabi/lib/thumb2\libcr_c.a(initio.o)
 .ARM.attributes
                0x000001ea       0x31 d:/nxp/lpcxpresso_3.6/tools/bin/../lib/gcc/arm-none-eabi/4.3.3/../../../../arm-none-eabi/lib/thumb2\libcr_c.a(memset.o)
 .ARM.attributes
                0x0000021b       0x31 d:/nxp/lpcxpresso_3.6/tools/bin/../lib/gcc/arm-none-eabi/4.3.3/../../../../arm-none-eabi/lib/thumb2\libcr_c.a(printf.o)
 .ARM.attributes
                0x0000024c       0x31 d:/nxp/lpcxpresso_3.6/tools/bin/../lib/gcc/arm-none-eabi/4.3.3/../../../../arm-none-eabi/lib/thumb2\libcr_c.a(setvbuf.o)
 .ARM.attributes
                0x0000027d       0x31 d:/nxp/lpcxpresso_3.6/tools/bin/../lib/gcc/arm-none-eabi/4.3.3/../../../../arm-none-eabi/lib/thumb2\libcr_c.a(stdio.o)
 .ARM.attributes
                0x000002ae       0x31 d:/nxp/lpcxpresso_3.6/tools/bin/../lib/gcc/arm-none-eabi/4.3.3/../../../../arm-none-eabi/lib/thumb2\libcr_c.a(stdlib.o)
 .ARM.attributes
                0x000002df       0x31 d:/nxp/lpcxpresso_3.6/tools/bin/../lib/gcc/arm-none-eabi/4.3.3/../../../../arm-none-eabi/lib/thumb2\libcr_c.a(strcpy.o)
 .ARM.attributes
                0x00000310       0x31 d:/nxp/lpcxpresso_3.6/tools/bin/../lib/gcc/arm-none-eabi/4.3.3/../../../../arm-none-eabi/lib/thumb2\libcr_c.a(strlen.o)
 .ARM.attributes
                0x00000341       0x31 d:/nxp/lpcxpresso_3.6/tools/bin/../lib/gcc/arm-none-eabi/4.3.3/../../../../arm-none-eabi/lib/thumb2\libcr_c.a(__fillbuf.o)
 .ARM.attributes
                0x00000372       0x31 d:/nxp/lpcxpresso_3.6/tools/bin/../lib/gcc/arm-none-eabi/4.3.3/../../../../arm-none-eabi/lib/thumb2\libcr_c.a(_deferredlazyseek.o)
 .ARM.attributes
                0x000003a3       0x31 d:/nxp/lpcxpresso_3.6/tools/bin/../lib/gcc/arm-none-eabi/4.3.3/../../../../arm-none-eabi/lib/thumb2\libcr_c.a(_fdopen.o)
 .ARM.attributes
                0x000003d4       0x31 d:/nxp/lpcxpresso_3.6/tools/bin/../lib/gcc/arm-none-eabi/4.3.3/../../../../arm-none-eabi/lib/thumb2\libcr_c.a(_fflush.o)
 .ARM.attributes
                0x00000405       0x31 d:/nxp/lpcxpresso_3.6/tools/bin/../lib/gcc/arm-none-eabi/4.3.3/../../../../arm-none-eabi/lib/thumb2\libcr_c.a(_frexpl.o)
 .ARM.attributes
                0x00000436       0x31 d:/nxp/lpcxpresso_3.6/tools/bin/../lib/gcc/arm-none-eabi/4.3.3/../../../../arm-none-eabi/lib/thumb2\libcr_c.a(_ldexpl.o)
 .ARM.attributes
                0x00000467       0x31 d:/nxp/lpcxpresso_3.6/tools/bin/../lib/gcc/arm-none-eabi/4.3.3/../../../../arm-none-eabi/lib/thumb2\libcr_c.a(_writebuf.o)
 .ARM.attributes
                0x00000498       0x31 d:/nxp/lpcxpresso_3.6/tools/bin/../lib/gcc/arm-none-eabi/4.3.3/../../../../arm-none-eabi/lib/thumb2\libcr_c.a(alloc.o)
 .ARM.attributes
                0x000004c9       0x31 d:/nxp/lpcxpresso_3.6/tools/bin/../lib/gcc/arm-none-eabi/4.3.3/../../../../arm-none-eabi/lib/thumb2\libcr_c.a(error.o)
 .ARM.attributes
                0x000004fa       0x31 d:/nxp/lpcxpresso_3.6/tools/bin/../lib/gcc/arm-none-eabi/4.3.3/../../../../arm-none-eabi/lib/thumb2\libcr_c.a(fclose.o)
 .ARM.attributes
                0x0000052b       0x31 d:/nxp/lpcxpresso_3.6/tools/bin/../lib/gcc/arm-none-eabi/4.3.3/../../../../arm-none-eabi/lib/thumb2\libcr_c.a(fflush.o)
 .ARM.attributes
                0x0000055c       0x31 d:/nxp/lpcxpresso_3.6/tools/bin/../lib/gcc/arm-none-eabi/4.3.3/../../../../arm-none-eabi/lib/thumb2\libcr_c.a(fputs.o)
 .ARM.attributes
                0x0000058d       0x31 d:/nxp/lpcxpresso_3.6/tools/bin/../lib/gcc/arm-none-eabi/4.3.3/../../../../arm-none-eabi/lib/thumb2\libcr_c.a(fseek.o)
 .ARM.attributes
                0x000005be       0x31 d:/nxp/lpcxpresso_3.6/tools/bin/../lib/gcc/arm-none-eabi/4.3.3/../../../../arm-none-eabi/lib/thumb2\libcr_c.a(ftell.o)
 .ARM.attributes
                0x000005ef       0x31 d:/nxp/lpcxpresso_3.6/tools/bin/../lib/gcc/arm-none-eabi/4.3.3/../../../../arm-none-eabi/lib/thumb2\libcr_c.a(memcpy.o)
 .ARM.attributes
                0x00000620       0x31 d:/nxp/lpcxpresso_3.6/tools/bin/../lib/gcc/arm-none-eabi/4.3.3/../../../../arm-none-eabi/lib/thumb2\libcr_c.a(raise.o)
 .ARM.attributes
                0x00000651       0x31 d:/nxp/lpcxpresso_3.6/tools/bin/../lib/gcc/arm-none-eabi/4.3.3/../../../../arm-none-eabi/lib/thumb2\libcr_c.a(remove.o)
 .ARM.attributes
                0x00000682       0x31 d:/nxp/lpcxpresso_3.6/tools/bin/../lib/gcc/arm-none-eabi/4.3.3/../../../../arm-none-eabi/lib/thumb2\libcr_c.a(_do_fflush.o)
 .ARM.attributes
                0x000006b3       0x31 d:/nxp/lpcxpresso_3.6/tools/bin/../lib/gcc/arm-none-eabi/4.3.3/../../../../arm-none-eabi/lib/thumb2\libcr_c.a(_hugeval.o)
 .ARM.attributes
                0x000006e4       0x31 d:/nxp/lpcxpresso_3.6/tools/bin/../lib/gcc/arm-none-eabi/4.3.3/thumb2\libcr_eabihelpers.a(double.o)
 .ARM.attributes
                0x00000715       0x31 d:/nxp/lpcxpresso_3.6/tools/bin/../lib/gcc/arm-none-eabi/4.3.3/../../../../arm-none-eabi/lib/thumb2\libcr_semihost.a(_cr_sbrk.o)
 .ARM.attributes
                0x00000746       0x31 d:/nxp/lpcxpresso_3.6/tools/bin/../lib/gcc/arm-none-eabi/4.3.3/../../../../arm-none-eabi/lib/thumb2\libcr_semihost.a(cr_sys.o)
 .ARM.attributes
                0x00000777       0x31 d:/nxp/lpcxpresso_3.6/tools/bin/../lib/gcc/arm-none-eabi/4.3.3/../../../../arm-none-eabi/lib/thumb2\libcr_semihost.a(cr__close.o)
 .ARM.attributes
                0x000007a8       0x31 d:/nxp/lpcxpresso_3.6/tools/bin/../lib/gcc/arm-none-eabi/4.3.3/../../../../arm-none-eabi/lib/thumb2\libcr_semihost.a(cr__exit.o)
 .ARM.attributes
                0x000007d9       0x31 d:/nxp/lpcxpresso_3.6/tools/bin/../lib/gcc/arm-none-eabi/4.3.3/../../../../arm-none-eabi/lib/thumb2\libcr_semihost.a(cr__open.o)
 .ARM.attributes
                0x0000080a       0x31 d:/nxp/lpcxpresso_3.6/tools/bin/../lib/gcc/arm-none-eabi/4.3.3/../../../../arm-none-eabi/lib/thumb2\libcr_semihost.a(cr__read.o)
 .ARM.attributes
                0x0000083b       0x31 d:/nxp/lpcxpresso_3.6/tools/bin/../lib/gcc/arm-none-eabi/4.3.3/../../../../arm-none-eabi/lib/thumb2\libcr_semihost.a(cr__readc.o)
 .ARM.attributes
                0x0000086c       0x31 d:/nxp/lpcxpresso_3.6/tools/bin/../lib/gcc/arm-none-eabi/4.3.3/../../../../arm-none-eabi/lib/thumb2\libcr_semihost.a(cr__unlink.o)
 .ARM.attributes
                0x0000089d       0x31 d:/nxp/lpcxpresso_3.6/tools/bin/../lib/gcc/arm-none-eabi/4.3.3/../../../../arm-none-eabi/lib/thumb2\libcr_semihost.a(cr__write.o)
 .ARM.attributes
                0x000008ce       0x21 d:/nxp/lpcxpresso_3.6/tools/bin/../lib/gcc/arm-none-eabi/4.3.3/../../../../arm-none-eabi/lib/thumb2\libcr_semihost.a(cr_stubs.o)
