Archive member included to satisfy reference by file (symbol)

/usr/local/mcuxpressoide-11.2.1_4149/ide/plugins/com.nxp.mcuxpresso.tools.linux_11.2.0.202001021529/tools/bin/../lib/gcc/arm-none-eabi/9.2.1/../../../../arm-none-eabi/lib/thumb/v7-m/nofp/libcr_c.a(__weak__main.o)
                              ./src/cr_startup_lpc175x_6x.o (__main)

Discarded input sections

 .group         0x0000000000000000        0xc ./src/systick/DR_SysTick.o
 .group         0x0000000000000000        0xc ./src/systick/DR_SysTick.o
 .group         0x0000000000000000        0xc ./src/systick/DR_SysTick.o
 .group         0x0000000000000000        0xc ./src/systick/DR_SysTick.o
 .group         0x0000000000000000        0xc ./src/systick/DR_SysTick.o
 .group         0x0000000000000000        0xc ./src/systick/DR_SysTick.o
 .group         0x0000000000000000        0xc ./src/systick/DR_SysTick.o
 .text          0x0000000000000000        0x0 ./src/systick/DR_SysTick.o
 .data          0x0000000000000000        0x0 ./src/systick/DR_SysTick.o
 .bss           0x0000000000000000        0x0 ./src/systick/DR_SysTick.o
 .data.ADC      0x0000000000000000        0x4 ./src/systick/DR_SysTick.o
 .bss.ADC_buffer
                0x0000000000000000       0x80 ./src/systick/DR_SysTick.o
 .bss.ADC_buffer_index
                0x0000000000000000        0x4 ./src/systick/DR_SysTick.o
 .bss.ADC_average
                0x0000000000000000        0x4 ./src/systick/DR_SysTick.o
 .group         0x0000000000000000        0xc ./src/pll/DR_PLL.o
 .group         0x0000000000000000        0xc ./src/pll/DR_PLL.o
 .group         0x0000000000000000        0xc ./src/pll/DR_PLL.o
 .text          0x0000000000000000        0x0 ./src/pll/DR_PLL.o
 .data          0x0000000000000000        0x0 ./src/pll/DR_PLL.o
 .bss           0x0000000000000000        0x0 ./src/pll/DR_PLL.o
 .debug_macro   0x0000000000000000      0xaa8 ./src/pll/DR_PLL.o
 .debug_macro   0x0000000000000000       0x1c ./src/pll/DR_PLL.o
 .debug_macro   0x0000000000000000      0x112 ./src/pll/DR_PLL.o
 .group         0x0000000000000000        0xc ./src/gpio/DR_GPIO.o
 .group         0x0000000000000000        0xc ./src/gpio/DR_GPIO.o
 .group         0x0000000000000000        0xc ./src/gpio/DR_GPIO.o
 .text          0x0000000000000000        0x0 ./src/gpio/DR_GPIO.o
 .data          0x0000000000000000        0x0 ./src/gpio/DR_GPIO.o
 .bss           0x0000000000000000        0x0 ./src/gpio/DR_GPIO.o
 .text.SetPINMODE
                0x0000000000000000       0xa0 ./src/gpio/DR_GPIO.o
 .text.SetPINMODE_OD
                0x0000000000000000       0x70 ./src/gpio/DR_GPIO.o
 .text.SetTOGGLE
                0x0000000000000000       0x40 ./src/gpio/DR_GPIO.o
 .debug_macro   0x0000000000000000      0xaa8 ./src/gpio/DR_GPIO.o
 .debug_macro   0x0000000000000000       0x1c ./src/gpio/DR_GPIO.o
 .debug_macro   0x0000000000000000       0x5e ./src/gpio/DR_GPIO.o
 .group         0x0000000000000000        0xc ./src/Temporizadores/AP_Temporizadores.o
 .group         0x0000000000000000        0xc ./src/Temporizadores/AP_Temporizadores.o
 .group         0x0000000000000000        0xc ./src/Temporizadores/AP_Temporizadores.o
 .group         0x0000000000000000        0xc ./src/Temporizadores/AP_Temporizadores.o
 .group         0x0000000000000000        0xc ./src/Temporizadores/AP_Temporizadores.o
 .group         0x0000000000000000        0xc ./src/Temporizadores/AP_Temporizadores.o
 .text          0x0000000000000000        0x0 ./src/Temporizadores/AP_Temporizadores.o
 .data          0x0000000000000000        0x0 ./src/Temporizadores/AP_Temporizadores.o
 .bss           0x0000000000000000        0x0 ./src/Temporizadores/AP_Temporizadores.o
 .bss.fEventoTiempo_1
                0x0000000000000000        0x1 ./src/Temporizadores/AP_Temporizadores.o
 .bss.fEventoTiempo_2
                0x0000000000000000        0x1 ./src/Temporizadores/AP_Temporizadores.o
 .text.Ev_Relay0
                0x0000000000000000       0x4c ./src/Temporizadores/AP_Temporizadores.o
 .text.Ev_Estado1
                0x0000000000000000       0x18 ./src/Temporizadores/AP_Temporizadores.o
 .text.Ev_Estado2
                0x0000000000000000       0x18 ./src/Temporizadores/AP_Temporizadores.o
 .bss.modulo.3738
                0x0000000000000000        0x1 ./src/Temporizadores/AP_Temporizadores.o
 .debug_macro   0x0000000000000000      0xaa8 ./src/Temporizadores/AP_Temporizadores.o
 .debug_macro   0x0000000000000000       0x1c ./src/Temporizadores/AP_Temporizadores.o
 .debug_macro   0x0000000000000000       0x5e ./src/Temporizadores/AP_Temporizadores.o
 .group         0x0000000000000000        0xc ./src/Temporizadores/PR_Temporizadores.o
 .group         0x0000000000000000        0xc ./src/Temporizadores/PR_Temporizadores.o
 .group         0x0000000000000000        0xc ./src/Temporizadores/PR_Temporizadores.o
 .text          0x0000000000000000        0x0 ./src/Temporizadores/PR_Temporizadores.o
 .data          0x0000000000000000        0x0 ./src/Temporizadores/PR_Temporizadores.o
 .bss           0x0000000000000000        0x0 ./src/Temporizadores/PR_Temporizadores.o
 .text.TimerPause
                0x0000000000000000       0x38 ./src/Temporizadores/PR_Temporizadores.o
 .text.TimerGet
                0x0000000000000000       0xa4 ./src/Temporizadores/PR_Temporizadores.o
 .text.TimerSet
                0x0000000000000000       0x90 ./src/Temporizadores/PR_Temporizadores.o
 .text.TimerStop
                0x0000000000000000       0x4c ./src/Temporizadores/PR_Temporizadores.o
 .text.TimerClose
                0x0000000000000000       0x28 ./src/Temporizadores/PR_Temporizadores.o
 .debug_macro   0x0000000000000000      0xaa8 ./src/Temporizadores/PR_Temporizadores.o
 .debug_macro   0x0000000000000000       0x1c ./src/Temporizadores/PR_Temporizadores.o
 .debug_macro   0x0000000000000000       0x46 ./src/Temporizadores/PR_Temporizadores.o
 .group         0x0000000000000000        0xc ./src/Inicializacion/DR_Inicializacion.o
 .group         0x0000000000000000        0xc ./src/Inicializacion/DR_Inicializacion.o
 .group         0x0000000000000000        0xc ./src/Inicializacion/DR_Inicializacion.o
 .group         0x0000000000000000        0xc ./src/Inicializacion/DR_Inicializacion.o
 .text          0x0000000000000000        0x0 ./src/Inicializacion/DR_Inicializacion.o
 .data          0x0000000000000000        0x0 ./src/Inicializacion/DR_Inicializacion.o
 .bss           0x0000000000000000        0x0 ./src/Inicializacion/DR_Inicializacion.o
 .text.InicializacionExp1
                0x0000000000000000       0x10 ./src/Inicializacion/DR_Inicializacion.o
 .debug_info    0x0000000000000000       0x66 ./src/Inicializacion/DR_Inicializacion.o
 .debug_abbrev  0x0000000000000000       0x47 ./src/Inicializacion/DR_Inicializacion.o
 .debug_aranges
                0x0000000000000000       0x20 ./src/Inicializacion/DR_Inicializacion.o
 .debug_ranges  0x0000000000000000       0x10 ./src/Inicializacion/DR_Inicializacion.o
 .debug_macro   0x0000000000000000       0x3c ./src/Inicializacion/DR_Inicializacion.o
 .debug_macro   0x0000000000000000      0xaa8 ./src/Inicializacion/DR_Inicializacion.o
 .debug_macro   0x0000000000000000       0x1c ./src/Inicializacion/DR_Inicializacion.o
 .debug_macro   0x0000000000000000      0x112 ./src/Inicializacion/DR_Inicializacion.o
 .debug_macro   0x0000000000000000       0x3a ./src/Inicializacion/DR_Inicializacion.o
 .debug_line    0x0000000000000000      0x1b4 ./src/Inicializacion/DR_Inicializacion.o
 .debug_str     0x0000000000000000     0x3515 ./src/Inicializacion/DR_Inicializacion.o
 .comment       0x0000000000000000       0x7a ./src/Inicializacion/DR_Inicializacion.o
 .debug_frame   0x0000000000000000       0x2c ./src/Inicializacion/DR_Inicializacion.o
 .ARM.attributes
                0x0000000000000000       0x2d ./src/Inicializacion/DR_Inicializacion.o
 .group         0x0000000000000000        0xc ./src/Display/DR_Display.o
 .group         0x0000000000000000        0xc ./src/Display/DR_Display.o
 .group         0x0000000000000000        0xc ./src/Display/DR_Display.o
 .group         0x0000000000000000        0xc ./src/Display/DR_Display.o
 .group         0x0000000000000000        0xc ./src/Display/DR_Display.o
 .group         0x0000000000000000        0xc ./src/Display/DR_Display.o
 .text          0x0000000000000000        0x0 ./src/Display/DR_Display.o
 .data          0x0000000000000000        0x0 ./src/Display/DR_Display.o
 .bss           0x0000000000000000        0x0 ./src/Display/DR_Display.o
 .debug_macro   0x0000000000000000      0xaa8 ./src/Display/DR_Display.o
 .debug_macro   0x0000000000000000       0x1c ./src/Display/DR_Display.o
 .debug_macro   0x0000000000000000       0xd6 ./src/Display/DR_Display.o
 .debug_macro   0x0000000000000000       0x46 ./src/Display/DR_Display.o
 .debug_macro   0x0000000000000000       0x5e ./src/Display/DR_Display.o
 .debug_macro   0x0000000000000000       0x3a ./src/Display/DR_Display.o
 .group         0x0000000000000000        0xc ./src/Display/PR_Display.o
 .group         0x0000000000000000        0xc ./src/Display/PR_Display.o
 .group         0x0000000000000000        0xc ./src/Display/PR_Display.o
 .group         0x0000000000000000        0xc ./src/Display/PR_Display.o
 .text          0x0000000000000000        0x0 ./src/Display/PR_Display.o
 .data          0x0000000000000000        0x0 ./src/Display/PR_Display.o
 .bss           0x0000000000000000        0x0 ./src/Display/PR_Display.o
 .text.Display1
                0x0000000000000000       0x16 ./src/Display/PR_Display.o
 .text.ApagarDisplay
                0x0000000000000000        0xc ./src/Display/PR_Display.o
 .debug_macro   0x0000000000000000      0xaa8 ./src/Display/PR_Display.o
 .debug_macro   0x0000000000000000       0x1c ./src/Display/PR_Display.o
 .debug_macro   0x0000000000000000       0xd6 ./src/Display/PR_Display.o
 .debug_macro   0x0000000000000000       0x46 ./src/Display/PR_Display.o
 .group         0x0000000000000000        0xc ./src/ADC/DR_ADC.o
 .group         0x0000000000000000        0xc ./src/ADC/DR_ADC.o
 .group         0x0000000000000000        0xc ./src/ADC/DR_ADC.o
 .group         0x0000000000000000        0xc ./src/ADC/DR_ADC.o
 .group         0x0000000000000000        0xc ./src/ADC/DR_ADC.o
 .text          0x0000000000000000        0x0 ./src/ADC/DR_ADC.o
 .data          0x0000000000000000        0x0 ./src/ADC/DR_ADC.o
 .bss           0x0000000000000000        0x0 ./src/ADC/DR_ADC.o
 .debug_macro   0x0000000000000000      0xaa8 ./src/ADC/DR_ADC.o
 .debug_macro   0x0000000000000000       0x1c ./src/ADC/DR_ADC.o
 .debug_macro   0x0000000000000000      0x112 ./src/ADC/DR_ADC.o
 .debug_macro   0x0000000000000000       0x5e ./src/ADC/DR_ADC.o
 .debug_macro   0x0000000000000000       0x16 ./src/ADC/DR_ADC.o
 .group         0x0000000000000000        0xc ./src/DisplaySegmentos.o
 .group         0x0000000000000000        0xc ./src/DisplaySegmentos.o
 .group         0x0000000000000000        0xc ./src/DisplaySegmentos.o
 .group         0x0000000000000000        0xc ./src/DisplaySegmentos.o
 .group         0x0000000000000000        0xc ./src/DisplaySegmentos.o
 .group         0x0000000000000000        0xc ./src/DisplaySegmentos.o
 .group         0x0000000000000000        0xc ./src/DisplaySegmentos.o
 .group         0x0000000000000000        0xc ./src/DisplaySegmentos.o
 .group         0x0000000000000000        0xc ./src/DisplaySegmentos.o
 .text          0x0000000000000000        0x0 ./src/DisplaySegmentos.o
 .data          0x0000000000000000        0x0 ./src/DisplaySegmentos.o
 .bss           0x0000000000000000        0x0 ./src/DisplaySegmentos.o
 .data.ADC      0x0000000000000000        0x4 ./src/DisplaySegmentos.o
 .bss.ADC_buffer
                0x0000000000000000       0x80 ./src/DisplaySegmentos.o
 .bss.ADC_buffer_index
                0x0000000000000000        0x4 ./src/DisplaySegmentos.o
 .bss.ADC_average
                0x0000000000000000        0x4 ./src/DisplaySegmentos.o
 .debug_macro   0x0000000000000000      0xaa8 ./src/DisplaySegmentos.o
 .debug_macro   0x0000000000000000       0x1c ./src/DisplaySegmentos.o
 .debug_macro   0x0000000000000000       0xd6 ./src/DisplaySegmentos.o
 .debug_macro   0x0000000000000000       0x5e ./src/DisplaySegmentos.o
 .debug_macro   0x0000000000000000      0x112 ./src/DisplaySegmentos.o
 .debug_macro   0x0000000000000000       0x16 ./src/DisplaySegmentos.o
 .debug_macro   0x0000000000000000       0x3a ./src/DisplaySegmentos.o
 .debug_macro   0x0000000000000000       0x8e ./src/DisplaySegmentos.o
 .debug_macro   0x0000000000000000       0x46 ./src/DisplaySegmentos.o
 .group         0x0000000000000000        0xc ./src/cr_startup_lpc175x_6x.o
 .text          0x0000000000000000        0x0 ./src/cr_startup_lpc175x_6x.o
 .data          0x0000000000000000        0x0 ./src/cr_startup_lpc175x_6x.o
 .bss           0x0000000000000000        0x0 ./src/cr_startup_lpc175x_6x.o
 .debug_macro   0x0000000000000000      0xaa8 ./src/cr_startup_lpc175x_6x.o
 .group         0x0000000000000000        0xc ./src/crp.o
 .group         0x0000000000000000        0xc ./src/crp.o
 .text          0x0000000000000000        0x0 ./src/crp.o
 .data          0x0000000000000000        0x0 ./src/crp.o
 .bss           0x0000000000000000        0x0 ./src/crp.o
 .crp           0x0000000000000000        0x4 ./src/crp.o
 .debug_info    0x0000000000000000       0x40 ./src/crp.o
 .debug_abbrev  0x0000000000000000       0x38 ./src/crp.o
 .debug_aranges
                0x0000000000000000       0x18 ./src/crp.o
 .debug_macro   0x0000000000000000       0x1a ./src/crp.o
 .debug_macro   0x0000000000000000      0xaa8 ./src/crp.o
 .debug_macro   0x0000000000000000       0x34 ./src/crp.o
 .debug_line    0x0000000000000000       0xb5 ./src/crp.o
 .debug_str     0x0000000000000000     0x2ed6 ./src/crp.o
 .comment       0x0000000000000000       0x7a ./src/crp.o
 .ARM.attributes
                0x0000000000000000       0x33 ./src/crp.o
 .text          0x0000000000000000        0x0 /usr/local/mcuxpressoide-11.2.1_4149/ide/plugins/com.nxp.mcuxpresso.tools.linux_11.2.0.202001021529/tools/bin/../lib/gcc/arm-none-eabi/9.2.1/../../../../arm-none-eabi/lib/thumb/v7-m/nofp/libcr_c.a(__weak__main.o)
 .data          0x0000000000000000        0x0 /usr/local/mcuxpressoide-11.2.1_4149/ide/plugins/com.nxp.mcuxpresso.tools.linux_11.2.0.202001021529/tools/bin/../lib/gcc/arm-none-eabi/9.2.1/../../../../arm-none-eabi/lib/thumb/v7-m/nofp/libcr_c.a(__weak__main.o)
 .bss           0x0000000000000000        0x0 /usr/local/mcuxpressoide-11.2.1_4149/ide/plugins/com.nxp.mcuxpresso.tools.linux_11.2.0.202001021529/tools/bin/../lib/gcc/arm-none-eabi/9.2.1/../../../../arm-none-eabi/lib/thumb/v7-m/nofp/libcr_c.a(__weak__main.o)

Memory Configuration

Name             Origin             Length             Attributes
MFlash512        0x0000000000000000 0x0000000000080000 xr
RamLoc32         0x0000000010000000 0x0000000000008000 xrw
RamAHB32         0x000000002007c000 0x0000000000008000 xrw
*default*        0x0000000000000000 0xffffffffffffffff

Linker script and memory map

LOAD ./src/systick/DR_SysTick.o
LOAD ./src/pll/DR_PLL.o
LOAD ./src/gpio/DR_GPIO.o
LOAD ./src/Temporizadores/AP_Temporizadores.o
LOAD ./src/Temporizadores/PR_Temporizadores.o
LOAD ./src/Inicializacion/DR_Inicializacion.o
LOAD ./src/Display/DR_Display.o
LOAD ./src/Display/PR_Display.o
LOAD ./src/ADC/DR_ADC.o
LOAD ./src/DisplaySegmentos.o
LOAD ./src/cr_startup_lpc175x_6x.o
LOAD ./src/crp.o
START GROUP
LOAD /usr/local/mcuxpressoide-11.2.1_4149/ide/plugins/com.nxp.mcuxpresso.tools.linux_11.2.0.202001021529/tools/bin/../lib/gcc/arm-none-eabi/9.2.1/../../../../arm-none-eabi/lib/thumb/v7-m/nofp/libcr_c.a
LOAD /usr/local/mcuxpressoide-11.2.1_4149/ide/plugins/com.nxp.mcuxpresso.tools.linux_11.2.0.202001021529/tools/bin/../lib/gcc/arm-none-eabi/9.2.1/thumb/v7-m/nofp/libcr_eabihelpers.a
LOAD /usr/local/mcuxpressoide-11.2.1_4149/ide/plugins/com.nxp.mcuxpresso.tools.linux_11.2.0.202001021529/tools/bin/../lib/gcc/arm-none-eabi/9.2.1/thumb/v7-m/nofp/libgcc.a
END GROUP
                0x0000000000000000                __base_MFlash512 = 0x0
                0x0000000000000000                __base_Flash = 0x0
                0x0000000000080000                __top_MFlash512 = 0x80000
                0x0000000000080000                __top_Flash = 0x80000
                0x0000000010000000                __base_RamLoc32 = 0x10000000
                0x0000000010000000                __base_RAM = 0x10000000
                0x0000000010008000                __top_RamLoc32 = 0x10008000
                0x0000000010008000                __top_RAM = 0x10008000
                0x000000002007c000                __base_RamAHB32 = 0x2007c000
                0x000000002007c000                __base_RAM2 = 0x2007c000
                0x0000000020084000                __top_RamAHB32 = 0x20084000
                0x0000000020084000                __top_RAM2 = 0x20084000

.text           0x0000000000000000      0xc34
 FILL mask 0xff
                0x0000000000000000                __vectors_start__ = ABSOLUTE (.)
 *(.isr_vector)
 .isr_vector    0x0000000000000000       0xcc ./src/cr_startup_lpc175x_6x.o
                0x0000000000000000                g_pfnVectors
                0x00000000000000cc                . = ALIGN (0x4)
                0x00000000000000cc                __section_table_start = .
                0x00000000000000cc                __data_section_table = .
                0x00000000000000cc        0x4 LONG 0xc34 LOADADDR (.data)
                0x00000000000000d0        0x4 LONG 0x10000000 ADDR (.data)
                0x00000000000000d4        0x4 LONG 0x10 SIZEOF (.data)
                0x00000000000000d8        0x4 LONG 0xc34 LOADADDR (.data_RAM2)
                0x00000000000000dc        0x4 LONG 0x2007c000 ADDR (.data_RAM2)
                0x00000000000000e0        0x4 LONG 0x0 SIZEOF (.data_RAM2)
                0x00000000000000e4                __data_section_table_end = .
                0x00000000000000e4                __bss_section_table = .
                0x00000000000000e4        0x4 LONG 0x10000010 ADDR (.bss)
                0x00000000000000e8        0x4 LONG 0x1e8 SIZEOF (.bss)
                0x00000000000000ec        0x4 LONG 0x2007c000 ADDR (.bss_RAM2)
                0x00000000000000f0        0x4 LONG 0x0 SIZEOF (.bss_RAM2)
                0x00000000000000f4                __bss_section_table_end = .
                0x00000000000000f4                __section_table_end = .
 *(.after_vectors*)
 .after_vectors
                0x00000000000000f4      0x12c ./src/cr_startup_lpc175x_6x.o
                0x00000000000000f4                data_init
                0x0000000000000138                bss_init
                0x0000000000000170                ResetISR
                0x00000000000001e4                NMI_Handler
                0x00000000000001ea                HardFault_Handler
                0x00000000000001f0                MemManage_Handler
                0x00000000000001f6                BusFault_Handler
                0x00000000000001fc                UsageFault_Handler
                0x0000000000000202                SVC_Handler
                0x0000000000000208                DebugMon_Handler
                0x000000000000020e                PendSV_Handler
                0x000000000000021a                TIMER2_IRQHandler
                0x000000000000021a                RIT_IRQHandler
                0x000000000000021a                I2C0_IRQHandler
                0x000000000000021a                USBActivity_IRQHandler
                0x000000000000021a                PWM1_IRQHandler
                0x000000000000021a                I2C1_IRQHandler
                0x000000000000021a                EINT2_IRQHandler
                0x000000000000021a                UART1_IRQHandler
                0x000000000000021a                EINT3_IRQHandler
                0x000000000000021a                CANActivity_IRQHandler
                0x000000000000021a                TIMER3_IRQHandler
                0x000000000000021a                UART0_IRQHandler
                0x000000000000021a                IntDefaultHandler
                0x000000000000021a                PLL0_IRQHandler
                0x000000000000021a                CAN_IRQHandler
                0x000000000000021a                PLL1_IRQHandler
                0x000000000000021a                SSP0_IRQHandler
                0x000000000000021a                I2S_IRQHandler
                0x000000000000021a                I2C2_IRQHandler
                0x000000000000021a                RTC_IRQHandler
                0x000000000000021a                TIMER0_IRQHandler
                0x000000000000021a                SPI_IRQHandler
                0x000000000000021a                EINT1_IRQHandler
                0x000000000000021a                TIMER1_IRQHandler
                0x000000000000021a                UART2_IRQHandler
                0x000000000000021a                SSP1_IRQHandler
                0x000000000000021a                USB_IRQHandler
                0x000000000000021a                BOD_IRQHandler
                0x000000000000021a                WDT_IRQHandler
                0x000000000000021a                QEI_IRQHandler
                0x000000000000021a                EINT0_IRQHandler
                0x000000000000021a                DMA_IRQHandler
                0x000000000000021a                UART3_IRQHandler
                0x000000000000021a                MCPWM_IRQHandler
                0x000000000000021a                ENET_IRQHandler
 *(.text*)
 .text.InicializarSysTick
                0x0000000000000220       0x48 ./src/systick/DR_SysTick.o
                0x0000000000000220                InicializarSysTick
 .text.SysTick_Handler
                0x0000000000000268       0x44 ./src/systick/DR_SysTick.o
                0x0000000000000268                SysTick_Handler
 .text.InicializarPLL
                0x00000000000002ac      0x140 ./src/pll/DR_PLL.o
                0x00000000000002ac                InicializarPLL
 .text.SetPINSEL
                0x00000000000003ec       0xa0 ./src/gpio/DR_GPIO.o
                0x00000000000003ec                SetPINSEL
 .text.SetDIR   0x000000000000048c       0x70 ./src/gpio/DR_GPIO.o
                0x000000000000048c                SetDIR
 .text.SetPIN   0x00000000000004fc       0x74 ./src/gpio/DR_GPIO.o
                0x00000000000004fc                SetPIN
 .text.GetPIN   0x0000000000000570       0x58 ./src/gpio/DR_GPIO.o
                0x0000000000000570                GetPIN
 .text.Ev_Display
                0x00000000000005c8        0xc ./src/Temporizadores/AP_Temporizadores.o
                0x00000000000005c8                Ev_Display
 .text.TimerStart
                0x00000000000005d4       0xac ./src/Temporizadores/PR_Temporizadores.o
                0x00000000000005d4                TimerStart
 .text.TimerDescount
                0x0000000000000680       0x70 ./src/Temporizadores/PR_Temporizadores.o
                0x0000000000000680                TimerDescount
 .text.TimerEvent
                0x00000000000006f0       0x48 ./src/Temporizadores/PR_Temporizadores.o
                0x00000000000006f0                TimerEvent
 .text.IniciarDisplay
                0x0000000000000738       0x8a ./src/Display/DR_Display.o
                0x0000000000000738                IniciarDisplay
 *fill*         0x00000000000007c2        0x2 ff
 .text.BarridoDisplay
                0x00000000000007c4      0x150 ./src/Display/DR_Display.o
                0x00000000000007c4                BarridoDisplay
 .text.Apagar   0x0000000000000914       0x44 ./src/Display/DR_Display.o
                0x0000000000000914                Apagar
 .text.Display  0x0000000000000958       0x5c ./src/Display/PR_Display.o
                0x0000000000000958                Display
 .text.ADC_init
                0x00000000000009b4       0xe8 ./src/ADC/DR_ADC.o
                0x00000000000009b4                ADC_init
 .text.ADC_start_conversion
                0x0000000000000a9c       0x20 ./src/ADC/DR_ADC.o
                0x0000000000000a9c                ADC_start_conversion
 .text.ADC_get_average
                0x0000000000000abc       0x14 ./src/ADC/DR_ADC.o
                0x0000000000000abc                ADC_get_average
 .text.ADC_IRQHandler
                0x0000000000000ad0       0x84 ./src/ADC/DR_ADC.o
                0x0000000000000ad0                ADC_IRQHandler
 .text.main     0x0000000000000b54       0x96 ./src/DisplaySegmentos.o
                0x0000000000000b54                main
 .text.AagarRGB
                0x0000000000000bea       0x44 ./src/DisplaySegmentos.o
                0x0000000000000bea                AagarRGB
 .text.__weak_main
                0x0000000000000c2e        0x4 /usr/local/mcuxpressoide-11.2.1_4149/ide/plugins/com.nxp.mcuxpresso.tools.linux_11.2.0.202001021529/tools/bin/../lib/gcc/arm-none-eabi/9.2.1/../../../../arm-none-eabi/lib/thumb/v7-m/nofp/libcr_c.a(__weak__main.o)
                0x0000000000000c2e                __main
                0x0000000000000c2e                __weak_main
 *(.rodata .rodata.* .constdata .constdata.*)
                0x0000000000000c34                . = ALIGN (0x4)
 *fill*         0x0000000000000c32        0x2 ff

.glue_7         0x0000000000000c34        0x0
 .glue_7        0x0000000000000c34        0x0 linker stubs

.glue_7t        0x0000000000000c34        0x0
 .glue_7t       0x0000000000000c34        0x0 linker stubs

.vfp11_veneer   0x0000000000000c34        0x0
 .vfp11_veneer  0x0000000000000c34        0x0 linker stubs

.v4_bx          0x0000000000000c34        0x0
 .v4_bx         0x0000000000000c34        0x0 linker stubs

.iplt           0x0000000000000c34        0x0
 .iplt          0x0000000000000c34        0x0 ./src/systick/DR_SysTick.o

.rel.dyn        0x0000000000000c34        0x0
 .rel.iplt      0x0000000000000c34        0x0 ./src/systick/DR_SysTick.o

.ARM.extab
 *(.ARM.extab* .gnu.linkonce.armextab.*)

.ARM.exidx      0x0000000000000c34        0x0
                0x0000000000000c34                __exidx_start = .
 *(.ARM.exidx* .gnu.linkonce.armexidx.*)
                0x0000000000000c34                __exidx_end = .
                0x0000000000000c34                _etext = .

.data_RAM2      0x000000002007c000        0x0 load address 0x0000000000000c34
 FILL mask 0xff
                [!provide]                        PROVIDE (__start_data_RAM2 = .)
                [!provide]                        PROVIDE (__start_data_RamAHB32 = .)
 *(.ramfunc.$RAM2)
 *(.ramfunc.$RamAHB32)
 *(.data.$RAM2)
 *(.data.$RamAHB32)
 *(.data.$RAM2.*)
 *(.data.$RamAHB32.*)
                0x000000002007c000                . = ALIGN (0x4)
                [!provide]                        PROVIDE (__end_data_RAM2 = .)
                [!provide]                        PROVIDE (__end_data_RamAHB32 = .)

.uninit_RESERVED
                0x0000000010000000        0x0
                0x0000000010000000                _start_uninit_RESERVED = .
 *(.bss.$RESERVED*)
                0x0000000010000000                . = ALIGN (0x4)
                0x0000000010000000                _end_uninit_RESERVED = .

.data           0x0000000010000000       0x10 load address 0x0000000000000c34
 FILL mask 0xff
                0x0000000010000000                _data = .
                [!provide]                        PROVIDE (__start_data_RAM = .)
                [!provide]                        PROVIDE (__start_data_RamLoc32 = .)
 *(vtable)
 *(.ramfunc*)
 *(CodeQuickAccess)
 *(DataQuickAccess)
 *(RamFunction)
 *(.data*)
 .data.Tabla_Digitos_BCD_7seg
                0x0000000010000000        0xa ./src/Display/DR_Display.o
                0x0000000010000000                Tabla_Digitos_BCD_7seg
 .data.IndiceDisplay.3767
                0x000000001000000a        0x1 ./src/Display/DR_Display.o
 *fill*         0x000000001000000b        0x1 ff
 .data.ADC      0x000000001000000c        0x4 ./src/ADC/DR_ADC.o
                0x0000000010000010                . = ALIGN (0x4)
                0x0000000010000010                _edata = .
                [!provide]                        PROVIDE (__end_data_RAM = .)
                [!provide]                        PROVIDE (__end_data_RamLoc32 = .)

.igot.plt       0x0000000010000010        0x0 load address 0x0000000000000c44
 .igot.plt      0x0000000010000010        0x0 ./src/systick/DR_SysTick.o

.bss_RAM2       0x000000002007c000        0x0
                [!provide]                        PROVIDE (__start_bss_RAM2 = .)
                [!provide]                        PROVIDE (__start_bss_RamAHB32 = .)
 *(.bss.$RAM2)
 *(.bss.$RamAHB32)
 *(.bss.$RAM2.*)
 *(.bss.$RamAHB32.*)
                0x000000002007c000                . = ALIGN ((. != 0x0)?0x4:0x1)
                [!provide]                        PROVIDE (__end_bss_RAM2 = .)
                [!provide]                        PROVIDE (__end_bss_RamAHB32 = .)

.bss            0x0000000010000010      0x1e8
                0x0000000010000010                _bss = .
                [!provide]                        PROVIDE (__start_bss_RAM = .)
                [!provide]                        PROVIDE (__start_bss_RamLoc32 = .)
 *(.bss*)
 .bss.adc_counter.3821
                0x0000000010000010        0x4 ./src/systick/DR_SysTick.o
 .bss.TmrRun    0x0000000010000014       0x78 ./src/Temporizadores/PR_Temporizadores.o
                0x0000000010000014                TmrRun
 .bss.TmrFunciones
                0x000000001000008c       0x78 ./src/Temporizadores/PR_Temporizadores.o
                0x000000001000008c                TmrFunciones
 .bss.TmrFlag   0x0000000010000104       0x1e ./src/Temporizadores/PR_Temporizadores.o
                0x0000000010000104                TmrFlag
 *fill*         0x0000000010000122        0x2 
 .bss.TmrPause  0x0000000010000124       0x1e ./src/Temporizadores/PR_Temporizadores.o
                0x0000000010000124                TmrPause
 *fill*         0x0000000010000142        0x2 
 .bss.TmrBase   0x0000000010000144       0x1e ./src/Temporizadores/PR_Temporizadores.o
                0x0000000010000144                TmrBase
 *fill*         0x0000000010000162        0x2 
 .bss.MSG_DSP   0x0000000010000164        0x6 ./src/Display/DR_Display.o
                0x0000000010000164                MSG_DSP
 *fill*         0x000000001000016a        0x2 
 .bss.ADC_buffer
                0x000000001000016c       0x80 ./src/ADC/DR_ADC.o
 .bss.ADC_buffer_index
                0x00000000100001ec        0x4 ./src/ADC/DR_ADC.o
 .bss.ADC_average
                0x00000000100001f0        0x4 ./src/ADC/DR_ADC.o
 .bss.acummulator.3779
                0x00000000100001f4        0x4 ./src/ADC/DR_ADC.o
 *(COMMON)
                0x00000000100001f8                . = ALIGN (0x4)
                0x00000000100001f8                _ebss = .
                [!provide]                        PROVIDE (__end_bss_RAM = .)
                [!provide]                        PROVIDE (__end_bss_RamLoc32 = .)
                [!provide]                        PROVIDE (end = .)

.noinit_RAM2    0x000000002007c000        0x0
                [!provide]                        PROVIDE (__start_noinit_RAM2 = .)
                [!provide]                        PROVIDE (__start_noinit_RamAHB32 = .)
 *(.noinit.$RAM2)
 *(.noinit.$RamAHB32)
 *(.noinit.$RAM2.*)
 *(.noinit.$RamAHB32.*)
                0x000000002007c000                . = ALIGN (0x4)
                [!provide]                        PROVIDE (__end_noinit_RAM2 = .)
                [!provide]                        PROVIDE (__end_noinit_RamAHB32 = .)

.noinit         0x00000000100001f8        0x0
                0x00000000100001f8                _noinit = .
                [!provide]                        PROVIDE (__start_noinit_RAM = .)
                [!provide]                        PROVIDE (__start_noinit_RamLoc32 = .)
 *(.noinit*)
                0x00000000100001f8                . = ALIGN (0x4)
                0x00000000100001f8                _end_noinit = .
                [!provide]                        PROVIDE (__end_noinit_RAM = .)
                [!provide]                        PROVIDE (__end_noinit_RamLoc32 = .)
                [!provide]                        PROVIDE (_pvHeapStart = DEFINED (__user_heap_base)?__user_heap_base:.)
                0x0000000010008000                PROVIDE (_vStackTop = DEFINED (__user_stack_top)?__user_stack_top:(__top_RamLoc32 - 0x0))
                0xffffffffefff74da                PROVIDE (__valid_user_code_checksum = (0x0 - ((((((_vStackTop + (ResetISR + 0x1)) + (NMI_Handler + 0x1)) + (HardFault_Handler + 0x1)) + (DEFINED (MemManage_Handler)?MemManage_Handler:0x0 + 0x1)) + (DEFINED (BusFault_Handler)?BusFault_Handler:0x0 + 0x1)) + (DEFINED (UsageFault_Handler)?UsageFault_Handler:0x0 + 0x1))))
                0x0000000000000000                _image_start = LOADADDR (.text)
                0x0000000000000c44                _image_end = (LOADADDR (.data) + SIZEOF (.data))
                0x0000000000000c44                _image_size = (_image_end - _image_start)
OUTPUT(DisplaySegmentos.axf elf32-littlearm)

.debug_info     0x0000000000000000     0x203e
 .debug_info    0x0000000000000000      0x6d3 ./src/systick/DR_SysTick.o
 .debug_info    0x00000000000006d3       0x72 ./src/pll/DR_PLL.o
 .debug_info    0x0000000000000745      0x2e7 ./src/gpio/DR_GPIO.o
 .debug_info    0x0000000000000a2c      0x18a ./src/Temporizadores/AP_Temporizadores.o
 .debug_info    0x0000000000000bb6      0x30b ./src/Temporizadores/PR_Temporizadores.o
 .debug_info    0x0000000000000ec1      0x1ab ./src/Display/DR_Display.o
 .debug_info    0x000000000000106c      0x195 ./src/Display/PR_Display.o
 .debug_info    0x0000000000001201      0x5b7 ./src/ADC/DR_ADC.o
 .debug_info    0x00000000000017b8      0x614 ./src/DisplaySegmentos.o
 .debug_info    0x0000000000001dcc      0x272 ./src/cr_startup_lpc175x_6x.o

.debug_abbrev   0x0000000000000000      0x9f2
 .debug_abbrev  0x0000000000000000      0x14c ./src/systick/DR_SysTick.o
 .debug_abbrev  0x000000000000014c       0x56 ./src/pll/DR_PLL.o
 .debug_abbrev  0x00000000000001a2      0x100 ./src/gpio/DR_GPIO.o
 .debug_abbrev  0x00000000000002a2       0xdf ./src/Temporizadores/AP_Temporizadores.o
 .debug_abbrev  0x0000000000000381      0x136 ./src/Temporizadores/PR_Temporizadores.o
 .debug_abbrev  0x00000000000004b7       0xda ./src/Display/DR_Display.o
 .debug_abbrev  0x0000000000000591       0xf4 ./src/Display/PR_Display.o
 .debug_abbrev  0x0000000000000685      0x13a ./src/ADC/DR_ADC.o
 .debug_abbrev  0x00000000000007bf      0x11c ./src/DisplaySegmentos.o
 .debug_abbrev  0x00000000000008db      0x117 ./src/cr_startup_lpc175x_6x.o

.debug_aranges  0x0000000000000000      0x268
 .debug_aranges
                0x0000000000000000       0x28 ./src/systick/DR_SysTick.o
 .debug_aranges
                0x0000000000000028       0x20 ./src/pll/DR_PLL.o
 .debug_aranges
                0x0000000000000048       0x50 ./src/gpio/DR_GPIO.o
 .debug_aranges
                0x0000000000000098       0x38 ./src/Temporizadores/AP_Temporizadores.o
 .debug_aranges
                0x00000000000000d0       0x58 ./src/Temporizadores/PR_Temporizadores.o
 .debug_aranges
                0x0000000000000128       0x30 ./src/Display/DR_Display.o
 .debug_aranges
                0x0000000000000158       0x30 ./src/Display/PR_Display.o
 .debug_aranges
                0x0000000000000188       0x38 ./src/ADC/DR_ADC.o
 .debug_aranges
                0x00000000000001c0       0x28 ./src/DisplaySegmentos.o
 .debug_aranges
                0x00000000000001e8       0x80 ./src/cr_startup_lpc175x_6x.o

.debug_ranges   0x0000000000000000      0x1c8
 .debug_ranges  0x0000000000000000       0x18 ./src/systick/DR_SysTick.o
 .debug_ranges  0x0000000000000018       0x10 ./src/pll/DR_PLL.o
 .debug_ranges  0x0000000000000028       0x40 ./src/gpio/DR_GPIO.o
 .debug_ranges  0x0000000000000068       0x28 ./src/Temporizadores/AP_Temporizadores.o
 .debug_ranges  0x0000000000000090       0x48 ./src/Temporizadores/PR_Temporizadores.o
 .debug_ranges  0x00000000000000d8       0x20 ./src/Display/DR_Display.o
 .debug_ranges  0x00000000000000f8       0x20 ./src/Display/PR_Display.o
 .debug_ranges  0x0000000000000118       0x28 ./src/ADC/DR_ADC.o
 .debug_ranges  0x0000000000000140       0x18 ./src/DisplaySegmentos.o
 .debug_ranges  0x0000000000000158       0x70 ./src/cr_startup_lpc175x_6x.o

.debug_macro    0x0000000000000000     0x11c8
 .debug_macro   0x0000000000000000       0x75 ./src/systick/DR_SysTick.o
 .debug_macro   0x0000000000000075      0xaa8 ./src/systick/DR_SysTick.o
 .debug_macro   0x0000000000000b1d       0x1c ./src/systick/DR_SysTick.o
 .debug_macro   0x0000000000000b39       0x3a ./src/systick/DR_SysTick.o
 .debug_macro   0x0000000000000b73       0x46 ./src/systick/DR_SysTick.o
 .debug_macro   0x0000000000000bb9      0x112 ./src/systick/DR_SysTick.o
 .debug_macro   0x0000000000000ccb       0x5e ./src/systick/DR_SysTick.o
 .debug_macro   0x0000000000000d29       0x16 ./src/systick/DR_SysTick.o
 .debug_macro   0x0000000000000d3f       0x29 ./src/pll/DR_PLL.o
 .debug_macro   0x0000000000000d68       0x29 ./src/gpio/DR_GPIO.o
 .debug_macro   0x0000000000000d91       0x67 ./src/Temporizadores/AP_Temporizadores.o
 .debug_macro   0x0000000000000df8       0xd6 ./src/Temporizadores/AP_Temporizadores.o
 .debug_macro   0x0000000000000ece       0x4c ./src/Temporizadores/AP_Temporizadores.o
 .debug_macro   0x0000000000000f1a       0x8e ./src/Temporizadores/AP_Temporizadores.o
 .debug_macro   0x0000000000000fa8       0x29 ./src/Temporizadores/PR_Temporizadores.o
 .debug_macro   0x0000000000000fd1       0x84 ./src/Display/DR_Display.o
 .debug_macro   0x0000000000001055       0x6b ./src/Display/PR_Display.o
 .debug_macro   0x00000000000010c0       0x4f ./src/ADC/DR_ADC.o
 .debug_macro   0x000000000000110f       0x9c ./src/DisplaySegmentos.o
 .debug_macro   0x00000000000011ab       0x1d ./src/cr_startup_lpc175x_6x.o

.debug_line     0x0000000000000000     0x1fe8
 .debug_line    0x0000000000000000      0x2eb ./src/systick/DR_SysTick.o
 .debug_line    0x00000000000002eb      0x199 ./src/pll/DR_PLL.o
 .debug_line    0x0000000000000484      0x26c ./src/gpio/DR_GPIO.o
 .debug_line    0x00000000000006f0      0x37a ./src/Temporizadores/AP_Temporizadores.o
 .debug_line    0x0000000000000a6a      0x2b7 ./src/Temporizadores/PR_Temporizadores.o
 .debug_line    0x0000000000000d21      0x4f6 ./src/Display/DR_Display.o
 .debug_line    0x0000000000001217      0x2f5 ./src/Display/PR_Display.o
 .debug_line    0x000000000000150c      0x279 ./src/ADC/DR_ADC.o
 .debug_line    0x0000000000001785      0x704 ./src/DisplaySegmentos.o
 .debug_line    0x0000000000001e89      0x15f ./src/cr_startup_lpc175x_6x.o

.debug_str      0x0000000000000000     0x416f
 .debug_str     0x0000000000000000     0x3896 ./src/systick/DR_SysTick.o
                                       0x391d (size before relaxing)
 .debug_str     0x0000000000003896       0x54 ./src/pll/DR_PLL.o
                                       0x33bc (size before relaxing)
 .debug_str     0x00000000000038ea       0x8f ./src/gpio/DR_GPIO.o
                                       0x2f9e (size before relaxing)
 .debug_str     0x0000000000003979      0x46f ./src/Temporizadores/AP_Temporizadores.o
                                       0x3443 (size before relaxing)
 .debug_str     0x0000000000003de8       0x91 ./src/Temporizadores/PR_Temporizadores.o
                                       0x2fbb (size before relaxing)
 .debug_str     0x0000000000003e79       0x6d ./src/Display/DR_Display.o
                                       0x340f (size before relaxing)
 .debug_str     0x0000000000003ee6       0x38 ./src/Display/PR_Display.o
                                       0x3261 (size before relaxing)
 .debug_str     0x0000000000003f1e       0x63 ./src/ADC/DR_ADC.o
                                       0x36eb (size before relaxing)
 .debug_str     0x0000000000003f81       0x28 ./src/DisplaySegmentos.o
                                       0x3c59 (size before relaxing)
 .debug_str     0x0000000000003fa9      0x1c6 ./src/cr_startup_lpc175x_6x.o
                                       0x2fc9 (size before relaxing)

.comment        0x0000000000000000       0x79
 .comment       0x0000000000000000       0x79 ./src/systick/DR_SysTick.o
                                         0x7a (size before relaxing)
 .comment       0x0000000000000079       0x7a ./src/pll/DR_PLL.o
 .comment       0x0000000000000079       0x7a ./src/gpio/DR_GPIO.o
 .comment       0x0000000000000079       0x7a ./src/Temporizadores/AP_Temporizadores.o
 .comment       0x0000000000000079       0x7a ./src/Temporizadores/PR_Temporizadores.o
 .comment       0x0000000000000079       0x7a ./src/Display/DR_Display.o
 .comment       0x0000000000000079       0x7a ./src/Display/PR_Display.o
 .comment       0x0000000000000079       0x7a ./src/ADC/DR_ADC.o
 .comment       0x0000000000000079       0x7a ./src/DisplaySegmentos.o
 .comment       0x0000000000000079       0x7a ./src/cr_startup_lpc175x_6x.o
 .comment       0x0000000000000079       0x7a /usr/local/mcuxpressoide-11.2.1_4149/ide/plugins/com.nxp.mcuxpresso.tools.linux_11.2.0.202001021529/tools/bin/../lib/gcc/arm-none-eabi/9.2.1/../../../../arm-none-eabi/lib/thumb/v7-m/nofp/libcr_c.a(__weak__main.o)

.ARM.attributes
                0x0000000000000000       0x2d
 .ARM.attributes
                0x0000000000000000       0x2d ./src/systick/DR_SysTick.o
 .ARM.attributes
                0x000000000000002d       0x2d ./src/pll/DR_PLL.o
 .ARM.attributes
                0x000000000000005a       0x2d ./src/gpio/DR_GPIO.o
 .ARM.attributes
                0x0000000000000087       0x2d ./src/Temporizadores/AP_Temporizadores.o
 .ARM.attributes
                0x00000000000000b4       0x2d ./src/Temporizadores/PR_Temporizadores.o
 .ARM.attributes
                0x00000000000000e1       0x2d ./src/Display/DR_Display.o
 .ARM.attributes
                0x000000000000010e       0x2d ./src/Display/PR_Display.o
 .ARM.attributes
                0x000000000000013b       0x2d ./src/ADC/DR_ADC.o
 .ARM.attributes
                0x0000000000000168       0x2d ./src/DisplaySegmentos.o
 .ARM.attributes
                0x0000000000000195       0x2d ./src/cr_startup_lpc175x_6x.o
 .ARM.attributes
                0x00000000000001c2       0x2d /usr/local/mcuxpressoide-11.2.1_4149/ide/plugins/com.nxp.mcuxpresso.tools.linux_11.2.0.202001021529/tools/bin/../lib/gcc/arm-none-eabi/9.2.1/../../../../arm-none-eabi/lib/thumb/v7-m/nofp/libcr_c.a(__weak__main.o)

.debug_frame    0x0000000000000000      0x6a4
 .debug_frame   0x0000000000000000       0x4c ./src/systick/DR_SysTick.o
 .debug_frame   0x000000000000004c       0x30 ./src/pll/DR_PLL.o
 .debug_frame   0x000000000000007c      0x124 ./src/gpio/DR_GPIO.o
 .debug_frame   0x00000000000001a0       0x88 ./src/Temporizadores/AP_Temporizadores.o
 .debug_frame   0x0000000000000228      0x148 ./src/Temporizadores/PR_Temporizadores.o
 .debug_frame   0x0000000000000370       0x6c ./src/Display/DR_Display.o
 .debug_frame   0x00000000000003dc       0x78 ./src/Display/PR_Display.o
 .debug_frame   0x0000000000000454       0x94 ./src/ADC/DR_ADC.o
 .debug_frame   0x00000000000004e8       0x4c ./src/DisplaySegmentos.o
 .debug_frame   0x0000000000000534      0x170 ./src/cr_startup_lpc175x_6x.o

Cross Reference Table

Symbol                                            File
ADC_IRQHandler                                    ./src/ADC/DR_ADC.o
ADC_get_average                                   ./src/ADC/DR_ADC.o
                                                  ./src/DisplaySegmentos.o
ADC_init                                          ./src/ADC/DR_ADC.o
                                                  ./src/DisplaySegmentos.o
ADC_start_conversion                              ./src/ADC/DR_ADC.o
                                                  ./src/systick/DR_SysTick.o
AagarRGB                                          ./src/DisplaySegmentos.o
Apagar                                            ./src/Display/DR_Display.o
                                                  ./src/Display/PR_Display.o
ApagarDisplay                                     ./src/Display/PR_Display.o
BOD_IRQHandler                                    ./src/cr_startup_lpc175x_6x.o
BarridoDisplay                                    ./src/Display/DR_Display.o
                                                  ./src/Display/PR_Display.o
                                                  ./src/Temporizadores/AP_Temporizadores.o
BusFault_Handler                                  ./src/cr_startup_lpc175x_6x.o
CANActivity_IRQHandler                            ./src/cr_startup_lpc175x_6x.o
CAN_IRQHandler                                    ./src/cr_startup_lpc175x_6x.o
CRP_WORD                                          ./src/crp.o
DMA_IRQHandler                                    ./src/cr_startup_lpc175x_6x.o
DebugMon_Handler                                  ./src/cr_startup_lpc175x_6x.o
Display                                           ./src/Display/PR_Display.o
                                                  ./src/DisplaySegmentos.o
Display1                                          ./src/Display/PR_Display.o
EINT0_IRQHandler                                  ./src/cr_startup_lpc175x_6x.o
EINT1_IRQHandler                                  ./src/cr_startup_lpc175x_6x.o
EINT2_IRQHandler                                  ./src/cr_startup_lpc175x_6x.o
EINT3_IRQHandler                                  ./src/cr_startup_lpc175x_6x.o
ENET_IRQHandler                                   ./src/cr_startup_lpc175x_6x.o
Ev_Display                                        ./src/Temporizadores/AP_Temporizadores.o
                                                  ./src/Display/DR_Display.o
Ev_Estado1                                        ./src/Temporizadores/AP_Temporizadores.o
Ev_Estado2                                        ./src/Temporizadores/AP_Temporizadores.o
Ev_Relay0                                         ./src/Temporizadores/AP_Temporizadores.o
GetPIN                                            ./src/gpio/DR_GPIO.o
                                                  ./src/DisplaySegmentos.o
HardFault_Handler                                 ./src/cr_startup_lpc175x_6x.o
I2C0_IRQHandler                                   ./src/cr_startup_lpc175x_6x.o
I2C1_IRQHandler                                   ./src/cr_startup_lpc175x_6x.o
I2C2_IRQHandler                                   ./src/cr_startup_lpc175x_6x.o
I2S_IRQHandler                                    ./src/cr_startup_lpc175x_6x.o
InicializacionExp1                                ./src/Inicializacion/DR_Inicializacion.o
InicializarPLL                                    ./src/pll/DR_PLL.o
                                                  ./src/DisplaySegmentos.o
                                                  ./src/Inicializacion/DR_Inicializacion.o
InicializarSysTick                                ./src/systick/DR_SysTick.o
                                                  ./src/DisplaySegmentos.o
                                                  ./src/Inicializacion/DR_Inicializacion.o
IniciarDisplay                                    ./src/Display/DR_Display.o
                                                  ./src/DisplaySegmentos.o
IntDefaultHandler                                 ./src/cr_startup_lpc175x_6x.o
MCPWM_IRQHandler                                  ./src/cr_startup_lpc175x_6x.o
MSG_DSP                                           ./src/Display/DR_Display.o
                                                  ./src/Display/PR_Display.o
MemManage_Handler                                 ./src/cr_startup_lpc175x_6x.o
NMI_Handler                                       ./src/cr_startup_lpc175x_6x.o
PLL0_IRQHandler                                   ./src/cr_startup_lpc175x_6x.o
PLL1_IRQHandler                                   ./src/cr_startup_lpc175x_6x.o
PWM1_IRQHandler                                   ./src/cr_startup_lpc175x_6x.o
PendSV_Handler                                    ./src/cr_startup_lpc175x_6x.o
QEI_IRQHandler                                    ./src/cr_startup_lpc175x_6x.o
RIT_IRQHandler                                    ./src/cr_startup_lpc175x_6x.o
RTC_IRQHandler                                    ./src/cr_startup_lpc175x_6x.o
ResetISR                                          ./src/cr_startup_lpc175x_6x.o
SPI_IRQHandler                                    ./src/cr_startup_lpc175x_6x.o
SSP0_IRQHandler                                   ./src/cr_startup_lpc175x_6x.o
SSP1_IRQHandler                                   ./src/cr_startup_lpc175x_6x.o
SVC_Handler                                       ./src/cr_startup_lpc175x_6x.o
SetDIR                                            ./src/gpio/DR_GPIO.o
                                                  ./src/DisplaySegmentos.o
                                                  ./src/Display/DR_Display.o
SetPIN                                            ./src/gpio/DR_GPIO.o
                                                  ./src/DisplaySegmentos.o
                                                  ./src/Display/DR_Display.o
SetPINMODE                                        ./src/gpio/DR_GPIO.o
SetPINMODE_OD                                     ./src/gpio/DR_GPIO.o
SetPINSEL                                         ./src/gpio/DR_GPIO.o
                                                  ./src/ADC/DR_ADC.o
SetTOGGLE                                         ./src/gpio/DR_GPIO.o
SysTick_Handler                                   ./src/systick/DR_SysTick.o
TIMER0_IRQHandler                                 ./src/cr_startup_lpc175x_6x.o
TIMER1_IRQHandler                                 ./src/cr_startup_lpc175x_6x.o
TIMER2_IRQHandler                                 ./src/cr_startup_lpc175x_6x.o
TIMER3_IRQHandler                                 ./src/cr_startup_lpc175x_6x.o
Tabla_Digitos_BCD_7seg                            ./src/Display/DR_Display.o
TimerClose                                        ./src/Temporizadores/PR_Temporizadores.o
TimerDescount                                     ./src/Temporizadores/PR_Temporizadores.o
                                                  ./src/systick/DR_SysTick.o
TimerEvent                                        ./src/Temporizadores/PR_Temporizadores.o
                                                  ./src/DisplaySegmentos.o
TimerGet                                          ./src/Temporizadores/PR_Temporizadores.o
TimerPause                                        ./src/Temporizadores/PR_Temporizadores.o
TimerSet                                          ./src/Temporizadores/PR_Temporizadores.o
TimerStart                                        ./src/Temporizadores/PR_Temporizadores.o
                                                  ./src/Display/DR_Display.o
                                                  ./src/Temporizadores/AP_Temporizadores.o
TimerStop                                         ./src/Temporizadores/PR_Temporizadores.o
TmrBase                                           ./src/Temporizadores/PR_Temporizadores.o
TmrFlag                                           ./src/Temporizadores/PR_Temporizadores.o
TmrFunciones                                      ./src/Temporizadores/PR_Temporizadores.o
TmrPause                                          ./src/Temporizadores/PR_Temporizadores.o
TmrRun                                            ./src/Temporizadores/PR_Temporizadores.o
UART0_IRQHandler                                  ./src/cr_startup_lpc175x_6x.o
UART1_IRQHandler                                  ./src/cr_startup_lpc175x_6x.o
UART2_IRQHandler                                  ./src/cr_startup_lpc175x_6x.o
UART3_IRQHandler                                  ./src/cr_startup_lpc175x_6x.o
USBActivity_IRQHandler                            ./src/cr_startup_lpc175x_6x.o
USB_IRQHandler                                    ./src/cr_startup_lpc175x_6x.o
UsageFault_Handler                                ./src/cr_startup_lpc175x_6x.o
WDT_IRQHandler                                    ./src/cr_startup_lpc175x_6x.o
__bss_section_table_end                           ./src/cr_startup_lpc175x_6x.o
__data_section_table                              ./src/cr_startup_lpc175x_6x.o
__data_section_table_end                          ./src/cr_startup_lpc175x_6x.o
__main                                            /usr/local/mcuxpressoide-11.2.1_4149/ide/plugins/com.nxp.mcuxpresso.tools.linux_11.2.0.202001021529/tools/bin/../lib/gcc/arm-none-eabi/9.2.1/../../../../arm-none-eabi/lib/thumb/v7-m/nofp/libcr_c.a(__weak__main.o)
                                                  ./src/cr_startup_lpc175x_6x.o
__valid_user_code_checksum                        ./src/cr_startup_lpc175x_6x.o
__weak_main                                       /usr/local/mcuxpressoide-11.2.1_4149/ide/plugins/com.nxp.mcuxpresso.tools.linux_11.2.0.202001021529/tools/bin/../lib/gcc/arm-none-eabi/9.2.1/../../../../arm-none-eabi/lib/thumb/v7-m/nofp/libcr_c.a(__weak__main.o)
_vStackTop                                        ./src/cr_startup_lpc175x_6x.o
bss_init                                          ./src/cr_startup_lpc175x_6x.o
data_init                                         ./src/cr_startup_lpc175x_6x.o
fEventoTiempo_1                                   ./src/Temporizadores/AP_Temporizadores.o
fEventoTiempo_2                                   ./src/Temporizadores/AP_Temporizadores.o
g_pfnVectors                                      ./src/cr_startup_lpc175x_6x.o
main                                              ./src/DisplaySegmentos.o
                                                  /usr/local/mcuxpressoide-11.2.1_4149/ide/plugins/com.nxp.mcuxpresso.tools.linux_11.2.0.202001021529/tools/bin/../lib/gcc/arm-none-eabi/9.2.1/../../../../arm-none-eabi/lib/thumb/v7-m/nofp/libcr_c.a(__weak__main.o)
