rx_trama.c:65:6:rx_trama_MDE	16	static
rx_trama.c:159:19:rx_trama_current_state	4	static
rx_trama.c:163:16:check_if_data_valid	16	static
rx_trama.c:185:13:start_rx_timeout	8	static
rx_trama.c:190:13:restart_rx_timeout	8	static
rx_trama.c:195:13:stop_rx_timeout	8	static
rx_trama.c:199:13:rx_timeout_callback	16	static
rx_trama.c:203:13:start_err_timeout	8	static
rx_trama.c:208:13:err_timeout_callback	16	static
rx_trama.c:212:13:err_func	8	static
rx_trama.c:218:13:start_datos_timeout	8	static
rx_trama.c:223:13:datos_timeout_callback	16	static
rx_trama.c:227:13:stop_datos_timeout	8	static
rx_trama.c:231:21:get_temp_min	16	static
rx_trama.c:239:21:get_temp_max	16	static
rx_trama.c:247:21:get_riego	16	static
rx_trama.c:252:9:is_ready	8	static
rx_trama.c:260:13:update_datos	16	static
rx_trama.c:272:17:get_humedad	4	static
rx_trama.c:279:17:get_temp	4	static
