Archive member included to satisfy reference by file (symbol)

/usr/local/mcuxpressoide-11.2.1_4149/ide/plugins/com.nxp.mcuxpresso.tools.linux_11.2.0.202001021529/tools/bin/../lib/gcc/arm-none-eabi/9.2.1/../../../../arm-none-eabi/lib/thumb/v7-m/nofp/libcr_c.a(__weak__main.o)
                              ./src/cr_startup_lpc175x_6x.o (__main)

Discarded input sections

 .group         0x0000000000000000        0xc ./src/systick/DR_SysTick.o
 .group         0x0000000000000000        0xc ./src/systick/DR_SysTick.o
 .group         0x0000000000000000        0xc ./src/systick/DR_SysTick.o
 .group         0x0000000000000000        0xc ./src/systick/DR_SysTick.o
 .text          0x0000000000000000        0x0 ./src/systick/DR_SysTick.o
 .data          0x0000000000000000        0x0 ./src/systick/DR_SysTick.o
 .bss           0x0000000000000000        0x0 ./src/systick/DR_SysTick.o
 .group         0x0000000000000000        0xc ./src/pll/DR_PLL.o
 .group         0x0000000000000000        0xc ./src/pll/DR_PLL.o
 .group         0x0000000000000000        0xc ./src/pll/DR_PLL.o
 .text          0x0000000000000000        0x0 ./src/pll/DR_PLL.o
 .data          0x0000000000000000        0x0 ./src/pll/DR_PLL.o
 .bss           0x0000000000000000        0x0 ./src/pll/DR_PLL.o
 .debug_macro   0x0000000000000000      0xaa8 ./src/pll/DR_PLL.o
 .debug_macro   0x0000000000000000       0x1c ./src/pll/DR_PLL.o
 .group         0x0000000000000000        0xc ./src/gpio/DR_GPIO.o
 .group         0x0000000000000000        0xc ./src/gpio/DR_GPIO.o
 .group         0x0000000000000000        0xc ./src/gpio/DR_GPIO.o
 .text          0x0000000000000000        0x0 ./src/gpio/DR_GPIO.o
 .data          0x0000000000000000        0x0 ./src/gpio/DR_GPIO.o
 .bss           0x0000000000000000        0x0 ./src/gpio/DR_GPIO.o
 .text.SetTOGGLE
                0x0000000000000000       0x40 ./src/gpio/DR_GPIO.o
 .debug_macro   0x0000000000000000      0xaa8 ./src/gpio/DR_GPIO.o
 .debug_macro   0x0000000000000000       0x1c ./src/gpio/DR_GPIO.o
 .group         0x0000000000000000        0xc ./src/Temporizadores/AP_Temporizadores.o
 .group         0x0000000000000000        0xc ./src/Temporizadores/AP_Temporizadores.o
 .group         0x0000000000000000        0xc ./src/Temporizadores/AP_Temporizadores.o
 .group         0x0000000000000000        0xc ./src/Temporizadores/AP_Temporizadores.o
 .group         0x0000000000000000        0xc ./src/Temporizadores/AP_Temporizadores.o
 .group         0x0000000000000000        0xc ./src/Temporizadores/AP_Temporizadores.o
 .group         0x0000000000000000        0xc ./src/Temporizadores/AP_Temporizadores.o
 .group         0x0000000000000000        0xc ./src/Temporizadores/AP_Temporizadores.o
 .group         0x0000000000000000        0xc ./src/Temporizadores/AP_Temporizadores.o
 .group         0x0000000000000000        0xc ./src/Temporizadores/AP_Temporizadores.o
 .group         0x0000000000000000        0xc ./src/Temporizadores/AP_Temporizadores.o
 .group         0x0000000000000000        0xc ./src/Temporizadores/AP_Temporizadores.o
 .group         0x0000000000000000        0xc ./src/Temporizadores/AP_Temporizadores.o
 .group         0x0000000000000000        0xc ./src/Temporizadores/AP_Temporizadores.o
 .text          0x0000000000000000        0x0 ./src/Temporizadores/AP_Temporizadores.o
 .data          0x0000000000000000        0x0 ./src/Temporizadores/AP_Temporizadores.o
 .bss           0x0000000000000000        0x0 ./src/Temporizadores/AP_Temporizadores.o
 .bss.fEventoTiempo_1
                0x0000000000000000        0x1 ./src/Temporizadores/AP_Temporizadores.o
 .bss.fEventoTiempo_2
                0x0000000000000000        0x1 ./src/Temporizadores/AP_Temporizadores.o
 .text.Ev_Relay0
                0x0000000000000000       0x4c ./src/Temporizadores/AP_Temporizadores.o
 .text.Ev_Estado1
                0x0000000000000000       0x18 ./src/Temporizadores/AP_Temporizadores.o
 .text.Ev_Estado2
                0x0000000000000000       0x18 ./src/Temporizadores/AP_Temporizadores.o
 .bss.modulo.4029
                0x0000000000000000        0x1 ./src/Temporizadores/AP_Temporizadores.o
 .debug_macro   0x0000000000000000      0xaa8 ./src/Temporizadores/AP_Temporizadores.o
 .debug_macro   0x0000000000000000       0x1c ./src/Temporizadores/AP_Temporizadores.o
 .debug_macro   0x0000000000000000       0x46 ./src/Temporizadores/AP_Temporizadores.o
 .debug_macro   0x0000000000000000       0x5e ./src/Temporizadores/AP_Temporizadores.o
 .debug_macro   0x0000000000000000      0x112 ./src/Temporizadores/AP_Temporizadores.o
 .group         0x0000000000000000        0xc ./src/Temporizadores/PR_Temporizadores.o
 .group         0x0000000000000000        0xc ./src/Temporizadores/PR_Temporizadores.o
 .group         0x0000000000000000        0xc ./src/Temporizadores/PR_Temporizadores.o
 .text          0x0000000000000000        0x0 ./src/Temporizadores/PR_Temporizadores.o
 .data          0x0000000000000000        0x0 ./src/Temporizadores/PR_Temporizadores.o
 .bss           0x0000000000000000        0x0 ./src/Temporizadores/PR_Temporizadores.o
 .text.TimerEvent
                0x0000000000000000       0x48 ./src/Temporizadores/PR_Temporizadores.o
 .text.TimerPause
                0x0000000000000000       0x38 ./src/Temporizadores/PR_Temporizadores.o
 .text.TimerGet
                0x0000000000000000       0xa4 ./src/Temporizadores/PR_Temporizadores.o
 .text.TimerSet
                0x0000000000000000       0x90 ./src/Temporizadores/PR_Temporizadores.o
 .text.TimerStop
                0x0000000000000000       0x4c ./src/Temporizadores/PR_Temporizadores.o
 .text.TimerClose
                0x0000000000000000       0x28 ./src/Temporizadores/PR_Temporizadores.o
 .debug_macro   0x0000000000000000      0xaa8 ./src/Temporizadores/PR_Temporizadores.o
 .debug_macro   0x0000000000000000       0x1c ./src/Temporizadores/PR_Temporizadores.o
 .debug_macro   0x0000000000000000       0x46 ./src/Temporizadores/PR_Temporizadores.o
 .group         0x0000000000000000        0xc ./src/Inicializacion/DR_Inicializacion.o
 .group         0x0000000000000000        0xc ./src/Inicializacion/DR_Inicializacion.o
 .group         0x0000000000000000        0xc ./src/Inicializacion/DR_Inicializacion.o
 .group         0x0000000000000000        0xc ./src/Inicializacion/DR_Inicializacion.o
 .text          0x0000000000000000        0x0 ./src/Inicializacion/DR_Inicializacion.o
 .data          0x0000000000000000        0x0 ./src/Inicializacion/DR_Inicializacion.o
 .bss           0x0000000000000000        0x0 ./src/Inicializacion/DR_Inicializacion.o
 .debug_macro   0x0000000000000000      0xaa8 ./src/Inicializacion/DR_Inicializacion.o
 .debug_macro   0x0000000000000000       0x1c ./src/Inicializacion/DR_Inicializacion.o
 .debug_macro   0x0000000000000000      0x112 ./src/Inicializacion/DR_Inicializacion.o
 .debug_macro   0x0000000000000000       0x3a ./src/Inicializacion/DR_Inicializacion.o
 .group         0x0000000000000000        0xc ./src/I2C/DR_I2C.o
 .group         0x0000000000000000        0xc ./src/I2C/DR_I2C.o
 .group         0x0000000000000000        0xc ./src/I2C/DR_I2C.o
 .group         0x0000000000000000        0xc ./src/I2C/DR_I2C.o
 .group         0x0000000000000000        0xc ./src/I2C/DR_I2C.o
 .group         0x0000000000000000        0xc ./src/I2C/DR_I2C.o
 .group         0x0000000000000000        0xc ./src/I2C/DR_I2C.o
 .group         0x0000000000000000        0xc ./src/I2C/DR_I2C.o
 .group         0x0000000000000000        0xc ./src/I2C/DR_I2C.o
 .group         0x0000000000000000        0xc ./src/I2C/DR_I2C.o
 .group         0x0000000000000000        0xc ./src/I2C/DR_I2C.o
 .group         0x0000000000000000        0xc ./src/I2C/DR_I2C.o
 .text          0x0000000000000000        0x0 ./src/I2C/DR_I2C.o
 .data          0x0000000000000000        0x0 ./src/I2C/DR_I2C.o
 .bss           0x0000000000000000        0x0 ./src/I2C/DR_I2C.o
 .bss.I2CCount  0x0000000000000000        0xc ./src/I2C/DR_I2C.o
 .bss.RdIndex0  0x0000000000000000        0x4 ./src/I2C/DR_I2C.o
 .bss.RdIndex2  0x0000000000000000        0x4 ./src/I2C/DR_I2C.o
 .bss.WrIndex0  0x0000000000000000        0x4 ./src/I2C/DR_I2C.o
 .bss.WrIndex2  0x0000000000000000        0x4 ./src/I2C/DR_I2C.o
 .text.I2CStart
                0x0000000000000000       0x78 ./src/I2C/DR_I2C.o
 .debug_macro   0x0000000000000000      0xaa8 ./src/I2C/DR_I2C.o
 .debug_macro   0x0000000000000000       0x1c ./src/I2C/DR_I2C.o
 .debug_macro   0x0000000000000000       0x10 ./src/I2C/DR_I2C.o
 .debug_macro   0x0000000000000000      0x12e ./src/I2C/DR_I2C.o
 .debug_macro   0x0000000000000000      0x5b8 ./src/I2C/DR_I2C.o
 .debug_macro   0x0000000000000000       0x16 ./src/I2C/DR_I2C.o
 .debug_macro   0x0000000000000000      0x4a5 ./src/I2C/DR_I2C.o
 .debug_macro   0x0000000000000000       0x5e ./src/I2C/DR_I2C.o
 .debug_macro   0x0000000000000000       0x5e ./src/I2C/DR_I2C.o
 .debug_macro   0x0000000000000000      0x112 ./src/I2C/DR_I2C.o
 .debug_macro   0x0000000000000000       0xd6 ./src/I2C/DR_I2C.o
 .debug_macro   0x0000000000000000       0xca ./src/I2C/DR_I2C.o
 .group         0x0000000000000000        0xc ./src/Display/DR_Display.o
 .group         0x0000000000000000        0xc ./src/Display/DR_Display.o
 .group         0x0000000000000000        0xc ./src/Display/DR_Display.o
 .group         0x0000000000000000        0xc ./src/Display/DR_Display.o
 .group         0x0000000000000000        0xc ./src/Display/DR_Display.o
 .group         0x0000000000000000        0xc ./src/Display/DR_Display.o
 .text          0x0000000000000000        0x0 ./src/Display/DR_Display.o
 .data          0x0000000000000000        0x0 ./src/Display/DR_Display.o
 .bss           0x0000000000000000        0x0 ./src/Display/DR_Display.o
 .debug_macro   0x0000000000000000      0xaa8 ./src/Display/DR_Display.o
 .debug_macro   0x0000000000000000       0x1c ./src/Display/DR_Display.o
 .debug_macro   0x0000000000000000       0xd6 ./src/Display/DR_Display.o
 .debug_macro   0x0000000000000000       0x46 ./src/Display/DR_Display.o
 .debug_macro   0x0000000000000000       0x5e ./src/Display/DR_Display.o
 .debug_macro   0x0000000000000000       0x3a ./src/Display/DR_Display.o
 .group         0x0000000000000000        0xc ./src/Display/PR_Display.o
 .group         0x0000000000000000        0xc ./src/Display/PR_Display.o
 .group         0x0000000000000000        0xc ./src/Display/PR_Display.o
 .group         0x0000000000000000        0xc ./src/Display/PR_Display.o
 .text          0x0000000000000000        0x0 ./src/Display/PR_Display.o
 .data          0x0000000000000000        0x0 ./src/Display/PR_Display.o
 .bss           0x0000000000000000        0x0 ./src/Display/PR_Display.o
 .text.Display1
                0x0000000000000000       0x16 ./src/Display/PR_Display.o
 .text.ApagarDisplay
                0x0000000000000000        0xc ./src/Display/PR_Display.o
 .debug_macro   0x0000000000000000      0xaa8 ./src/Display/PR_Display.o
 .debug_macro   0x0000000000000000       0x1c ./src/Display/PR_Display.o
 .debug_macro   0x0000000000000000       0xd6 ./src/Display/PR_Display.o
 .debug_macro   0x0000000000000000       0x46 ./src/Display/PR_Display.o
 .group         0x0000000000000000        0xc ./src/BMP280/PR_BMP280.o
 .group         0x0000000000000000        0xc ./src/BMP280/PR_BMP280.o
 .group         0x0000000000000000        0xc ./src/BMP280/PR_BMP280.o
 .group         0x0000000000000000        0xc ./src/BMP280/PR_BMP280.o
 .group         0x0000000000000000        0xc ./src/BMP280/PR_BMP280.o
 .group         0x0000000000000000        0xc ./src/BMP280/PR_BMP280.o
 .group         0x0000000000000000        0xc ./src/BMP280/PR_BMP280.o
 .group         0x0000000000000000        0xc ./src/BMP280/PR_BMP280.o
 .group         0x0000000000000000        0xc ./src/BMP280/PR_BMP280.o
 .group         0x0000000000000000        0xc ./src/BMP280/PR_BMP280.o
 .group         0x0000000000000000        0xc ./src/BMP280/PR_BMP280.o
 .group         0x0000000000000000        0xc ./src/BMP280/PR_BMP280.o
 .text          0x0000000000000000        0x0 ./src/BMP280/PR_BMP280.o
 .data          0x0000000000000000        0x0 ./src/BMP280/PR_BMP280.o
 .bss           0x0000000000000000        0x0 ./src/BMP280/PR_BMP280.o
 .debug_macro   0x0000000000000000      0xaa8 ./src/BMP280/PR_BMP280.o
 .debug_macro   0x0000000000000000       0x1c ./src/BMP280/PR_BMP280.o
 .debug_macro   0x0000000000000000       0x5e ./src/BMP280/PR_BMP280.o
 .debug_macro   0x0000000000000000      0x112 ./src/BMP280/PR_BMP280.o
 .debug_macro   0x0000000000000000       0xd6 ./src/BMP280/PR_BMP280.o
 .debug_macro   0x0000000000000000       0xca ./src/BMP280/PR_BMP280.o
 .debug_macro   0x0000000000000000       0x10 ./src/BMP280/PR_BMP280.o
 .debug_macro   0x0000000000000000      0x12e ./src/BMP280/PR_BMP280.o
 .debug_macro   0x0000000000000000      0x5b8 ./src/BMP280/PR_BMP280.o
 .debug_macro   0x0000000000000000       0x16 ./src/BMP280/PR_BMP280.o
 .debug_macro   0x0000000000000000      0x4a5 ./src/BMP280/PR_BMP280.o
 .debug_macro   0x0000000000000000       0x5e ./src/BMP280/PR_BMP280.o
 .group         0x0000000000000000        0xc ./src/cr_startup_lpc175x_6x.o
 .text          0x0000000000000000        0x0 ./src/cr_startup_lpc175x_6x.o
 .data          0x0000000000000000        0x0 ./src/cr_startup_lpc175x_6x.o
 .bss           0x0000000000000000        0x0 ./src/cr_startup_lpc175x_6x.o
 .debug_macro   0x0000000000000000      0xaa8 ./src/cr_startup_lpc175x_6x.o
 .group         0x0000000000000000        0xc ./src/crp.o
 .group         0x0000000000000000        0xc ./src/crp.o
 .text          0x0000000000000000        0x0 ./src/crp.o
 .data          0x0000000000000000        0x0 ./src/crp.o
 .bss           0x0000000000000000        0x0 ./src/crp.o
 .crp           0x0000000000000000        0x4 ./src/crp.o
 .debug_info    0x0000000000000000       0x40 ./src/crp.o
 .debug_abbrev  0x0000000000000000       0x38 ./src/crp.o
 .debug_aranges
                0x0000000000000000       0x18 ./src/crp.o
 .debug_macro   0x0000000000000000       0x1a ./src/crp.o
 .debug_macro   0x0000000000000000      0xaa8 ./src/crp.o
 .debug_macro   0x0000000000000000       0x34 ./src/crp.o
 .debug_line    0x0000000000000000       0xb5 ./src/crp.o
 .debug_str     0x0000000000000000     0x2ef3 ./src/crp.o
 .comment       0x0000000000000000       0x7a ./src/crp.o
 .ARM.attributes
                0x0000000000000000       0x33 ./src/crp.o
 .group         0x0000000000000000        0xc ./src/main.o
 .group         0x0000000000000000        0xc ./src/main.o
 .group         0x0000000000000000        0xc ./src/main.o
 .group         0x0000000000000000        0xc ./src/main.o
 .group         0x0000000000000000        0xc ./src/main.o
 .group         0x0000000000000000        0xc ./src/main.o
 .group         0x0000000000000000        0xc ./src/main.o
 .group         0x0000000000000000        0xc ./src/main.o
 .group         0x0000000000000000        0xc ./src/main.o
 .group         0x0000000000000000        0xc ./src/main.o
 .group         0x0000000000000000        0xc ./src/main.o
 .group         0x0000000000000000        0xc ./src/main.o
 .group         0x0000000000000000        0xc ./src/main.o
 .group         0x0000000000000000        0xc ./src/main.o
 .group         0x0000000000000000        0xc ./src/main.o
 .text          0x0000000000000000        0x0 ./src/main.o
 .data          0x0000000000000000        0x0 ./src/main.o
 .bss           0x0000000000000000        0x0 ./src/main.o
 .debug_macro   0x0000000000000000      0xaa8 ./src/main.o
 .debug_macro   0x0000000000000000       0x1c ./src/main.o
 .debug_macro   0x0000000000000000       0x10 ./src/main.o
 .debug_macro   0x0000000000000000      0x12e ./src/main.o
 .debug_macro   0x0000000000000000      0x5b8 ./src/main.o
 .debug_macro   0x0000000000000000       0x16 ./src/main.o
 .debug_macro   0x0000000000000000      0x4a5 ./src/main.o
 .debug_macro   0x0000000000000000       0x5e ./src/main.o
 .debug_macro   0x0000000000000000       0x5e ./src/main.o
 .debug_macro   0x0000000000000000      0x112 ./src/main.o
 .debug_macro   0x0000000000000000       0xd6 ./src/main.o
 .debug_macro   0x0000000000000000       0xca ./src/main.o
 .debug_macro   0x0000000000000000       0x3a ./src/main.o
 .debug_macro   0x0000000000000000       0x8e ./src/main.o
 .debug_macro   0x0000000000000000       0x46 ./src/main.o
 .text          0x0000000000000000        0x0 /usr/local/mcuxpressoide-11.2.1_4149/ide/plugins/com.nxp.mcuxpresso.tools.linux_11.2.0.202001021529/tools/bin/../lib/gcc/arm-none-eabi/9.2.1/../../../../arm-none-eabi/lib/thumb/v7-m/nofp/libcr_c.a(__weak__main.o)
 .data          0x0000000000000000        0x0 /usr/local/mcuxpressoide-11.2.1_4149/ide/plugins/com.nxp.mcuxpresso.tools.linux_11.2.0.202001021529/tools/bin/../lib/gcc/arm-none-eabi/9.2.1/../../../../arm-none-eabi/lib/thumb/v7-m/nofp/libcr_c.a(__weak__main.o)
 .bss           0x0000000000000000        0x0 /usr/local/mcuxpressoide-11.2.1_4149/ide/plugins/com.nxp.mcuxpresso.tools.linux_11.2.0.202001021529/tools/bin/../lib/gcc/arm-none-eabi/9.2.1/../../../../arm-none-eabi/lib/thumb/v7-m/nofp/libcr_c.a(__weak__main.o)

Memory Configuration

Name             Origin             Length             Attributes
MFlash512        0x0000000000000000 0x0000000000080000 xr
RamLoc32         0x0000000010000000 0x0000000000008000 xrw
RamAHB32         0x000000002007c000 0x0000000000008000 xrw
*default*        0x0000000000000000 0xffffffffffffffff

Linker script and memory map

LOAD ./src/systick/DR_SysTick.o
LOAD ./src/pll/DR_PLL.o
LOAD ./src/gpio/DR_GPIO.o
LOAD ./src/Temporizadores/AP_Temporizadores.o
LOAD ./src/Temporizadores/PR_Temporizadores.o
LOAD ./src/Inicializacion/DR_Inicializacion.o
LOAD ./src/I2C/DR_I2C.o
LOAD ./src/Display/DR_Display.o
LOAD ./src/Display/PR_Display.o
LOAD ./src/BMP280/PR_BMP280.o
LOAD ./src/cr_startup_lpc175x_6x.o
LOAD ./src/crp.o
LOAD ./src/main.o
START GROUP
LOAD /usr/local/mcuxpressoide-11.2.1_4149/ide/plugins/com.nxp.mcuxpresso.tools.linux_11.2.0.202001021529/tools/bin/../lib/gcc/arm-none-eabi/9.2.1/../../../../arm-none-eabi/lib/thumb/v7-m/nofp/libcr_c.a
LOAD /usr/local/mcuxpressoide-11.2.1_4149/ide/plugins/com.nxp.mcuxpresso.tools.linux_11.2.0.202001021529/tools/bin/../lib/gcc/arm-none-eabi/9.2.1/thumb/v7-m/nofp/libcr_eabihelpers.a
LOAD /usr/local/mcuxpressoide-11.2.1_4149/ide/plugins/com.nxp.mcuxpresso.tools.linux_11.2.0.202001021529/tools/bin/../lib/gcc/arm-none-eabi/9.2.1/thumb/v7-m/nofp/libgcc.a
END GROUP
                0x0000000000000000                __base_MFlash512 = 0x0
                0x0000000000000000                __base_Flash = 0x0
                0x0000000000080000                __top_MFlash512 = 0x80000
                0x0000000000080000                __top_Flash = 0x80000
                0x0000000010000000                __base_RamLoc32 = 0x10000000
                0x0000000010000000                __base_RAM = 0x10000000
                0x0000000010008000                __top_RamLoc32 = 0x10008000
                0x0000000010008000                __top_RAM = 0x10008000
                0x000000002007c000                __base_RamAHB32 = 0x2007c000
                0x000000002007c000                __base_RAM2 = 0x2007c000
                0x0000000020084000                __top_RamAHB32 = 0x20084000
                0x0000000020084000                __top_RAM2 = 0x20084000

.text           0x0000000000000000     0x1644
 FILL mask 0xff
                0x0000000000000000                __vectors_start__ = ABSOLUTE (.)
 *(.isr_vector)
 .isr_vector    0x0000000000000000       0xcc ./src/cr_startup_lpc175x_6x.o
                0x0000000000000000                g_pfnVectors
                0x00000000000000cc                . = ALIGN (0x4)
                0x00000000000000cc                __section_table_start = .
                0x00000000000000cc                __data_section_table = .
                0x00000000000000cc        0x4 LONG 0x1644 LOADADDR (.data)
                0x00000000000000d0        0x4 LONG 0x10000000 ADDR (.data)
                0x00000000000000d4        0x4 LONG 0x18 SIZEOF (.data)
                0x00000000000000d8        0x4 LONG 0x1644 LOADADDR (.data_RAM2)
                0x00000000000000dc        0x4 LONG 0x2007c000 ADDR (.data_RAM2)
                0x00000000000000e0        0x4 LONG 0x0 SIZEOF (.data_RAM2)
                0x00000000000000e4                __data_section_table_end = .
                0x00000000000000e4                __bss_section_table = .
                0x00000000000000e4        0x4 LONG 0x10000018 ADDR (.bss)
                0x00000000000000e8        0x4 LONG 0x438 SIZEOF (.bss)
                0x00000000000000ec        0x4 LONG 0x2007c000 ADDR (.bss_RAM2)
                0x00000000000000f0        0x4 LONG 0x0 SIZEOF (.bss_RAM2)
                0x00000000000000f4                __bss_section_table_end = .
                0x00000000000000f4                __section_table_end = .
 *(.after_vectors*)
 .after_vectors
                0x00000000000000f4      0x12c ./src/cr_startup_lpc175x_6x.o
                0x00000000000000f4                data_init
                0x0000000000000138                bss_init
                0x0000000000000170                ResetISR
                0x00000000000001e4                NMI_Handler
                0x00000000000001ea                HardFault_Handler
                0x00000000000001f0                MemManage_Handler
                0x00000000000001f6                BusFault_Handler
                0x00000000000001fc                UsageFault_Handler
                0x0000000000000202                SVC_Handler
                0x0000000000000208                DebugMon_Handler
                0x000000000000020e                PendSV_Handler
                0x000000000000021a                TIMER2_IRQHandler
                0x000000000000021a                RIT_IRQHandler
                0x000000000000021a                I2C0_IRQHandler
                0x000000000000021a                USBActivity_IRQHandler
                0x000000000000021a                PWM1_IRQHandler
                0x000000000000021a                EINT2_IRQHandler
                0x000000000000021a                UART1_IRQHandler
                0x000000000000021a                EINT3_IRQHandler
                0x000000000000021a                CANActivity_IRQHandler
                0x000000000000021a                TIMER3_IRQHandler
                0x000000000000021a                UART0_IRQHandler
                0x000000000000021a                IntDefaultHandler
                0x000000000000021a                PLL0_IRQHandler
                0x000000000000021a                CAN_IRQHandler
                0x000000000000021a                PLL1_IRQHandler
                0x000000000000021a                SSP0_IRQHandler
                0x000000000000021a                I2S_IRQHandler
                0x000000000000021a                I2C2_IRQHandler
                0x000000000000021a                RTC_IRQHandler
                0x000000000000021a                TIMER0_IRQHandler
                0x000000000000021a                SPI_IRQHandler
                0x000000000000021a                EINT1_IRQHandler
                0x000000000000021a                TIMER1_IRQHandler
                0x000000000000021a                UART2_IRQHandler
                0x000000000000021a                ADC_IRQHandler
                0x000000000000021a                SSP1_IRQHandler
                0x000000000000021a                USB_IRQHandler
                0x000000000000021a                BOD_IRQHandler
                0x000000000000021a                WDT_IRQHandler
                0x000000000000021a                QEI_IRQHandler
                0x000000000000021a                EINT0_IRQHandler
                0x000000000000021a                DMA_IRQHandler
                0x000000000000021a                UART3_IRQHandler
                0x000000000000021a                MCPWM_IRQHandler
                0x000000000000021a                ENET_IRQHandler
 *(.text*)
 .text.InicializarSysTick
                0x0000000000000220       0x40 ./src/systick/DR_SysTick.o
                0x0000000000000220                InicializarSysTick
 .text.SysTick_Handler
                0x0000000000000260        0xc ./src/systick/DR_SysTick.o
                0x0000000000000260                SysTick_Handler
 .text.InicializarPLL
                0x000000000000026c      0x140 ./src/pll/DR_PLL.o
                0x000000000000026c                InicializarPLL
 .text.SetPINSEL
                0x00000000000003ac       0xa0 ./src/gpio/DR_GPIO.o
                0x00000000000003ac                SetPINSEL
 .text.SetDIR   0x000000000000044c       0x70 ./src/gpio/DR_GPIO.o
                0x000000000000044c                SetDIR
 .text.SetPIN   0x00000000000004bc       0x74 ./src/gpio/DR_GPIO.o
                0x00000000000004bc                SetPIN
 .text.GetPIN   0x0000000000000530       0x58 ./src/gpio/DR_GPIO.o
                0x0000000000000530                GetPIN
 .text.SetPINMODE
                0x0000000000000588       0xa0 ./src/gpio/DR_GPIO.o
                0x0000000000000588                SetPINMODE
 .text.SetPINMODE_OD
                0x0000000000000628       0x70 ./src/gpio/DR_GPIO.o
                0x0000000000000628                SetPINMODE_OD
 .text.Ev_Display
                0x0000000000000698        0xc ./src/Temporizadores/AP_Temporizadores.o
                0x0000000000000698                Ev_Display
 .text.TimerStart
                0x00000000000006a4       0xac ./src/Temporizadores/PR_Temporizadores.o
                0x00000000000006a4                TimerStart
 .text.TimerDescount
                0x0000000000000750       0x70 ./src/Temporizadores/PR_Temporizadores.o
                0x0000000000000750                TimerDescount
 .text.InicializacionExp1
                0x00000000000007c0       0x10 ./src/Inicializacion/DR_Inicializacion.o
                0x00000000000007c0                InicializacionExp1
 .text.Init_I2C1
                0x00000000000007d0       0x98 ./src/I2C/DR_I2C.o
                0x00000000000007d0                Init_I2C1
 .text.I2C1_IRQHandler
                0x0000000000000868      0x374 ./src/I2C/DR_I2C.o
                0x0000000000000868                I2C1_IRQHandler
 .text.I2CStop  0x0000000000000bdc       0x44 ./src/I2C/DR_I2C.o
                0x0000000000000bdc                I2CStop
 .text.I2CEngine
                0x0000000000000c20       0x8c ./src/I2C/DR_I2C.o
                0x0000000000000c20                I2CEngine
 .text.IniciarDisplay
                0x0000000000000cac       0x8a ./src/Display/DR_Display.o
                0x0000000000000cac                IniciarDisplay
 *fill*         0x0000000000000d36        0x2 ff
 .text.BarridoDisplay
                0x0000000000000d38      0x150 ./src/Display/DR_Display.o
                0x0000000000000d38                BarridoDisplay
 .text.Apagar   0x0000000000000e88       0x44 ./src/Display/DR_Display.o
                0x0000000000000e88                Apagar
 .text.Display  0x0000000000000ecc       0x5c ./src/Display/PR_Display.o
                0x0000000000000ecc                Display
 .text.BMP280_init
                0x0000000000000f28       0xcc ./src/BMP280/PR_BMP280.o
                0x0000000000000f28                BMP280_init
 .text.set_calib_param
                0x0000000000000ff4      0x150 ./src/BMP280/PR_BMP280.o
                0x0000000000000ff4                set_calib_param
 .text.BMP280_get_meas_values
                0x0000000000001144       0x94 ./src/BMP280/PR_BMP280.o
                0x0000000000001144                BMP280_get_meas_values
 .text.bmp280_get_uncomp_data
                0x00000000000011d8       0x58 ./src/BMP280/PR_BMP280.o
                0x00000000000011d8                bmp280_get_uncomp_data
 .text.get_temp
                0x0000000000001230       0x30 ./src/BMP280/PR_BMP280.o
                0x0000000000001230                get_temp
 .text.get_pres
                0x0000000000001260       0x30 ./src/BMP280/PR_BMP280.o
                0x0000000000001260                get_pres
 .text.get_comp_temp
                0x0000000000001290       0xb8 ./src/BMP280/PR_BMP280.o
                0x0000000000001290                get_comp_temp
 .text.get_comp_pres
                0x0000000000001348      0x1d0 ./src/BMP280/PR_BMP280.o
                0x0000000000001348                get_comp_pres
 .text.main     0x0000000000001518       0x92 ./src/main.o
                0x0000000000001518                main
 .text.ApagarLuces
                0x00000000000015aa       0x94 ./src/main.o
                0x00000000000015aa                ApagarLuces
 .text.__weak_main
                0x000000000000163e        0x4 /usr/local/mcuxpressoide-11.2.1_4149/ide/plugins/com.nxp.mcuxpresso.tools.linux_11.2.0.202001021529/tools/bin/../lib/gcc/arm-none-eabi/9.2.1/../../../../arm-none-eabi/lib/thumb/v7-m/nofp/libcr_c.a(__weak__main.o)
                0x000000000000163e                __main
                0x000000000000163e                __weak_main
 *(.rodata .rodata.* .constdata .constdata.*)
                0x0000000000001644                . = ALIGN (0x4)
 *fill*         0x0000000000001642        0x2 ff

.glue_7         0x0000000000001644        0x0
 .glue_7        0x0000000000001644        0x0 linker stubs

.glue_7t        0x0000000000001644        0x0
 .glue_7t       0x0000000000001644        0x0 linker stubs

.vfp11_veneer   0x0000000000001644        0x0
 .vfp11_veneer  0x0000000000001644        0x0 linker stubs

.v4_bx          0x0000000000001644        0x0
 .v4_bx         0x0000000000001644        0x0 linker stubs

.iplt           0x0000000000001644        0x0
 .iplt          0x0000000000001644        0x0 ./src/systick/DR_SysTick.o

.rel.dyn        0x0000000000001644        0x0
 .rel.iplt      0x0000000000001644        0x0 ./src/systick/DR_SysTick.o

.ARM.extab
 *(.ARM.extab* .gnu.linkonce.armextab.*)

.ARM.exidx      0x0000000000001644        0x0
                0x0000000000001644                __exidx_start = .
 *(.ARM.exidx* .gnu.linkonce.armexidx.*)
                0x0000000000001644                __exidx_end = .
                0x0000000000001644                _etext = .

.data_RAM2      0x000000002007c000        0x0 load address 0x0000000000001644
 FILL mask 0xff
                [!provide]                        PROVIDE (__start_data_RAM2 = .)
                [!provide]                        PROVIDE (__start_data_RamAHB32 = .)
 *(.ramfunc.$RAM2)
 *(.ramfunc.$RamAHB32)
 *(.data.$RAM2)
 *(.data.$RamAHB32)
 *(.data.$RAM2.*)
 *(.data.$RamAHB32.*)
                0x000000002007c000                . = ALIGN (0x4)
                [!provide]                        PROVIDE (__end_data_RAM2 = .)
                [!provide]                        PROVIDE (__end_data_RamAHB32 = .)

.uninit_RESERVED
                0x0000000010000000        0x0
                0x0000000010000000                _start_uninit_RESERVED = .
 *(.bss.$RESERVED*)
                0x0000000010000000                . = ALIGN (0x4)
                0x0000000010000000                _end_uninit_RESERVED = .

.data           0x0000000010000000       0x18 load address 0x0000000000001644
 FILL mask 0xff
                0x0000000010000000                _data = .
                [!provide]                        PROVIDE (__start_data_RAM = .)
                [!provide]                        PROVIDE (__start_data_RamLoc32 = .)
 *(vtable)
 *(.ramfunc*)
 *(CodeQuickAccess)
 *(DataQuickAccess)
 *(RamFunction)
 *(.data*)
 .data.I2C      0x0000000010000000        0xc ./src/I2C/DR_I2C.o
                0x0000000010000000                I2C
 .data.Tabla_Digitos_BCD_7seg
                0x000000001000000c        0xa ./src/Display/DR_Display.o
                0x000000001000000c                Tabla_Digitos_BCD_7seg
 .data.IndiceDisplay.3767
                0x0000000010000016        0x1 ./src/Display/DR_Display.o
                0x0000000010000018                . = ALIGN (0x4)
 *fill*         0x0000000010000017        0x1 ff
                0x0000000010000018                _edata = .
                [!provide]                        PROVIDE (__end_data_RAM = .)
                [!provide]                        PROVIDE (__end_data_RamLoc32 = .)

.igot.plt       0x0000000010000018        0x0 load address 0x000000000000165c
 .igot.plt      0x0000000010000018        0x0 ./src/systick/DR_SysTick.o

.bss_RAM2       0x000000002007c000        0x0
                [!provide]                        PROVIDE (__start_bss_RAM2 = .)
                [!provide]                        PROVIDE (__start_bss_RamAHB32 = .)
 *(.bss.$RAM2)
 *(.bss.$RamAHB32)
 *(.bss.$RAM2.*)
 *(.bss.$RamAHB32.*)
                0x000000002007c000                . = ALIGN ((. != 0x0)?0x4:0x1)
                [!provide]                        PROVIDE (__end_bss_RAM2 = .)
                [!provide]                        PROVIDE (__end_bss_RamAHB32 = .)

.bss            0x0000000010000018      0x438
                0x0000000010000018                _bss = .
                [!provide]                        PROVIDE (__start_bss_RAM = .)
                [!provide]                        PROVIDE (__start_bss_RamLoc32 = .)
 *(.bss*)
 .bss.TmrRun    0x0000000010000018       0x78 ./src/Temporizadores/PR_Temporizadores.o
                0x0000000010000018                TmrRun
 .bss.TmrFunciones
                0x0000000010000090       0x78 ./src/Temporizadores/PR_Temporizadores.o
                0x0000000010000090                TmrFunciones
 .bss.TmrFlag   0x0000000010000108       0x1e ./src/Temporizadores/PR_Temporizadores.o
                0x0000000010000108                TmrFlag
 *fill*         0x0000000010000126        0x2 
 .bss.TmrPause  0x0000000010000128       0x1e ./src/Temporizadores/PR_Temporizadores.o
                0x0000000010000128                TmrPause
 *fill*         0x0000000010000146        0x2 
 .bss.TmrBase   0x0000000010000148       0x1e ./src/Temporizadores/PR_Temporizadores.o
                0x0000000010000148                TmrBase
 *fill*         0x0000000010000166        0x2 
 .bss.I2CMasterState
                0x0000000010000168        0xc ./src/I2C/DR_I2C.o
                0x0000000010000168                I2CMasterState
 .bss.timeout   0x0000000010000174        0xc ./src/I2C/DR_I2C.o
                0x0000000010000174                timeout
 .bss.I2CMasterBuffer
                0x0000000010000180       0xc0 ./src/I2C/DR_I2C.o
                0x0000000010000180                I2CMasterBuffer
 .bss.I2CSlaveBuffer
                0x0000000010000240       0xc0 ./src/I2C/DR_I2C.o
                0x0000000010000240                I2CSlaveBuffer
 .bss.I2CStatusBuffer
                0x0000000010000300       0xc0 ./src/I2C/DR_I2C.o
                0x0000000010000300                I2CStatusBuffer
 .bss.I2CReadLength
                0x00000000100003c0        0xc ./src/I2C/DR_I2C.o
                0x00000000100003c0                I2CReadLength
 .bss.I2CWriteLength
                0x00000000100003cc        0xc ./src/I2C/DR_I2C.o
                0x00000000100003cc                I2CWriteLength
 .bss.RdIndex1  0x00000000100003d8        0x4 ./src/I2C/DR_I2C.o
                0x00000000100003d8                RdIndex1
 .bss.WrIndex1  0x00000000100003dc        0x4 ./src/I2C/DR_I2C.o
                0x00000000100003dc                WrIndex1
 .bss.MSG_DSP   0x00000000100003e0        0x6 ./src/Display/DR_Display.o
                0x00000000100003e0                MSG_DSP
 *fill*         0x00000000100003e6        0x2 
 .bss.calib_data
                0x00000000100003e8       0x19 ./src/BMP280/PR_BMP280.o
                0x00000000100003e8                calib_data
 *fill*         0x0000000010000401        0x3 
 .bss.meas_data
                0x0000000010000404        0x6 ./src/BMP280/PR_BMP280.o
 *fill*         0x000000001000040a        0x2 
 .bss.dev       0x000000001000040c       0x34 ./src/BMP280/PR_BMP280.o
                0x000000001000040c                dev
 .bss.uncomp_data
                0x0000000010000440        0x8 ./src/BMP280/PR_BMP280.o
                0x0000000010000440                uncomp_data
 .bss.pres      0x0000000010000448        0x4 ./src/BMP280/PR_BMP280.o
 .bss.temp      0x000000001000044c        0x4 ./src/BMP280/PR_BMP280.o
 *(COMMON)
                0x0000000010000450                . = ALIGN (0x4)
                0x0000000010000450                _ebss = .
                [!provide]                        PROVIDE (__end_bss_RAM = .)
                [!provide]                        PROVIDE (__end_bss_RamLoc32 = .)
                [!provide]                        PROVIDE (end = .)

.noinit_RAM2    0x000000002007c000        0x0
                [!provide]                        PROVIDE (__start_noinit_RAM2 = .)
                [!provide]                        PROVIDE (__start_noinit_RamAHB32 = .)
 *(.noinit.$RAM2)
 *(.noinit.$RamAHB32)
 *(.noinit.$RAM2.*)
 *(.noinit.$RamAHB32.*)
                0x000000002007c000                . = ALIGN (0x4)
                [!provide]                        PROVIDE (__end_noinit_RAM2 = .)
                [!provide]                        PROVIDE (__end_noinit_RamAHB32 = .)

.noinit         0x0000000010000450        0x0
                0x0000000010000450                _noinit = .
                [!provide]                        PROVIDE (__start_noinit_RAM = .)
                [!provide]                        PROVIDE (__start_noinit_RamLoc32 = .)
 *(.noinit*)
                0x0000000010000450                . = ALIGN (0x4)
                0x0000000010000450                _end_noinit = .
                [!provide]                        PROVIDE (__end_noinit_RAM = .)
                [!provide]                        PROVIDE (__end_noinit_RamLoc32 = .)
                [!provide]                        PROVIDE (_pvHeapStart = DEFINED (__user_heap_base)?__user_heap_base:.)
                0x0000000010008000                PROVIDE (_vStackTop = DEFINED (__user_stack_top)?__user_stack_top:(__top_RamLoc32 - 0x0))
                0xffffffffefff74da                PROVIDE (__valid_user_code_checksum = (0x0 - ((((((_vStackTop + (ResetISR + 0x1)) + (NMI_Handler + 0x1)) + (HardFault_Handler + 0x1)) + (DEFINED (MemManage_Handler)?MemManage_Handler:0x0 + 0x1)) + (DEFINED (BusFault_Handler)?BusFault_Handler:0x0 + 0x1)) + (DEFINED (UsageFault_Handler)?UsageFault_Handler:0x0 + 0x1))))
                0x0000000000000000                _image_start = LOADADDR (.text)
                0x000000000000165c                _image_end = (LOADADDR (.data) + SIZEOF (.data))
                0x000000000000165c                _image_size = (_image_end - _image_start)
OUTPUT(TPO.axf elf32-littlearm)

.debug_info     0x0000000000000000     0x1c41
 .debug_info    0x0000000000000000      0x1dc ./src/systick/DR_SysTick.o
 .debug_info    0x00000000000001dc       0x72 ./src/pll/DR_PLL.o
 .debug_info    0x000000000000024e      0x2e7 ./src/gpio/DR_GPIO.o
 .debug_info    0x0000000000000535      0x210 ./src/Temporizadores/AP_Temporizadores.o
 .debug_info    0x0000000000000745      0x30b ./src/Temporizadores/PR_Temporizadores.o
 .debug_info    0x0000000000000a50       0x66 ./src/Inicializacion/DR_Inicializacion.o
 .debug_info    0x0000000000000ab6      0x408 ./src/I2C/DR_I2C.o
 .debug_info    0x0000000000000ebe      0x19f ./src/Display/DR_Display.o
 .debug_info    0x000000000000105d      0x195 ./src/Display/PR_Display.o
 .debug_info    0x00000000000011f2      0x5d5 ./src/BMP280/PR_BMP280.o
 .debug_info    0x00000000000017c7      0x272 ./src/cr_startup_lpc175x_6x.o
 .debug_info    0x0000000000001a39      0x208 ./src/main.o

.debug_abbrev   0x0000000000000000      0xc62
 .debug_abbrev  0x0000000000000000      0x111 ./src/systick/DR_SysTick.o
 .debug_abbrev  0x0000000000000111       0x56 ./src/pll/DR_PLL.o
 .debug_abbrev  0x0000000000000167      0x100 ./src/gpio/DR_GPIO.o
 .debug_abbrev  0x0000000000000267       0xfe ./src/Temporizadores/AP_Temporizadores.o
 .debug_abbrev  0x0000000000000365      0x136 ./src/Temporizadores/PR_Temporizadores.o
 .debug_abbrev  0x000000000000049b       0x47 ./src/Inicializacion/DR_Inicializacion.o
 .debug_abbrev  0x00000000000004e2      0x1d3 ./src/I2C/DR_I2C.o
 .debug_abbrev  0x00000000000006b5       0xda ./src/Display/DR_Display.o
 .debug_abbrev  0x000000000000078f       0xf4 ./src/Display/PR_Display.o
 .debug_abbrev  0x0000000000000883      0x1d9 ./src/BMP280/PR_BMP280.o
 .debug_abbrev  0x0000000000000a5c      0x117 ./src/cr_startup_lpc175x_6x.o
 .debug_abbrev  0x0000000000000b73       0xef ./src/main.o

.debug_aranges  0x0000000000000000      0x2e8
 .debug_aranges
                0x0000000000000000       0x28 ./src/systick/DR_SysTick.o
 .debug_aranges
                0x0000000000000028       0x20 ./src/pll/DR_PLL.o
 .debug_aranges
                0x0000000000000048       0x50 ./src/gpio/DR_GPIO.o
 .debug_aranges
                0x0000000000000098       0x38 ./src/Temporizadores/AP_Temporizadores.o
 .debug_aranges
                0x00000000000000d0       0x58 ./src/Temporizadores/PR_Temporizadores.o
 .debug_aranges
                0x0000000000000128       0x20 ./src/Inicializacion/DR_Inicializacion.o
 .debug_aranges
                0x0000000000000148       0x40 ./src/I2C/DR_I2C.o
 .debug_aranges
                0x0000000000000188       0x30 ./src/Display/DR_Display.o
 .debug_aranges
                0x00000000000001b8       0x30 ./src/Display/PR_Display.o
 .debug_aranges
                0x00000000000001e8       0x58 ./src/BMP280/PR_BMP280.o
 .debug_aranges
                0x0000000000000240       0x80 ./src/cr_startup_lpc175x_6x.o
 .debug_aranges
                0x00000000000002c0       0x28 ./src/main.o

.debug_ranges   0x0000000000000000      0x228
 .debug_ranges  0x0000000000000000       0x18 ./src/systick/DR_SysTick.o
 .debug_ranges  0x0000000000000018       0x10 ./src/pll/DR_PLL.o
 .debug_ranges  0x0000000000000028       0x40 ./src/gpio/DR_GPIO.o
 .debug_ranges  0x0000000000000068       0x28 ./src/Temporizadores/AP_Temporizadores.o
 .debug_ranges  0x0000000000000090       0x48 ./src/Temporizadores/PR_Temporizadores.o
 .debug_ranges  0x00000000000000d8       0x10 ./src/Inicializacion/DR_Inicializacion.o
 .debug_ranges  0x00000000000000e8       0x30 ./src/I2C/DR_I2C.o
 .debug_ranges  0x0000000000000118       0x20 ./src/Display/DR_Display.o
 .debug_ranges  0x0000000000000138       0x20 ./src/Display/PR_Display.o
 .debug_ranges  0x0000000000000158       0x48 ./src/BMP280/PR_BMP280.o
 .debug_ranges  0x00000000000001a0       0x70 ./src/cr_startup_lpc175x_6x.o
 .debug_ranges  0x0000000000000210       0x18 ./src/main.o

.debug_macro    0x0000000000000000     0x2098
 .debug_macro   0x0000000000000000       0x3c ./src/systick/DR_SysTick.o
 .debug_macro   0x000000000000003c      0xaa8 ./src/systick/DR_SysTick.o
 .debug_macro   0x0000000000000ae4       0x1c ./src/systick/DR_SysTick.o
 .debug_macro   0x0000000000000b00       0x3a ./src/systick/DR_SysTick.o
 .debug_macro   0x0000000000000b3a       0x46 ./src/systick/DR_SysTick.o
 .debug_macro   0x0000000000000b80       0x29 ./src/pll/DR_PLL.o
 .debug_macro   0x0000000000000ba9      0x112 ./src/pll/DR_PLL.o
 .debug_macro   0x0000000000000cbb       0x29 ./src/gpio/DR_GPIO.o
 .debug_macro   0x0000000000000ce4       0x5e ./src/gpio/DR_GPIO.o
 .debug_macro   0x0000000000000d42       0xfc ./src/Temporizadores/AP_Temporizadores.o
 .debug_macro   0x0000000000000e3e       0xd6 ./src/Temporizadores/AP_Temporizadores.o
 .debug_macro   0x0000000000000f14       0x8e ./src/Temporizadores/AP_Temporizadores.o
 .debug_macro   0x0000000000000fa2       0xca ./src/Temporizadores/AP_Temporizadores.o
 .debug_macro   0x000000000000106c       0x10 ./src/Temporizadores/AP_Temporizadores.o
 .debug_macro   0x000000000000107c      0x12e ./src/Temporizadores/AP_Temporizadores.o
 .debug_macro   0x00000000000011aa      0x5b8 ./src/Temporizadores/AP_Temporizadores.o
 .debug_macro   0x0000000000001762       0x16 ./src/Temporizadores/AP_Temporizadores.o
 .debug_macro   0x0000000000001778      0x4a5 ./src/Temporizadores/AP_Temporizadores.o
 .debug_macro   0x0000000000001c1d       0x5e ./src/Temporizadores/AP_Temporizadores.o
 .debug_macro   0x0000000000001c7b       0x29 ./src/Temporizadores/PR_Temporizadores.o
 .debug_macro   0x0000000000001ca4       0x3c ./src/Inicializacion/DR_Inicializacion.o
 .debug_macro   0x0000000000001ce0       0xc0 ./src/I2C/DR_I2C.o
 .debug_macro   0x0000000000001da0       0x84 ./src/Display/DR_Display.o
 .debug_macro   0x0000000000001e24       0x6b ./src/Display/PR_Display.o
 .debug_macro   0x0000000000001e8f       0xc6 ./src/BMP280/PR_BMP280.o
 .debug_macro   0x0000000000001f55       0x1d ./src/cr_startup_lpc175x_6x.o
 .debug_macro   0x0000000000001f72      0x126 ./src/main.o

.debug_line     0x0000000000000000     0x307e
 .debug_line    0x0000000000000000      0x1b7 ./src/systick/DR_SysTick.o
 .debug_line    0x00000000000001b7      0x199 ./src/pll/DR_PLL.o
 .debug_line    0x0000000000000350      0x26c ./src/gpio/DR_GPIO.o
 .debug_line    0x00000000000005bc      0x667 ./src/Temporizadores/AP_Temporizadores.o
 .debug_line    0x0000000000000c23      0x2b7 ./src/Temporizadores/PR_Temporizadores.o
 .debug_line    0x0000000000000eda      0x134 ./src/Inicializacion/DR_Inicializacion.o
 .debug_line    0x000000000000100e      0x788 ./src/I2C/DR_I2C.o
 .debug_line    0x0000000000001796      0x47a ./src/Display/DR_Display.o
 .debug_line    0x0000000000001c10      0x29d ./src/Display/PR_Display.o
 .debug_line    0x0000000000001ead      0x88f ./src/BMP280/PR_BMP280.o
 .debug_line    0x000000000000273c      0x15f ./src/cr_startup_lpc175x_6x.o
 .debug_line    0x000000000000289b      0x7e3 ./src/main.o

.debug_str      0x0000000000000000     0x7586
 .debug_str     0x0000000000000000     0x3080 ./src/systick/DR_SysTick.o
                                       0x3107 (size before relaxing)
 .debug_str     0x0000000000003080      0x55b ./src/pll/DR_PLL.o
                                       0x33d9 (size before relaxing)
 .debug_str     0x00000000000035db      0x11b ./src/gpio/DR_GPIO.o
                                       0x2fbb (size before relaxing)
 .debug_str     0x00000000000036f6     0x37be ./src/Temporizadores/AP_Temporizadores.o
                                       0x6d06 (size before relaxing)
 .debug_str     0x0000000000006eb4       0x91 ./src/Temporizadores/PR_Temporizadores.o
                                       0x2fd8 (size before relaxing)
 .debug_str     0x0000000000006f45       0x3d ./src/Inicializacion/DR_Inicializacion.o
                                       0x3508 (size before relaxing)
 .debug_str     0x0000000000006f82      0x166 ./src/I2C/DR_I2C.o
                                       0x6b99 (size before relaxing)
 .debug_str     0x00000000000070e8       0x6d ./src/Display/DR_Display.o
                                       0x33fb (size before relaxing)
 .debug_str     0x0000000000007155       0x38 ./src/Display/PR_Display.o
                                       0x3254 (size before relaxing)
 .debug_str     0x000000000000718d      0x201 ./src/BMP280/PR_BMP280.o
                                       0x6cca (size before relaxing)
 .debug_str     0x000000000000738e      0x1c6 ./src/cr_startup_lpc175x_6x.o
                                       0x2fe6 (size before relaxing)
 .debug_str     0x0000000000007554       0x32 ./src/main.o
                                       0x6e29 (size before relaxing)

.comment        0x0000000000000000       0x79
 .comment       0x0000000000000000       0x79 ./src/systick/DR_SysTick.o
                                         0x7a (size before relaxing)
 .comment       0x0000000000000079       0x7a ./src/pll/DR_PLL.o
 .comment       0x0000000000000079       0x7a ./src/gpio/DR_GPIO.o
 .comment       0x0000000000000079       0x7a ./src/Temporizadores/AP_Temporizadores.o
 .comment       0x0000000000000079       0x7a ./src/Temporizadores/PR_Temporizadores.o
 .comment       0x0000000000000079       0x7a ./src/Inicializacion/DR_Inicializacion.o
 .comment       0x0000000000000079       0x7a ./src/I2C/DR_I2C.o
 .comment       0x0000000000000079       0x7a ./src/Display/DR_Display.o
 .comment       0x0000000000000079       0x7a ./src/Display/PR_Display.o
 .comment       0x0000000000000079       0x7a ./src/BMP280/PR_BMP280.o
 .comment       0x0000000000000079       0x7a ./src/cr_startup_lpc175x_6x.o
 .comment       0x0000000000000079       0x7a ./src/main.o
 .comment       0x0000000000000079       0x7a /usr/local/mcuxpressoide-11.2.1_4149/ide/plugins/com.nxp.mcuxpresso.tools.linux_11.2.0.202001021529/tools/bin/../lib/gcc/arm-none-eabi/9.2.1/../../../../arm-none-eabi/lib/thumb/v7-m/nofp/libcr_c.a(__weak__main.o)

.ARM.attributes
                0x0000000000000000       0x2d
 .ARM.attributes
                0x0000000000000000       0x2d ./src/systick/DR_SysTick.o
 .ARM.attributes
                0x000000000000002d       0x2d ./src/pll/DR_PLL.o
 .ARM.attributes
                0x000000000000005a       0x2d ./src/gpio/DR_GPIO.o
 .ARM.attributes
                0x0000000000000087       0x2d ./src/Temporizadores/AP_Temporizadores.o
 .ARM.attributes
                0x00000000000000b4       0x2d ./src/Temporizadores/PR_Temporizadores.o
 .ARM.attributes
                0x00000000000000e1       0x2d ./src/Inicializacion/DR_Inicializacion.o
 .ARM.attributes
                0x000000000000010e       0x2d ./src/I2C/DR_I2C.o
 .ARM.attributes
                0x000000000000013b       0x2d ./src/Display/DR_Display.o
 .ARM.attributes
                0x0000000000000168       0x2d ./src/Display/PR_Display.o
 .ARM.attributes
                0x0000000000000195       0x2d ./src/BMP280/PR_BMP280.o
 .ARM.attributes
                0x00000000000001c2       0x2d ./src/cr_startup_lpc175x_6x.o
 .ARM.attributes
                0x00000000000001ef       0x2d ./src/main.o
 .ARM.attributes
                0x000000000000021c       0x2d /usr/local/mcuxpressoide-11.2.1_4149/ide/plugins/com.nxp.mcuxpresso.tools.linux_11.2.0.202001021529/tools/bin/../lib/gcc/arm-none-eabi/9.2.1/../../../../arm-none-eabi/lib/thumb/v7-m/nofp/libcr_c.a(__weak__main.o)

.debug_frame    0x0000000000000000      0x83c
 .debug_frame   0x0000000000000000       0x4c ./src/systick/DR_SysTick.o
 .debug_frame   0x000000000000004c       0x30 ./src/pll/DR_PLL.o
 .debug_frame   0x000000000000007c      0x124 ./src/gpio/DR_GPIO.o
 .debug_frame   0x00000000000001a0       0x88 ./src/Temporizadores/AP_Temporizadores.o
 .debug_frame   0x0000000000000228      0x148 ./src/Temporizadores/PR_Temporizadores.o
 .debug_frame   0x0000000000000370       0x2c ./src/Inicializacion/DR_Inicializacion.o
 .debug_frame   0x000000000000039c       0xc8 ./src/I2C/DR_I2C.o
 .debug_frame   0x0000000000000464       0x6c ./src/Display/DR_Display.o
 .debug_frame   0x00000000000004d0       0x78 ./src/Display/PR_Display.o
 .debug_frame   0x0000000000000548      0x138 ./src/BMP280/PR_BMP280.o
 .debug_frame   0x0000000000000680      0x170 ./src/cr_startup_lpc175x_6x.o
 .debug_frame   0x00000000000007f0       0x4c ./src/main.o

Cross Reference Table

Symbol                                            File
ADC_IRQHandler                                    ./src/cr_startup_lpc175x_6x.o
Apagar                                            ./src/Display/DR_Display.o
                                                  ./src/Display/PR_Display.o
ApagarDisplay                                     ./src/Display/PR_Display.o
ApagarLuces                                       ./src/main.o
BMP280_get_meas_values                            ./src/BMP280/PR_BMP280.o
BMP280_init                                       ./src/BMP280/PR_BMP280.o
                                                  ./src/main.o
BOD_IRQHandler                                    ./src/cr_startup_lpc175x_6x.o
BarridoDisplay                                    ./src/Display/DR_Display.o
                                                  ./src/Display/PR_Display.o
                                                  ./src/Temporizadores/AP_Temporizadores.o
BusFault_Handler                                  ./src/cr_startup_lpc175x_6x.o
CANActivity_IRQHandler                            ./src/cr_startup_lpc175x_6x.o
CAN_IRQHandler                                    ./src/cr_startup_lpc175x_6x.o
CRP_WORD                                          ./src/crp.o
DMA_IRQHandler                                    ./src/cr_startup_lpc175x_6x.o
DebugMon_Handler                                  ./src/cr_startup_lpc175x_6x.o
Display                                           ./src/Display/PR_Display.o
                                                  ./src/main.o
Display1                                          ./src/Display/PR_Display.o
EINT0_IRQHandler                                  ./src/cr_startup_lpc175x_6x.o
EINT1_IRQHandler                                  ./src/cr_startup_lpc175x_6x.o
EINT2_IRQHandler                                  ./src/cr_startup_lpc175x_6x.o
EINT3_IRQHandler                                  ./src/cr_startup_lpc175x_6x.o
ENET_IRQHandler                                   ./src/cr_startup_lpc175x_6x.o
Ev_Display                                        ./src/Temporizadores/AP_Temporizadores.o
                                                  ./src/Display/DR_Display.o
Ev_Estado1                                        ./src/Temporizadores/AP_Temporizadores.o
Ev_Estado2                                        ./src/Temporizadores/AP_Temporizadores.o
Ev_Relay0                                         ./src/Temporizadores/AP_Temporizadores.o
GetPIN                                            ./src/gpio/DR_GPIO.o
                                                  ./src/main.o
HardFault_Handler                                 ./src/cr_startup_lpc175x_6x.o
I2C                                               ./src/I2C/DR_I2C.o
I2C0_IRQHandler                                   ./src/cr_startup_lpc175x_6x.o
I2C1_IRQHandler                                   ./src/I2C/DR_I2C.o
I2C2_IRQHandler                                   ./src/cr_startup_lpc175x_6x.o
I2CCount                                          ./src/I2C/DR_I2C.o
I2CEngine                                         ./src/I2C/DR_I2C.o
                                                  ./src/BMP280/PR_BMP280.o
I2CMasterBuffer                                   ./src/I2C/DR_I2C.o
                                                  ./src/BMP280/PR_BMP280.o
I2CMasterState                                    ./src/I2C/DR_I2C.o
I2CReadLength                                     ./src/I2C/DR_I2C.o
                                                  ./src/BMP280/PR_BMP280.o
I2CSlaveBuffer                                    ./src/I2C/DR_I2C.o
                                                  ./src/BMP280/PR_BMP280.o
I2CStart                                          ./src/I2C/DR_I2C.o
I2CStatusBuffer                                   ./src/I2C/DR_I2C.o
I2CStop                                           ./src/I2C/DR_I2C.o
I2CWriteLength                                    ./src/I2C/DR_I2C.o
                                                  ./src/BMP280/PR_BMP280.o
I2S_IRQHandler                                    ./src/cr_startup_lpc175x_6x.o
InicializacionExp1                                ./src/Inicializacion/DR_Inicializacion.o
                                                  ./src/main.o
InicializarPLL                                    ./src/pll/DR_PLL.o
                                                  ./src/Inicializacion/DR_Inicializacion.o
InicializarSysTick                                ./src/systick/DR_SysTick.o
                                                  ./src/Inicializacion/DR_Inicializacion.o
IniciarDisplay                                    ./src/Display/DR_Display.o
                                                  ./src/main.o
Init_I2C1                                         ./src/I2C/DR_I2C.o
                                                  ./src/main.o
IntDefaultHandler                                 ./src/cr_startup_lpc175x_6x.o
MCPWM_IRQHandler                                  ./src/cr_startup_lpc175x_6x.o
MSG_DSP                                           ./src/Display/DR_Display.o
                                                  ./src/Display/PR_Display.o
MemManage_Handler                                 ./src/cr_startup_lpc175x_6x.o
NMI_Handler                                       ./src/cr_startup_lpc175x_6x.o
PLL0_IRQHandler                                   ./src/cr_startup_lpc175x_6x.o
PLL1_IRQHandler                                   ./src/cr_startup_lpc175x_6x.o
PWM1_IRQHandler                                   ./src/cr_startup_lpc175x_6x.o
PendSV_Handler                                    ./src/cr_startup_lpc175x_6x.o
QEI_IRQHandler                                    ./src/cr_startup_lpc175x_6x.o
RIT_IRQHandler                                    ./src/cr_startup_lpc175x_6x.o
RTC_IRQHandler                                    ./src/cr_startup_lpc175x_6x.o
RdIndex0                                          ./src/I2C/DR_I2C.o
RdIndex1                                          ./src/I2C/DR_I2C.o
RdIndex2                                          ./src/I2C/DR_I2C.o
ResetISR                                          ./src/cr_startup_lpc175x_6x.o
SPI_IRQHandler                                    ./src/cr_startup_lpc175x_6x.o
SSP0_IRQHandler                                   ./src/cr_startup_lpc175x_6x.o
SSP1_IRQHandler                                   ./src/cr_startup_lpc175x_6x.o
SVC_Handler                                       ./src/cr_startup_lpc175x_6x.o
SetDIR                                            ./src/gpio/DR_GPIO.o
                                                  ./src/main.o
                                                  ./src/Display/DR_Display.o
SetPIN                                            ./src/gpio/DR_GPIO.o
                                                  ./src/main.o
                                                  ./src/Display/DR_Display.o
SetPINMODE                                        ./src/gpio/DR_GPIO.o
                                                  ./src/I2C/DR_I2C.o
SetPINMODE_OD                                     ./src/gpio/DR_GPIO.o
                                                  ./src/I2C/DR_I2C.o
SetPINSEL                                         ./src/gpio/DR_GPIO.o
                                                  ./src/I2C/DR_I2C.o
SetTOGGLE                                         ./src/gpio/DR_GPIO.o
SysTick_Handler                                   ./src/systick/DR_SysTick.o
TIMER0_IRQHandler                                 ./src/cr_startup_lpc175x_6x.o
TIMER1_IRQHandler                                 ./src/cr_startup_lpc175x_6x.o
TIMER2_IRQHandler                                 ./src/cr_startup_lpc175x_6x.o
TIMER3_IRQHandler                                 ./src/cr_startup_lpc175x_6x.o
Tabla_Digitos_BCD_7seg                            ./src/Display/DR_Display.o
TimerClose                                        ./src/Temporizadores/PR_Temporizadores.o
TimerDescount                                     ./src/Temporizadores/PR_Temporizadores.o
                                                  ./src/systick/DR_SysTick.o
TimerEvent                                        ./src/Temporizadores/PR_Temporizadores.o
TimerGet                                          ./src/Temporizadores/PR_Temporizadores.o
TimerPause                                        ./src/Temporizadores/PR_Temporizadores.o
TimerSet                                          ./src/Temporizadores/PR_Temporizadores.o
TimerStart                                        ./src/Temporizadores/PR_Temporizadores.o
                                                  ./src/Display/DR_Display.o
                                                  ./src/Temporizadores/AP_Temporizadores.o
TimerStop                                         ./src/Temporizadores/PR_Temporizadores.o
TmrBase                                           ./src/Temporizadores/PR_Temporizadores.o
TmrFlag                                           ./src/Temporizadores/PR_Temporizadores.o
TmrFunciones                                      ./src/Temporizadores/PR_Temporizadores.o
TmrPause                                          ./src/Temporizadores/PR_Temporizadores.o
TmrRun                                            ./src/Temporizadores/PR_Temporizadores.o
UART0_IRQHandler                                  ./src/cr_startup_lpc175x_6x.o
UART1_IRQHandler                                  ./src/cr_startup_lpc175x_6x.o
UART2_IRQHandler                                  ./src/cr_startup_lpc175x_6x.o
UART3_IRQHandler                                  ./src/cr_startup_lpc175x_6x.o
USBActivity_IRQHandler                            ./src/cr_startup_lpc175x_6x.o
USB_IRQHandler                                    ./src/cr_startup_lpc175x_6x.o
UsageFault_Handler                                ./src/cr_startup_lpc175x_6x.o
WDT_IRQHandler                                    ./src/cr_startup_lpc175x_6x.o
WrIndex0                                          ./src/I2C/DR_I2C.o
WrIndex1                                          ./src/I2C/DR_I2C.o
WrIndex2                                          ./src/I2C/DR_I2C.o
__bss_section_table_end                           ./src/cr_startup_lpc175x_6x.o
__data_section_table                              ./src/cr_startup_lpc175x_6x.o
__data_section_table_end                          ./src/cr_startup_lpc175x_6x.o
__main                                            /usr/local/mcuxpressoide-11.2.1_4149/ide/plugins/com.nxp.mcuxpresso.tools.linux_11.2.0.202001021529/tools/bin/../lib/gcc/arm-none-eabi/9.2.1/../../../../arm-none-eabi/lib/thumb/v7-m/nofp/libcr_c.a(__weak__main.o)
                                                  ./src/cr_startup_lpc175x_6x.o
__valid_user_code_checksum                        ./src/cr_startup_lpc175x_6x.o
__weak_main                                       /usr/local/mcuxpressoide-11.2.1_4149/ide/plugins/com.nxp.mcuxpresso.tools.linux_11.2.0.202001021529/tools/bin/../lib/gcc/arm-none-eabi/9.2.1/../../../../arm-none-eabi/lib/thumb/v7-m/nofp/libcr_c.a(__weak__main.o)
_vStackTop                                        ./src/cr_startup_lpc175x_6x.o
bmp280_get_uncomp_data                            ./src/BMP280/PR_BMP280.o
bss_init                                          ./src/cr_startup_lpc175x_6x.o
calib_data                                        ./src/BMP280/PR_BMP280.o
data_init                                         ./src/cr_startup_lpc175x_6x.o
dev                                               ./src/BMP280/PR_BMP280.o
fEventoTiempo_1                                   ./src/Temporizadores/AP_Temporizadores.o
fEventoTiempo_2                                   ./src/Temporizadores/AP_Temporizadores.o
g_pfnVectors                                      ./src/cr_startup_lpc175x_6x.o
get_comp_pres                                     ./src/BMP280/PR_BMP280.o
get_comp_temp                                     ./src/BMP280/PR_BMP280.o
get_pres                                          ./src/BMP280/PR_BMP280.o
                                                  ./src/main.o
get_temp                                          ./src/BMP280/PR_BMP280.o
                                                  ./src/main.o
main                                              ./src/main.o
                                                  /usr/local/mcuxpressoide-11.2.1_4149/ide/plugins/com.nxp.mcuxpresso.tools.linux_11.2.0.202001021529/tools/bin/../lib/gcc/arm-none-eabi/9.2.1/../../../../arm-none-eabi/lib/thumb/v7-m/nofp/libcr_c.a(__weak__main.o)
set_calib_param                                   ./src/BMP280/PR_BMP280.o
timeout                                           ./src/I2C/DR_I2C.o
uncomp_data                                       ./src/BMP280/PR_BMP280.o
