Archive member included to satisfy reference by file (symbol)

/usr/local/mcuxpressoide-11.2.1_4149/ide/plugins/com.nxp.mcuxpresso.tools.linux_11.2.0.202001021529/tools/bin/../lib/gcc/arm-none-eabi/9.2.1/../../../../arm-none-eabi/lib/thumb/v7-m/nofp/libcr_semihost.a(_cr__main.o)
                              ./src/cr_startup_lpc175x_6x.o (__main)
/usr/local/mcuxpressoide-11.2.1_4149/ide/plugins/com.nxp.mcuxpresso.tools.linux_11.2.0.202001021529/tools/bin/../lib/gcc/arm-none-eabi/9.2.1/../../../../arm-none-eabi/lib/thumb/v7-m/nofp/libcr_c.a(initio.o)
                              /usr/local/mcuxpressoide-11.2.1_4149/ide/plugins/com.nxp.mcuxpresso.tools.linux_11.2.0.202001021529/tools/bin/../lib/gcc/arm-none-eabi/9.2.1/../../../../arm-none-eabi/lib/thumb/v7-m/nofp/libcr_semihost.a(_cr__main.o) (_initio)
/usr/local/mcuxpressoide-11.2.1_4149/ide/plugins/com.nxp.mcuxpresso.tools.linux_11.2.0.202001021529/tools/bin/../lib/gcc/arm-none-eabi/9.2.1/../../../../arm-none-eabi/lib/thumb/v7-m/nofp/libcr_c.a(setvbuf.o)
                              /usr/local/mcuxpressoide-11.2.1_4149/ide/plugins/com.nxp.mcuxpresso.tools.linux_11.2.0.202001021529/tools/bin/../lib/gcc/arm-none-eabi/9.2.1/../../../../arm-none-eabi/lib/thumb/v7-m/nofp/libcr_c.a(initio.o) (setvbuf)
/usr/local/mcuxpressoide-11.2.1_4149/ide/plugins/com.nxp.mcuxpresso.tools.linux_11.2.0.202001021529/tools/bin/../lib/gcc/arm-none-eabi/9.2.1/../../../../arm-none-eabi/lib/thumb/v7-m/nofp/libcr_c.a(_fdopen.o)
                              /usr/local/mcuxpressoide-11.2.1_4149/ide/plugins/com.nxp.mcuxpresso.tools.linux_11.2.0.202001021529/tools/bin/../lib/gcc/arm-none-eabi/9.2.1/../../../../arm-none-eabi/lib/thumb/v7-m/nofp/libcr_c.a(initio.o) (_fdopen)
/usr/local/mcuxpressoide-11.2.1_4149/ide/plugins/com.nxp.mcuxpresso.tools.linux_11.2.0.202001021529/tools/bin/../lib/gcc/arm-none-eabi/9.2.1/../../../../arm-none-eabi/lib/thumb/v7-m/nofp/libcr_c.a(fclose.o)
                              /usr/local/mcuxpressoide-11.2.1_4149/ide/plugins/com.nxp.mcuxpresso.tools.linux_11.2.0.202001021529/tools/bin/../lib/gcc/arm-none-eabi/9.2.1/../../../../arm-none-eabi/lib/thumb/v7-m/nofp/libcr_c.a(initio.o) (fclose)
/usr/local/mcuxpressoide-11.2.1_4149/ide/plugins/com.nxp.mcuxpresso.tools.linux_11.2.0.202001021529/tools/bin/../lib/gcc/arm-none-eabi/9.2.1/../../../../arm-none-eabi/lib/thumb/v7-m/nofp/libcr_c.a(fflush.o)
                              /usr/local/mcuxpressoide-11.2.1_4149/ide/plugins/com.nxp.mcuxpresso.tools.linux_11.2.0.202001021529/tools/bin/../lib/gcc/arm-none-eabi/9.2.1/../../../../arm-none-eabi/lib/thumb/v7-m/nofp/libcr_c.a(fclose.o) (fflush)
/usr/local/mcuxpressoide-11.2.1_4149/ide/plugins/com.nxp.mcuxpresso.tools.linux_11.2.0.202001021529/tools/bin/../lib/gcc/arm-none-eabi/9.2.1/../../../../arm-none-eabi/lib/thumb/v7-m/nofp/libcr_c.a(fseek.o)
                              /usr/local/mcuxpressoide-11.2.1_4149/ide/plugins/com.nxp.mcuxpresso.tools.linux_11.2.0.202001021529/tools/bin/../lib/gcc/arm-none-eabi/9.2.1/../../../../arm-none-eabi/lib/thumb/v7-m/nofp/libcr_c.a(_fdopen.o) (fseek)
/usr/local/mcuxpressoide-11.2.1_4149/ide/plugins/com.nxp.mcuxpresso.tools.linux_11.2.0.202001021529/tools/bin/../lib/gcc/arm-none-eabi/9.2.1/../../../../arm-none-eabi/lib/thumb/v7-m/nofp/libcr_c.a(ftell.o)
                              /usr/local/mcuxpressoide-11.2.1_4149/ide/plugins/com.nxp.mcuxpresso.tools.linux_11.2.0.202001021529/tools/bin/../lib/gcc/arm-none-eabi/9.2.1/../../../../arm-none-eabi/lib/thumb/v7-m/nofp/libcr_c.a(fseek.o) (ftell)
/usr/local/mcuxpressoide-11.2.1_4149/ide/plugins/com.nxp.mcuxpresso.tools.linux_11.2.0.202001021529/tools/bin/../lib/gcc/arm-none-eabi/9.2.1/../../../../arm-none-eabi/lib/thumb/v7-m/nofp/libcr_c.a(remove.o)
                              /usr/local/mcuxpressoide-11.2.1_4149/ide/plugins/com.nxp.mcuxpresso.tools.linux_11.2.0.202001021529/tools/bin/../lib/gcc/arm-none-eabi/9.2.1/../../../../arm-none-eabi/lib/thumb/v7-m/nofp/libcr_c.a(fclose.o) (remove)
/usr/local/mcuxpressoide-11.2.1_4149/ide/plugins/com.nxp.mcuxpresso.tools.linux_11.2.0.202001021529/tools/bin/../lib/gcc/arm-none-eabi/9.2.1/../../../../arm-none-eabi/lib/thumb/v7-m/nofp/libcr_c.a(strlen.o)
                              /usr/local/mcuxpressoide-11.2.1_4149/ide/plugins/com.nxp.mcuxpresso.tools.linux_11.2.0.202001021529/tools/bin/../lib/gcc/arm-none-eabi/9.2.1/../../../../arm-none-eabi/lib/thumb/v7-m/nofp/libcr_c.a(remove.o) (strlen)
/usr/local/mcuxpressoide-11.2.1_4149/ide/plugins/com.nxp.mcuxpresso.tools.linux_11.2.0.202001021529/tools/bin/../lib/gcc/arm-none-eabi/9.2.1/../../../../arm-none-eabi/lib/thumb/v7-m/nofp/libcr_c.a(memset.o)
                              /usr/local/mcuxpressoide-11.2.1_4149/ide/plugins/com.nxp.mcuxpresso.tools.linux_11.2.0.202001021529/tools/bin/../lib/gcc/arm-none-eabi/9.2.1/../../../../arm-none-eabi/lib/thumb/v7-m/nofp/libcr_c.a(fclose.o) (memset)
[...]
Memory Configuration

Name             Origin             Length             Attributes
MFlash512        0x0000000000000000 0x0000000000080000 xr
RamLoc32         0x0000000010000000 0x0000000000008000 xrw
RamAHB32         0x000000002007c000 0x0000000000008000 xrw
*default*        0x0000000000000000 0xffffffffffffffff

Linker script and memory map

LOAD ./src/systick/DR_SysTick.o
LOAD ./src/pll/DR_PLL.o
LOAD ./src/Temporizadores/AP_Temporizadores.o
LOAD ./src/Temporizadores/PR_Temporizadores.o
LOAD ./src/Teclado/DR_Teclado.o
LOAD ./src/Teclado/PR_Teclado.o
LOAD ./src/LCD/DR_LCD.o
LOAD ./src/LCD/PR_LCD.o
LOAD ./src/Inicializacion/DR_Inicializacion.o
LOAD ./src/I2C/DR_I2C.o
LOAD ./src/GPIO/DR_GPIO.o
LOAD ./src/Display/DR_Display.o
LOAD ./src/Display/PR_Display.o
LOAD ./src/BME280/PR_BME280.o
LOAD ./src/Aplicacion/AP_funciones.o
LOAD ./src/Aplicacion/Aplicacion.o
LOAD ./src/cr_startup_lpc175x_6x.o
LOAD ./src/crp.o
START GROUP
LOAD /usr/local/mcuxpressoide-11.2.1_4149/ide/plugins/com.nxp.mcuxpresso.tools.linux_11.2.0.202001021529/tools/bin/../lib/gcc/arm-none-eabi/9.2.1/../../../../arm-none-eabi/lib/thumb/v7-m/nofp/libcr_semihost.a
LOAD /usr/local/mcuxpressoide-11.2.1_4149/ide/plugins/com.nxp.mcuxpresso.tools.linux_11.2.0.202001021529/tools/bin/../lib/gcc/arm-none-eabi/9.2.1/../../../../arm-none-eabi/lib/thumb/v7-m/nofp/libcr_c.a
LOAD /usr/local/mcuxpressoide-11.2.1_4149/ide/plugins/com.nxp.mcuxpresso.tools.linux_11.2.0.202001021529/tools/bin/../lib/gcc/arm-none-eabi/9.2.1/thumb/v7-m/nofp/libcr_eabihelpers.a
LOAD /usr/local/mcuxpressoide-11.2.1_4149/ide/plugins/com.nxp.mcuxpresso.tools.linux_11.2.0.202001021529/tools/bin/../lib/gcc/arm-none-eabi/9.2.1/thumb/v7-m/nofp/libgcc.a
END GROUP
                0x0000000000000000                __base_MFlash512 = 0x0
                0x0000000000000000                __base_Flash = 0x0
                0x0000000000080000                __top_MFlash512 = 0x80000
                0x0000000000080000                __top_Flash = 0x80000
                0x0000000010000000                __base_RamLoc32 = 0x10000000
                0x0000000010000000                __base_RAM = 0x10000000
                0x0000000010008000                __top_RamLoc32 = 0x10008000
                0x0000000010008000                __top_RAM = 0x10008000
                0x000000002007c000                __base_RamAHB32 = 0x2007c000
                0x000000002007c000                __base_RAM2 = 0x2007c000
                0x0000000020084000                __top_RamAHB32 = 0x20084000
                0x0000000020084000                __top_RAM2 = 0x20084000

.text           0x0000000000000000     0x30e8
 FILL mask 0xff
                0x0000000000000000                __vectors_start__ = ABSOLUTE (.)
 *(.isr_vector)
 .isr_vector    0x0000000000000000       0xcc ./src/cr_startup_lpc175x_6x.o
                0x0000000000000000                g_pfnVectors
                0x00000000000000cc                . = ALIGN (0x4)
                0x00000000000000cc                __section_table_start = .
                0x00000000000000cc                __data_section_table = .
                0x00000000000000cc        0x4 LONG 0x30e8 LOADADDR (.data)
                0x00000000000000d0        0x4 LONG 0x10000000 ADDR (.data)
                0x00000000000000d4        0x4 LONG 0x20 SIZEOF (.data)
                0x00000000000000d8        0x4 LONG 0x30e8 LOADADDR (.data_RAM2)
                0x00000000000000dc        0x4 LONG 0x2007c000 ADDR (.data_RAM2)
                0x00000000000000e0        0x4 LONG 0x0 SIZEOF (.data_RAM2)
                0x00000000000000e4                __data_section_table_end = .
                0x00000000000000e4                __bss_section_table = .
                0x00000000000000e4        0x4 LONG 0x10000020 ADDR (.bss)
                0x00000000000000e8        0x4 LONG 0x6bc SIZEOF (.bss)
                0x00000000000000ec        0x4 LONG 0x2007c000 ADDR (.bss_RAM2)
                0x00000000000000f0        0x4 LONG 0x0 SIZEOF (.bss_RAM2)
                0x00000000000000f4                __bss_section_table_end = .
                0x00000000000000f4                __section_table_end = .
 *(.after_vectors*)
 .after_vectors
                0x00000000000000f4      0x12c ./src/cr_startup_lpc175x_6x.o
                0x00000000000000f4                data_init
                0x0000000000000138                bss_init
                0x0000000000000170                ResetISR
                0x00000000000001e4                NMI_Handler
                0x00000000000001ea                HardFault_Handler
                0x00000000000001f0                MemManage_Handler
                0x00000000000001f6                BusFault_Handler
                0x00000000000001fc                UsageFault_Handler
                0x0000000000000202                SVC_Handler
                0x0000000000000208                DebugMon_Handler
                0x000000000000020e                PendSV_Handler
                0x000000000000021a                TIMER2_IRQHandler
                0x000000000000021a                RIT_IRQHandler
                0x000000000000021a                I2C0_IRQHandler
                0x000000000000021a                USBActivity_IRQHandler
                0x000000000000021a                PWM1_IRQHandler
                0x000000000000021a                EINT2_IRQHandler
                0x000000000000021a                UART1_IRQHandler
                0x000000000000021a                EINT3_IRQHandler
                0x000000000000021a                CANActivity_IRQHandler
                0x000000000000021a                TIMER3_IRQHandler
                0x000000000000021a                UART0_IRQHandler
                0x000000000000021a                IntDefaultHandler
                0x000000000000021a                PLL0_IRQHandler
                0x000000000000021a                CAN_IRQHandler
                0x000000000000021a                PLL1_IRQHandler
                0x000000000000021a                SSP0_IRQHandler
                0x000000000000021a                I2S_IRQHandler
                0x000000000000021a                I2C2_IRQHandler
                0x000000000000021a                RTC_IRQHandler
                0x000000000000021a                TIMER0_IRQHandler
                0x000000000000021a                SPI_IRQHandler
                0x000000000000021a                EINT1_IRQHandler
                0x000000000000021a                TIMER1_IRQHandler
                0x000000000000021a                UART2_IRQHandler
                0x000000000000021a                ADC_IRQHandler
                0x000000000000021a                SSP1_IRQHandler
                0x000000000000021a                USB_IRQHandler
                0x000000000000021a                BOD_IRQHandler
                0x000000000000021a                WDT_IRQHandler
                0x000000000000021a                QEI_IRQHandler
                0x000000000000021a                EINT0_IRQHandler
                0x000000000000021a                DMA_IRQHandler
                0x000000000000021a                UART3_IRQHandler
                0x000000000000021a                MCPWM_IRQHandler
                0x000000000000021a                ENET_IRQHandler
 *(.text*)
 .text.InicializarSysTick
                0x0000000000000220       0x40 ./src/systick/DR_SysTick.o
                0x0000000000000220                InicializarSysTick
 .text.SysTick_Handler
                0x0000000000000260       0x30 ./src/systick/DR_SysTick.o
                0x0000000000000260                SysTick_Handler
 .text.InicializarPLL
                0x0000000000000290      0x140 ./src/pll/DR_PLL.o
                0x0000000000000290                InicializarPLL
 .text.Ev_Estado1
                0x00000000000003d0        0xc ./src/Temporizadores/AP_Temporizadores.o
                0x00000000000003d0                Ev_Estado1
 .text.TimerStart
                0x00000000000003dc       0xac ./src/Temporizadores/PR_Temporizadores.o
                0x00000000000003dc                TimerStart
 .text.TimerDescount
                0x0000000000000488       0x70 ./src/Temporizadores/PR_Temporizadores.o
                0x0000000000000488                TimerDescount
 .text.TimerEvent
                0x00000000000004f8       0x48 ./src/Temporizadores/PR_Temporizadores.o
                0x00000000000004f8                TimerEvent
 .text.InicializarTeclado
                0x0000000000000540       0x3a ./src/Teclado/DR_Teclado.o
                0x0000000000000540                InicializarTeclado
 *fill*         0x000000000000057a        0x2 ff
 .text.TecladoSW
                0x000000000000057c       0x8c ./src/Teclado/DR_Teclado.o
                0x000000000000057c                TecladoSW
 .text.TecladoHW
                0x0000000000000608       0x6e ./src/Teclado/DR_Teclado.o
                0x0000000000000608                TecladoHW
 *fill*         0x0000000000000676        0x2 ff
 .text.GetKey   0x0000000000000678       0x24 ./src/Teclado/PR_Teclado.o
                0x0000000000000678                GetKey
 .text.InitLCD  0x000000000000069c      0x1dc ./src/LCD/DR_LCD.o
                0x000000000000069c                InitLCD
 .text.Dato_LCD
                0x0000000000000878       0xb0 ./src/LCD/DR_LCD.o
                0x0000000000000878                Dato_LCD
 .text.PopLCD   0x0000000000000928       0x70 ./src/LCD/DR_LCD.o
                0x0000000000000928                PopLCD
 .text.PushLCD  0x0000000000000998       0xd4 ./src/LCD/PR_LCD.o
                0x0000000000000998                PushLCD
 .text.Display_LCD
                0x0000000000000a6c       0x6e ./src/LCD/PR_LCD.o
                0x0000000000000a6c                Display_LCD
 *fill*         0x0000000000000ada        0x2 ff
 .text.Init_I2C1
                0x0000000000000adc       0x98 ./src/I2C/DR_I2C.o
                0x0000000000000adc                Init_I2C1
 .text.I2C1_IRQHandler
                0x0000000000000b74      0x374 ./src/I2C/DR_I2C.o
                0x0000000000000b74                I2C1_IRQHandler
 .text.I2CStop  0x0000000000000ee8       0x44 ./src/I2C/DR_I2C.o
                0x0000000000000ee8                I2CStop
 .text.I2CEngine
                0x0000000000000f2c       0x8c ./src/I2C/DR_I2C.o
                0x0000000000000f2c                I2CEngine
 .text.SetPINSEL
                0x0000000000000fb8       0xa0 ./src/GPIO/DR_GPIO.o
                0x0000000000000fb8                SetPINSEL
 .text.SetDIR   0x0000000000001058       0x70 ./src/GPIO/DR_GPIO.o
                0x0000000000001058                SetDIR
 .text.SetPIN   0x00000000000010c8       0x74 ./src/GPIO/DR_GPIO.o
                0x00000000000010c8                SetPIN
 .text.GetPIN   0x000000000000113c       0x58 ./src/GPIO/DR_GPIO.o
                0x000000000000113c                GetPIN
 .text.SetPINMODE
                0x0000000000001194       0xa0 ./src/GPIO/DR_GPIO.o
                0x0000000000001194                SetPINMODE
 .text.SetPINMODE_OD
                0x0000000000001234       0x70 ./src/GPIO/DR_GPIO.o
                0x0000000000001234                SetPINMODE_OD
 .text.Display_Init
                0x00000000000012a4       0x94 ./src/Display/DR_Display.o
                0x00000000000012a4                Display_Init
 .text.BarridoDisplay
                0x0000000000001338      0x1b4 ./src/Display/DR_Display.o
                0x0000000000001338                BarridoDisplay
 .text.Apagar   0x00000000000014ec       0x44 ./src/Display/DR_Display.o
                0x00000000000014ec                Apagar
 .text.Display  0x0000000000001530       0x94 ./src/Display/PR_Display.o
                0x0000000000001530                Display
 .text.InicializarDisplay
                0x00000000000015c4        0xc ./src/Display/PR_Display.o
                0x00000000000015c4                InicializarDisplay
 .text.BME280_init
                0x00000000000015d0      0x13c ./src/BME280/PR_BME280.o
                0x00000000000015d0                BME280_init
 .text.parse_temp_press_calib_data
                0x000000000000170c      0x164 ./src/BME280/PR_BME280.o
                0x000000000000170c                parse_temp_press_calib_data
 .text.parse_humidity_calib_data
                0x0000000000001870       0x9c ./src/BME280/PR_BME280.o
                0x0000000000001870                parse_humidity_calib_data
 .text.BME280_get_meas_values
                0x000000000000190c       0x94 ./src/BME280/PR_BME280.o
                0x000000000000190c                BME280_get_meas_values
 .text.bme280_get_uncomp_data
                0x00000000000019a0       0x8c ./src/BME280/PR_BME280.o
                0x00000000000019a0                bme280_get_uncomp_data
 .text.get_temp
                0x0000000000001a2c       0x30 ./src/BME280/PR_BME280.o
                0x0000000000001a2c                get_temp
 .text.get_pres
                0x0000000000001a5c       0x30 ./src/BME280/PR_BME280.o
                0x0000000000001a5c                get_pres
 .text.get_hum  0x0000000000001a8c       0x24 ./src/BME280/PR_BME280.o
                0x0000000000001a8c                get_hum
 .text.compensate_temp
                0x0000000000001ab0      0x1c0 ./src/BME280/PR_BME280.o
                0x0000000000001ab0                compensate_temp
 .text.compensate_pres
                0x0000000000001c70      0x42c ./src/BME280/PR_BME280.o
                0x0000000000001c70                compensate_pres
 .text.compensate_hum
                0x000000000000209c      0x26c ./src/BME280/PR_BME280.o
                0x000000000000209c                compensate_hum
 .text.Inicializar
                0x0000000000002308       0x26 ./src/Aplicacion/AP_funciones.o
                0x0000000000002308                Inicializar
 *fill*         0x000000000000232e        0x2 ff
 .text.Medir    0x0000000000002330       0x84 ./src/Aplicacion/AP_funciones.o
                0x0000000000002330                Medir
 .text.LeerTeclado
                0x00000000000023b4       0x5c ./src/Aplicacion/AP_funciones.o
                0x00000000000023b4                LeerTeclado
 .text.ApagarLuces
                0x0000000000002410       0x94 ./src/Aplicacion/AP_funciones.o
                0x0000000000002410                ApagarLuces
 .text.main     0x00000000000024a4       0x1a ./src/Aplicacion/Aplicacion.o
                0x00000000000024a4                main
 .text.__main   0x00000000000024be        0xe /usr/local/mcuxpressoide-11.2.1_4149/ide/plugins/com.nxp.mcuxpresso.tools.linux_11.2.0.202001021529/tools/bin/../lib/gcc/arm-none-eabi/9.2.1/../../../../arm-none-eabi/lib/thumb/v7-m/nofp/libcr_semihost.a(_cr__main.o)
                0x00000000000024be                __main
                0x00000000000024be                __CR_SEMIHOST
 .text._initio  0x00000000000024cc       0x78 /usr/local/mcuxpressoide-11.2.1_4149/ide/plugins/com.nxp.mcuxpresso.tools.linux_11.2.0.202001021529/tools/bin/../lib/gcc/arm-none-eabi/9.2.1/../../../../arm-none-eabi/lib/thumb/v7-m/nofp/libcr_c.a(initio.o)
                0x00000000000024cc                _initio
 .text.setvbuf  0x0000000000002544       0x3e /usr/local/mcuxpressoide-11.2.1_4149/ide/plugins/com.nxp.mcuxpresso.tools.linux_11.2.0.202001021529/tools/bin/../lib/gcc/arm-none-eabi/9.2.1/../../../../arm-none-eabi/lib/thumb/v7-m/nofp/libcr_c.a(setvbuf.o)
                0x0000000000002544                setvbuf
 .text._fdopen  0x0000000000002582       0x68 /usr/local/mcuxpressoide-11.2.1_4149/ide/plugins/com.nxp.mcuxpresso.tools.linux_11.2.0.202001021529/tools/bin/../lib/gcc/arm-none-eabi/9.2.1/../../../../arm-none-eabi/lib/thumb/v7-m/nofp/libcr_c.a(_fdopen.o)
                0x0000000000002582                _fdopen
 .text.fclose   0x00000000000025ea       0x58 /usr/local/mcuxpressoide-11.2.1_4149/ide/plugins/com.nxp.mcuxpresso.tools.linux_11.2.0.202001021529/tools/bin/../lib/gcc/arm-none-eabi/9.2.1/../../../../arm-none-eabi/lib/thumb/v7-m/nofp/libcr_c.a(fclose.o)
                0x00000000000025ea                fclose
 *fill*         0x0000000000002642        0x2 ff
 .text.fflush   0x0000000000002644       0x44 /usr/local/mcuxpressoide-11.2.1_4149/ide/plugins/com.nxp.mcuxpresso.tools.linux_11.2.0.202001021529/tools/bin/../lib/gcc/arm-none-eabi/9.2.1/../../../../arm-none-eabi/lib/thumb/v7-m/nofp/libcr_c.a(fflush.o)
                0x0000000000002644                fflush
 .text.fseek    0x0000000000002688      0x100 /usr/local/mcuxpressoide-11.2.1_4149/ide/plugins/com.nxp.mcuxpresso.tools.linux_11.2.0.202001021529/tools/bin/../lib/gcc/arm-none-eabi/9.2.1/../../../../arm-none-eabi/lib/thumb/v7-m/nofp/libcr_c.a(fseek.o)
                0x0000000000002688                fseek
 .text.ftell    0x0000000000002788       0x44 /usr/local/mcuxpressoide-11.2.1_4149/ide/plugins/com.nxp.mcuxpresso.tools.linux_11.2.0.202001021529/tools/bin/../lib/gcc/arm-none-eabi/9.2.1/../../../../arm-none-eabi/lib/thumb/v7-m/nofp/libcr_c.a(ftell.o)
                0x0000000000002788                ftell
 .text.remove   0x00000000000027cc       0x14 /usr/local/mcuxpressoide-11.2.1_4149/ide/plugins/com.nxp.mcuxpresso.tools.linux_11.2.0.202001021529/tools/bin/../lib/gcc/arm-none-eabi/9.2.1/../../../../arm-none-eabi/lib/thumb/v7-m/nofp/libcr_c.a(remove.o)
                0x00000000000027cc                remove
 .text.strlen   0x00000000000027e0       0x4c /usr/local/mcuxpressoide-11.2.1_4149/ide/plugins/com.nxp.mcuxpresso.tools.linux_11.2.0.202001021529/tools/bin/../lib/gcc/arm-none-eabi/9.2.1/../../../../arm-none-eabi/lib/thumb/v7-m/nofp/libcr_c.a(strlen.o)
                0x00000000000027e0                strlen
 .text.memset   0x000000000000282c        0x4 /usr/local/mcuxpressoide-11.2.1_4149/ide/plugins/com.nxp.mcuxpresso.tools.linux_11.2.0.202001021529/tools/bin/../lib/gcc/arm-none-eabi/9.2.1/../../../../arm-none-eabi/lib/thumb/v7-m/nofp/libcr_c.a(memset.o)
                0x000000000000282c                memset
 .text._do_fflush
                0x0000000000002830       0x40 /usr/local/mcuxpressoide-11.2.1_4149/ide/plugins/com.nxp.mcuxpresso.tools.linux_11.2.0.202001021529/tools/bin/../lib/gcc/arm-none-eabi/9.2.1/../../../../arm-none-eabi/lib/thumb/v7-m/nofp/libcr_c.a(_do_fflush.o)
                0x0000000000002830                _do_fflush
 .text._fflush  0x0000000000002870       0x52 /usr/local/mcuxpressoide-11.2.1_4149/ide/plugins/com.nxp.mcuxpresso.tools.linux_11.2.0.202001021529/tools/bin/../lib/gcc/arm-none-eabi/9.2.1/../../../../arm-none-eabi/lib/thumb/v7-m/nofp/libcr_c.a(_fflush.o)
                0x0000000000002870                _fflush
 *fill*         0x00000000000028c2        0x2 ff
 .text._Cwritebuf
                0x00000000000028c4       0x6c /usr/local/mcuxpressoide-11.2.1_4149/ide/plugins/com.nxp.mcuxpresso.tools.linux_11.2.0.202001021529/tools/bin/../lib/gcc/arm-none-eabi/9.2.1/../../../../arm-none-eabi/lib/thumb/v7-m/nofp/libcr_c.a(_writebuf.o)
                0x00000000000028c4                _Cwritebuf
 .text.free     0x0000000000002930       0x30 /usr/local/mcuxpressoide-11.2.1_4149/ide/plugins/com.nxp.mcuxpresso.tools.linux_11.2.0.202001021529/tools/bin/../lib/gcc/arm-none-eabi/9.2.1/../../../../arm-none-eabi/lib/thumb/v7-m/nofp/libcr_c.a(alloc.o)
                0x0000000000002930                free
 .text._deferredlazyseek
                0x0000000000002960       0x40 /usr/local/mcuxpressoide-11.2.1_4149/ide/plugins/com.nxp.mcuxpresso.tools.linux_11.2.0.202001021529/tools/bin/../lib/gcc/arm-none-eabi/9.2.1/../../../../arm-none-eabi/lib/thumb/v7-m/nofp/libcr_c.a(_deferredlazyseek.o)
                0x0000000000002960                _deferredlazyseek
 .text.__aeabi_dmul
                0x00000000000029a0      0x114 /usr/local/mcuxpressoide-11.2.1_4149/ide/plugins/com.nxp.mcuxpresso.tools.linux_11.2.0.202001021529/tools/bin/../lib/gcc/arm-none-eabi/9.2.1/thumb/v7-m/nofp/libcr_eabihelpers.a(double.o)
                0x00000000000029a0                __aeabi_dmul
 .text.__aeabi_ddiv
                0x0000000000002ab4      0x144 /usr/local/mcuxpressoide-11.2.1_4149/ide/plugins/com.nxp.mcuxpresso.tools.linux_11.2.0.202001021529/tools/bin/../lib/gcc/arm-none-eabi/9.2.1/thumb/v7-m/nofp/libcr_eabihelpers.a(double.o)
                0x0000000000002ab4                __aeabi_ddiv
 .text.__aeabi_dsub
                0x0000000000002bf8      0x1a8 /usr/local/mcuxpressoide-11.2.1_4149/ide/plugins/com.nxp.mcuxpresso.tools.linux_11.2.0.202001021529/tools/bin/../lib/gcc/arm-none-eabi/9.2.1/thumb/v7-m/nofp/libcr_eabihelpers.a(double.o)
                0x0000000000002bf8                __aeabi_dsub
 .text.__aeabi_dadd
                0x0000000000002da0      0x110 /usr/local/mcuxpressoide-11.2.1_4149/ide/plugins/com.nxp.mcuxpresso.tools.linux_11.2.0.202001021529/tools/bin/../lib/gcc/arm-none-eabi/9.2.1/thumb/v7-m/nofp/libcr_eabihelpers.a(double.o)
                0x0000000000002da0                __aeabi_dadd
 .text.__aeabi_d2iz
                0x0000000000002eb0       0x42 /usr/local/mcuxpressoide-11.2.1_4149/ide/plugins/com.nxp.mcuxpresso.tools.linux_11.2.0.202001021529/tools/bin/../lib/gcc/arm-none-eabi/9.2.1/thumb/v7-m/nofp/libcr_eabihelpers.a(double.o)
                0x0000000000002eb0                __aeabi_d2iz
 .text.__aeabi_d2uiz
                0x0000000000002ef2       0x32 /usr/local/mcuxpressoide-11.2.1_4149/ide/plugins/com.nxp.mcuxpresso.tools.linux_11.2.0.202001021529/tools/bin/../lib/gcc/arm-none-eabi/9.2.1/thumb/v7-m/nofp/libcr_eabihelpers.a(double.o)
                0x0000000000002ef2                __aeabi_d2uiz
 .text.__bhs_ui2d
                0x0000000000002f24       0x46 /usr/local/mcuxpressoide-11.2.1_4149/ide/plugins/com.nxp.mcuxpresso.tools.linux_11.2.0.202001021529/tools/bin/../lib/gcc/arm-none-eabi/9.2.1/thumb/v7-m/nofp/libcr_eabihelpers.a(double.o)
                0x0000000000002f24                __bhs_ui2d
 .text.__aeabi_i2d
                0x0000000000002f6a       0x12 /usr/local/mcuxpressoide-11.2.1_4149/ide/plugins/com.nxp.mcuxpresso.tools.linux_11.2.0.202001021529/tools/bin/../lib/gcc/arm-none-eabi/9.2.1/thumb/v7-m/nofp/libcr_eabihelpers.a(double.o)
                0x0000000000002f6a                __aeabi_i2d
 .text.__aeabi_ui2d
                0x0000000000002f7c        0x8 /usr/local/mcuxpressoide-11.2.1_4149/ide/plugins/com.nxp.mcuxpresso.tools.linux_11.2.0.202001021529/tools/bin/../lib/gcc/arm-none-eabi/9.2.1/thumb/v7-m/nofp/libcr_eabihelpers.a(double.o)
                0x0000000000002f7c                __aeabi_ui2d
 .text.__aeabi_dcmplt
                0x0000000000002f84       0x58 /usr/local/mcuxpressoide-11.2.1_4149/ide/plugins/com.nxp.mcuxpresso.tools.linux_11.2.0.202001021529/tools/bin/../lib/gcc/arm-none-eabi/9.2.1/thumb/v7-m/nofp/libcr_eabihelpers.a(double.o)
                0x0000000000002f84                __aeabi_dcmplt
 .text.__aeabi_dcmpgt
                0x0000000000002fdc       0x58 /usr/local/mcuxpressoide-11.2.1_4149/ide/plugins/com.nxp.mcuxpresso.tools.linux_11.2.0.202001021529/tools/bin/../lib/gcc/arm-none-eabi/9.2.1/thumb/v7-m/nofp/libcr_eabihelpers.a(double.o)
                0x0000000000002fdc                __aeabi_dcmpgt
 .text.__aeabi_memset_lowlevel
                0x0000000000003034       0x32 /usr/local/mcuxpressoide-11.2.1_4149/ide/plugins/com.nxp.mcuxpresso.tools.linux_11.2.0.202001021529/tools/bin/../lib/gcc/arm-none-eabi/9.2.1/thumb/v7-m/nofp/libcr_eabihelpers.a(memcpy.o)
                0x0000000000003034                __aeabi_lowlevel_memset
 .text.__sys_close
                0x0000000000003066        0xc /usr/local/mcuxpressoide-11.2.1_4149/ide/plugins/com.nxp.mcuxpresso.tools.linux_11.2.0.202001021529/tools/bin/../lib/gcc/arm-none-eabi/9.2.1/../../../../arm-none-eabi/lib/thumb/v7-m/nofp/libcr_semihost.a(__sys_close.o)
                0x0000000000003066                __sys_close
 .text.__sys_flen
                0x0000000000003072        0xc /usr/local/mcuxpressoide-11.2.1_4149/ide/plugins/com.nxp.mcuxpresso.tools.linux_11.2.0.202001021529/tools/bin/../lib/gcc/arm-none-eabi/9.2.1/../../../../arm-none-eabi/lib/thumb/v7-m/nofp/libcr_semihost.a(__sys_flen.o)
                0x0000000000003072                __sys_flen
 .text.__sys_istty
                0x000000000000307e        0xc /usr/local/mcuxpressoide-11.2.1_4149/ide/plugins/com.nxp.mcuxpresso.tools.linux_11.2.0.202001021529/tools/bin/../lib/gcc/arm-none-eabi/9.2.1/../../../../arm-none-eabi/lib/thumb/v7-m/nofp/libcr_semihost.a(__sys_istty.o)
                0x000000000000307e                __sys_istty
 .text.__sys_remove
                0x000000000000308a        0xc /usr/local/mcuxpressoide-11.2.1_4149/ide/plugins/com.nxp.mcuxpresso.tools.linux_11.2.0.202001021529/tools/bin/../lib/gcc/arm-none-eabi/9.2.1/../../../../arm-none-eabi/lib/thumb/v7-m/nofp/libcr_semihost.a(__sys_remove.o)
                0x000000000000308a                __sys_remove
 .text.__sys_seek
                0x0000000000003096        0xc /usr/local/mcuxpressoide-11.2.1_4149/ide/plugins/com.nxp.mcuxpresso.tools.linux_11.2.0.202001021529/tools/bin/../lib/gcc/arm-none-eabi/9.2.1/../../../../arm-none-eabi/lib/thumb/v7-m/nofp/libcr_semihost.a(__sys_seek.o)
                0x0000000000003096                __sys_seek
 .text.__sys_tmpnam
                0x00000000000030a2        0xc /usr/local/mcuxpressoide-11.2.1_4149/ide/plugins/com.nxp.mcuxpresso.tools.linux_11.2.0.202001021529/tools/bin/../lib/gcc/arm-none-eabi/9.2.1/../../../../arm-none-eabi/lib/thumb/v7-m/nofp/libcr_semihost.a(__sys_tmpnam.o)
                0x00000000000030a2                __sys_tmpnam
 .text.__sys_write
                0x00000000000030ae        0xc /usr/local/mcuxpressoide-11.2.1_4149/ide/plugins/com.nxp.mcuxpresso.tools.linux_11.2.0.202001021529/tools/bin/../lib/gcc/arm-none-eabi/9.2.1/../../../../arm-none-eabi/lib/thumb/v7-m/nofp/libcr_semihost.a(__sys_write.o)
                0x00000000000030ae                __sys_write
 *(.rodata .rodata.* .constdata .constdata.*)
 *fill*         0x00000000000030ba        0x2 ff
 .rodata.Medir.str1.4
                0x00000000000030bc       0x21 ./src/Aplicacion/AP_funciones.o
 .rodata._initio.str1.1
                0x00000000000030dd        0x4 /usr/local/mcuxpressoide-11.2.1_4149/ide/plugins/com.nxp.mcuxpresso.tools.linux_11.2.0.202001021529/tools/bin/../lib/gcc/arm-none-eabi/9.2.1/../../../../arm-none-eabi/lib/thumb/v7-m/nofp/libcr_c.a(initio.o)
 *fill*         0x00000000000030e1        0x3 ff
 .rodata.__num_Ciob_streams
                0x00000000000030e4        0x4 /usr/local/mcuxpressoide-11.2.1_4149/ide/plugins/com.nxp.mcuxpresso.tools.linux_11.2.0.202001021529/tools/bin/../lib/gcc/arm-none-eabi/9.2.1/../../../../arm-none-eabi/lib/thumb/v7-m/nofp/libcr_semihost.a(__ciob.o)
                0x00000000000030e4                __num_Ciob_streams
                0x00000000000030e8                . = ALIGN (0x4)

.glue_7         0x00000000000030e8        0x0
 .glue_7        0x00000000000030e8        0x0 linker stubs

.glue_7t        0x00000000000030e8        0x0
 .glue_7t       0x00000000000030e8        0x0 linker stubs

.vfp11_veneer   0x00000000000030e8        0x0
 .vfp11_veneer  0x00000000000030e8        0x0 linker stubs

.v4_bx          0x00000000000030e8        0x0
 .v4_bx         0x00000000000030e8        0x0 linker stubs

.iplt           0x00000000000030e8        0x0
 .iplt          0x00000000000030e8        0x0 ./src/systick/DR_SysTick.o

.rel.dyn        0x00000000000030e8        0x0
 .rel.iplt      0x00000000000030e8        0x0 ./src/systick/DR_SysTick.o

.ARM.extab
 *(.ARM.extab* .gnu.linkonce.armextab.*)

.ARM.exidx      0x00000000000030e8        0x0
                0x00000000000030e8                __exidx_start = .
 *(.ARM.exidx* .gnu.linkonce.armexidx.*)
                0x00000000000030e8                __exidx_end = .
                0x00000000000030e8                _etext = .

.data_RAM2      0x000000002007c000        0x0 load address 0x00000000000030e8
 FILL mask 0xff
                [!provide]                        PROVIDE (__start_data_RAM2 = .)
                [!provide]                        PROVIDE (__start_data_RamAHB32 = .)
 *(.ramfunc.$RAM2)
 *(.ramfunc.$RamAHB32)
 *(.data.$RAM2)
 *(.data.$RamAHB32)
 *(.data.$RAM2.*)
 *(.data.$RamAHB32.*)
                0x000000002007c000                . = ALIGN (0x4)
                [!provide]                        PROVIDE (__end_data_RAM2 = .)
                [!provide]                        PROVIDE (__end_data_RamAHB32 = .)

.uninit_RESERVED
                0x0000000010000000        0x0
                0x0000000010000000                _start_uninit_RESERVED = .
 *(.bss.$RESERVED*)
                0x0000000010000000                . = ALIGN (0x4)
                0x0000000010000000                _end_uninit_RESERVED = .

.data           0x0000000010000000       0x20 load address 0x00000000000030e8
 FILL mask 0xff
                0x0000000010000000                _data = .
                [!provide]                        PROVIDE (__start_data_RAM = .)
                [!provide]                        PROVIDE (__start_data_RamLoc32 = .)
 *(vtable)
 *(.ramfunc*)
 *(CodeQuickAccess)
 *(DataQuickAccess)
 *(RamFunction)
 *(.data*)
 .data.I2C      0x0000000010000000        0xc ./src/I2C/DR_I2C.o
                0x0000000010000000                I2C
 .data.IndiceDisplay.3784
                0x000000001000000c        0x4 ./src/Display/DR_Display.o
 .data.valor_actual
                0x0000000010000010        0x4 ./src/Display/PR_Display.o
 .data.Tabla_Traduccion
                0x0000000010000014        0xa ./src/Display/PR_Display.o
                0x0000000010000014                Tabla_Traduccion
                0x0000000010000020                . = ALIGN (0x4)
 *fill*         0x000000001000001e        0x2 ff
                0x0000000010000020                _edata = .
                [!provide]                        PROVIDE (__end_data_RAM = .)
                [!provide]                        PROVIDE (__end_data_RamLoc32 = .)

.igot.plt       0x0000000010000020        0x0 load address 0x0000000000003108
 .igot.plt      0x0000000010000020        0x0 ./src/systick/DR_SysTick.o

.bss_RAM2       0x000000002007c000        0x0
                [!provide]                        PROVIDE (__start_bss_RAM2 = .)
                [!provide]                        PROVIDE (__start_bss_RamAHB32 = .)
 *(.bss.$RAM2)
 *(.bss.$RamAHB32)
 *(.bss.$RAM2.*)
 *(.bss.$RamAHB32.*)
                0x000000002007c000                . = ALIGN ((. != 0x0)?0x4:0x1)
                [!provide]                        PROVIDE (__end_bss_RAM2 = .)
                [!provide]                        PROVIDE (__end_bss_RamAHB32 = .)

.bss            0x0000000010000020      0x6bc
                0x0000000010000020                _bss = .
                [!provide]                        PROVIDE (__start_bss_RAM = .)
                [!provide]                        PROVIDE (__start_bss_RamLoc32 = .)
 *(.bss*)
 .bss.TmrRun    0x0000000010000020       0x78 ./src/Temporizadores/PR_Temporizadores.o
                0x0000000010000020                TmrRun
 .bss.TmrFunciones
                0x0000000010000098       0x78 ./src/Temporizadores/PR_Temporizadores.o
                0x0000000010000098                TmrFunciones
 .bss.TmrFlag   0x0000000010000110       0x1e ./src/Temporizadores/PR_Temporizadores.o
                0x0000000010000110                TmrFlag
 *fill*         0x000000001000012e        0x2 
 .bss.TmrPause  0x0000000010000130       0x1e ./src/Temporizadores/PR_Temporizadores.o
                0x0000000010000130                TmrPause
 *fill*         0x000000001000014e        0x2 
 .bss.TmrBase   0x0000000010000150       0x1e ./src/Temporizadores/PR_Temporizadores.o
                0x0000000010000150                TmrBase
 .bss.tecla     0x000000001000016e        0x1 ./src/Teclado/DR_Teclado.o
                0x000000001000016e                tecla
 .bss.CodigoAnterior.3686
                0x000000001000016f        0x1 ./src/Teclado/DR_Teclado.o
 .bss.EstadosEstables.3687
                0x0000000010000170        0x1 ./src/Teclado/DR_Teclado.o
 .bss.Demora_LCD
                0x0000000010000171        0x1 ./src/LCD/DR_LCD.o
                0x0000000010000171                Demora_LCD
 *fill*         0x0000000010000172        0x2 
 .bss.Buffer_LCD
                0x0000000010000174       0x64 ./src/LCD/PR_LCD.o
                0x0000000010000174                Buffer_LCD
 .bss.inxOutLCD
                0x00000000100001d8        0x1 ./src/LCD/PR_LCD.o
                0x00000000100001d8                inxOutLCD
 .bss.inxInLCD  0x00000000100001d9        0x1 ./src/LCD/PR_LCD.o
                0x00000000100001d9                inxInLCD
 .bss.cantidadColaLCD
                0x00000000100001da        0x1 ./src/LCD/PR_LCD.o
                0x00000000100001da                cantidadColaLCD
 *fill*         0x00000000100001db        0x1 
 .bss.I2CMasterState
                0x00000000100001dc        0xc ./src/I2C/DR_I2C.o
                0x00000000100001dc                I2CMasterState
 .bss.timeout   0x00000000100001e8        0xc ./src/I2C/DR_I2C.o
                0x00000000100001e8                timeout
 .bss.I2CMasterBuffer
                0x00000000100001f4       0xc0 ./src/I2C/DR_I2C.o
                0x00000000100001f4                I2CMasterBuffer
 .bss.I2CSlaveBuffer
                0x00000000100002b4       0xc0 ./src/I2C/DR_I2C.o
                0x00000000100002b4                I2CSlaveBuffer
 .bss.I2CStatusBuffer
                0x0000000010000374       0xc0 ./src/I2C/DR_I2C.o
                0x0000000010000374                I2CStatusBuffer
 .bss.I2CReadLength
                0x0000000010000434        0xc ./src/I2C/DR_I2C.o
                0x0000000010000434                I2CReadLength
 .bss.I2CWriteLength
                0x0000000010000440        0xc ./src/I2C/DR_I2C.o
                0x0000000010000440                I2CWriteLength
 .bss.RdIndex1  0x000000001000044c        0x4 ./src/I2C/DR_I2C.o
                0x000000001000044c                RdIndex1
 .bss.WrIndex1  0x0000000010000450        0x4 ./src/I2C/DR_I2C.o
                0x0000000010000450                WrIndex1
 .bss.MSG_DSP   0x0000000010000454        0x6 ./src/Display/DR_Display.o
                0x0000000010000454                MSG_DSP
 .bss.display_parpadeo
                0x000000001000045a        0x1 ./src/Display/DR_Display.o
                0x000000001000045a                display_parpadeo
 *fill*         0x000000001000045b        0x1 
 .bss.contador.3785
                0x000000001000045c        0x4 ./src/Display/DR_Display.o
 .bss.calib_params_TP
                0x0000000010000460       0x19 ./src/BME280/PR_BME280.o
                0x0000000010000460                calib_params_TP
 *fill*         0x0000000010000479        0x3 
 .bss.calib_params_H
                0x000000001000047c        0x7 ./src/BME280/PR_BME280.o
                0x000000001000047c                calib_params_H
 *fill*         0x0000000010000483        0x1 
 .bss.meas_data
                0x0000000010000484        0x8 ./src/BME280/PR_BME280.o
 .bss.dev       0x000000001000048c       0x48 ./src/BME280/PR_BME280.o
 .bss.uncomp_data
                0x00000000100004d4        0xc ./src/BME280/PR_BME280.o
                0x00000000100004d4                uncomp_data
 .bss.hum       0x00000000100004e0        0x4 ./src/BME280/PR_BME280.o
 .bss.pres      0x00000000100004e4        0x4 ./src/BME280/PR_BME280.o
 .bss.temp      0x00000000100004e8        0x4 ./src/BME280/PR_BME280.o
 .bss.Temp      0x00000000100004ec        0x4 ./src/Aplicacion/AP_funciones.o
                0x00000000100004ec                Temp
 .bss.Pres      0x00000000100004f0        0x4 ./src/Aplicacion/AP_funciones.o
                0x00000000100004f0                Pres
 .bss.Hum       0x00000000100004f4        0x4 ./src/Aplicacion/AP_funciones.o
                0x00000000100004f4                Hum
 .bss.errno     0x00000000100004f8        0x4 /usr/local/mcuxpressoide-11.2.1_4149/ide/plugins/com.nxp.mcuxpresso.tools.linux_11.2.0.202001021529/tools/bin/../lib/gcc/arm-none-eabi/9.2.1/../../../../arm-none-eabi/lib/thumb/v7-m/nofp/libcr_c.a(errno.o)
                0x00000000100004f8                errno
 .bss.__Ciob    0x00000000100004fc      0x1e0 /usr/local/mcuxpressoide-11.2.1_4149/ide/plugins/com.nxp.mcuxpresso.tools.linux_11.2.0.202001021529/tools/bin/../lib/gcc/arm-none-eabi/9.2.1/../../../../arm-none-eabi/lib/thumb/v7-m/nofp/libcr_semihost.a(__ciob.o)
                0x00000000100004fc                __Ciob
 *(COMMON)
                0x00000000100006dc                . = ALIGN (0x4)
                0x00000000100006dc                _ebss = .
                [!provide]                        PROVIDE (__end_bss_RAM = .)
                [!provide]                        PROVIDE (__end_bss_RamLoc32 = .)
                [!provide]                        PROVIDE (end = .)

.noinit_RAM2    0x000000002007c000        0x0
                [!provide]                        PROVIDE (__start_noinit_RAM2 = .)
                [!provide]                        PROVIDE (__start_noinit_RamAHB32 = .)
 *(.noinit.$RAM2)
 *(.noinit.$RamAHB32)
 *(.noinit.$RAM2.*)
 *(.noinit.$RamAHB32.*)
                0x000000002007c000                . = ALIGN (0x4)
                [!provide]                        PROVIDE (__end_noinit_RAM2 = .)
                [!provide]                        PROVIDE (__end_noinit_RamAHB32 = .)

.noinit         0x00000000100006dc        0x0
                0x00000000100006dc                _noinit = .
                [!provide]                        PROVIDE (__start_noinit_RAM = .)
                [!provide]                        PROVIDE (__start_noinit_RamLoc32 = .)
 *(.noinit*)
                0x00000000100006dc                . = ALIGN (0x4)
                0x00000000100006dc                _end_noinit = .
                [!provide]                        PROVIDE (__end_noinit_RAM = .)
                [!provide]                        PROVIDE (__end_noinit_RamLoc32 = .)
                0x00000000100006dc                PROVIDE (_pvHeapStart = DEFINED (__user_heap_base)?__user_heap_base:.)
                0x0000000010008000                PROVIDE (_vStackTop = DEFINED (__user_stack_top)?__user_stack_top:(__top_RamLoc32 - 0x0))
                0xffffffffefff74da                PROVIDE (__valid_user_code_checksum = (0x0 - ((((((_vStackTop + (ResetISR + 0x1)) + (NMI_Handler + 0x1)) + (HardFault_Handler + 0x1)) + (DEFINED (MemManage_Handler)?MemManage_Handler:0x0 + 0x1)) + (DEFINED (BusFault_Handler)?BusFault_Handler:0x0 + 0x1)) + (DEFINED (UsageFault_Handler)?UsageFault_Handler:0x0 + 0x1))))
                0x0000000000000000                _image_start = LOADADDR (.text)
                0x0000000000003108                _image_end = (LOADADDR (.data) + SIZEOF (.data))
                0x0000000000003108                _image_size = (_image_end - _image_start)
OUTPUT(TPO.axf elf32-littlearm)

.debug_info     0x0000000000000000     0x2bef
 .debug_info    0x0000000000000000      0x272 ./src/systick/DR_SysTick.o
 .debug_info    0x0000000000000272       0x72 ./src/pll/DR_PLL.o
 .debug_info    0x00000000000002e4      0x214 ./src/Temporizadores/AP_Temporizadores.o
 .debug_info    0x00000000000004f8      0x30b ./src/Temporizadores/PR_Temporizadores.o
 .debug_info    0x0000000000000803       0xe9 ./src/Teclado/DR_Teclado.o
 .debug_info    0x00000000000008ec       0x92 ./src/Teclado/PR_Teclado.o
 .debug_info    0x000000000000097e      0x13a ./src/LCD/DR_LCD.o
 .debug_info    0x0000000000000ab8      0x1f1 ./src/LCD/PR_LCD.o
 .debug_info    0x0000000000000ca9      0x49d ./src/I2C/DR_I2C.o
 .debug_info    0x0000000000001146      0x2e7 ./src/GPIO/DR_GPIO.o
 .debug_info    0x000000000000142d      0x1c3 ./src/Display/DR_Display.o
 .debug_info    0x00000000000015f0      0x417 ./src/Display/PR_Display.o
 .debug_info    0x0000000000001a07      0x96f ./src/BME280/PR_BME280.o
 .debug_info    0x0000000000002376      0x3f9 ./src/Aplicacion/AP_funciones.o
 .debug_info    0x000000000000276f      0x20e ./src/Aplicacion/Aplicacion.o
 .debug_info    0x000000000000297d      0x272 ./src/cr_startup_lpc175x_6x.o

.debug_abbrev   0x0000000000000000     0x111a
 .debug_abbrev  0x0000000000000000      0x111 ./src/systick/DR_SysTick.o
 .debug_abbrev  0x0000000000000111       0x56 ./src/pll/DR_PLL.o
 .debug_abbrev  0x0000000000000167       0xe4 ./src/Temporizadores/AP_Temporizadores.o
 .debug_abbrev  0x000000000000024b      0x136 ./src/Temporizadores/PR_Temporizadores.o
 .debug_abbrev  0x0000000000000381       0xb9 ./src/Teclado/DR_Teclado.o
 .debug_abbrev  0x000000000000043a       0x7c ./src/Teclado/PR_Teclado.o
 .debug_abbrev  0x00000000000004b6       0xea ./src/LCD/DR_LCD.o
 .debug_abbrev  0x00000000000005a0      0x111 ./src/LCD/PR_LCD.o
 .debug_abbrev  0x00000000000006b1      0x1d3 ./src/I2C/DR_I2C.o
 .debug_abbrev  0x0000000000000884      0x100 ./src/GPIO/DR_GPIO.o
 .debug_abbrev  0x0000000000000984       0xdf ./src/Display/DR_Display.o
 .debug_abbrev  0x0000000000000a63      0x19c ./src/Display/PR_Display.o
 .debug_abbrev  0x0000000000000bff      0x210 ./src/BME280/PR_BME280.o
 .debug_abbrev  0x0000000000000e0f      0x14a ./src/Aplicacion/AP_funciones.o
 .debug_abbrev  0x0000000000000f59       0xaa ./src/Aplicacion/Aplicacion.o
 .debug_abbrev  0x0000000000001003      0x117 ./src/cr_startup_lpc175x_6x.o

.debug_aranges  0x0000000000000000      0x408
 .debug_aranges
                0x0000000000000000       0x28 ./src/systick/DR_SysTick.o
 .debug_aranges
                0x0000000000000028       0x20 ./src/pll/DR_PLL.o
 .debug_aranges
                0x0000000000000048       0x30 ./src/Temporizadores/AP_Temporizadores.o
 .debug_aranges
                0x0000000000000078       0x58 ./src/Temporizadores/PR_Temporizadores.o
 .debug_aranges
                0x00000000000000d0       0x30 ./src/Teclado/DR_Teclado.o
 .debug_aranges
                0x0000000000000100       0x20 ./src/Teclado/PR_Teclado.o
 .debug_aranges
                0x0000000000000120       0x30 ./src/LCD/DR_LCD.o
 .debug_aranges
                0x0000000000000150       0x38 ./src/LCD/PR_LCD.o
 .debug_aranges
                0x0000000000000188       0x40 ./src/I2C/DR_I2C.o
 .debug_aranges
                0x00000000000001c8       0x50 ./src/GPIO/DR_GPIO.o
 .debug_aranges
                0x0000000000000218       0x30 ./src/Display/DR_Display.o
 .debug_aranges
                0x0000000000000248       0x70 ./src/Display/PR_Display.o
 .debug_aranges
                0x00000000000002b8       0x70 ./src/BME280/PR_BME280.o
 .debug_aranges
                0x0000000000000328       0x40 ./src/Aplicacion/AP_funciones.o
 .debug_aranges
                0x0000000000000368       0x20 ./src/Aplicacion/Aplicacion.o
 .debug_aranges
                0x0000000000000388       0x80 ./src/cr_startup_lpc175x_6x.o

.debug_ranges   0x0000000000000000      0x308
 .debug_ranges  0x0000000000000000       0x18 ./src/systick/DR_SysTick.o
 .debug_ranges  0x0000000000000018       0x10 ./src/pll/DR_PLL.o
 .debug_ranges  0x0000000000000028       0x20 ./src/Temporizadores/AP_Temporizadores.o
 .debug_ranges  0x0000000000000048       0x48 ./src/Temporizadores/PR_Temporizadores.o
 .debug_ranges  0x0000000000000090       0x20 ./src/Teclado/DR_Teclado.o
 .debug_ranges  0x00000000000000b0       0x10 ./src/Teclado/PR_Teclado.o
 .debug_ranges  0x00000000000000c0       0x20 ./src/LCD/DR_LCD.o
 .debug_ranges  0x00000000000000e0       0x28 ./src/LCD/PR_LCD.o
 .debug_ranges  0x0000000000000108       0x30 ./src/I2C/DR_I2C.o
 .debug_ranges  0x0000000000000138       0x40 ./src/GPIO/DR_GPIO.o
 .debug_ranges  0x0000000000000178       0x20 ./src/Display/DR_Display.o
 .debug_ranges  0x0000000000000198       0x60 ./src/Display/PR_Display.o
 .debug_ranges  0x00000000000001f8       0x60 ./src/BME280/PR_BME280.o
 .debug_ranges  0x0000000000000258       0x30 ./src/Aplicacion/AP_funciones.o
 .debug_ranges  0x0000000000000288       0x10 ./src/Aplicacion/Aplicacion.o
 .debug_ranges  0x0000000000000298       0x70 ./src/cr_startup_lpc175x_6x.o

.debug_macro    0x0000000000000000     0x2565
 .debug_macro   0x0000000000000000       0xb9 ./src/systick/DR_SysTick.o
 .debug_macro   0x00000000000000b9      0xaa8 ./src/systick/DR_SysTick.o
 .debug_macro   0x0000000000000b61       0x1c ./src/systick/DR_SysTick.o
 .debug_macro   0x0000000000000b7d       0x3a ./src/systick/DR_SysTick.o
 .debug_macro   0x0000000000000bb7       0x46 ./src/systick/DR_SysTick.o
 .debug_macro   0x0000000000000bfd       0x5e ./src/systick/DR_SysTick.o
 .debug_macro   0x0000000000000c5b       0x22 ./src/systick/DR_SysTick.o
 .debug_macro   0x0000000000000c7d       0x6a ./src/systick/DR_SysTick.o
 .debug_macro   0x0000000000000ce7       0x4c ./src/systick/DR_SysTick.o
 .debug_macro   0x0000000000000d33       0xc4 ./src/systick/DR_SysTick.o
 .debug_macro   0x0000000000000df7       0x29 ./src/pll/DR_PLL.o
 .debug_macro   0x0000000000000e20      0x112 ./src/pll/DR_PLL.o
 .debug_macro   0x0000000000000f32      0x185 ./src/Temporizadores/AP_Temporizadores.o
 .debug_macro   0x00000000000010b7       0x10 ./src/Temporizadores/AP_Temporizadores.o
 .debug_macro   0x00000000000010c7      0x12e ./src/Temporizadores/AP_Temporizadores.o
 .debug_macro   0x00000000000011f5      0x5b8 ./src/Temporizadores/AP_Temporizadores.o
 .debug_macro   0x00000000000017ad       0x16 ./src/Temporizadores/AP_Temporizadores.o
 .debug_macro   0x00000000000017c3      0x2f5 ./src/Temporizadores/AP_Temporizadores.o
 .debug_macro   0x0000000000001ab8       0xbe ./src/Temporizadores/AP_Temporizadores.o
 .debug_macro   0x0000000000001b76       0x64 ./src/Temporizadores/AP_Temporizadores.o
 .debug_macro   0x0000000000001bda       0x52 ./src/Temporizadores/AP_Temporizadores.o
 .debug_macro   0x0000000000001c2c       0x8e ./src/Temporizadores/AP_Temporizadores.o
 .debug_macro   0x0000000000001cba       0x29 ./src/Temporizadores/PR_Temporizadores.o
 .debug_macro   0x0000000000001ce3       0x3c ./src/Teclado/DR_Teclado.o
 .debug_macro   0x0000000000001d1f       0x46 ./src/Teclado/PR_Teclado.o
 .debug_macro   0x0000000000001d65       0x7f ./src/LCD/DR_LCD.o
 .debug_macro   0x0000000000001de4       0x4b ./src/LCD/PR_LCD.o
 .debug_macro   0x0000000000001e2f      0x106 ./src/I2C/DR_I2C.o
 .debug_macro   0x0000000000001f35       0x29 ./src/GPIO/DR_GPIO.o
 .debug_macro   0x0000000000001f5e       0x80 ./src/Display/DR_Display.o
 .debug_macro   0x0000000000001fde       0x84 ./src/Display/PR_Display.o
 .debug_macro   0x0000000000002062      0x110 ./src/BME280/PR_BME280.o
 .debug_macro   0x0000000000002172      0x1a3 ./src/Aplicacion/AP_funciones.o
 .debug_macro   0x0000000000002315       0x9a ./src/Aplicacion/AP_funciones.o
 .debug_macro   0x00000000000023af       0x1c ./src/Aplicacion/AP_funciones.o
 .debug_macro   0x00000000000023cb      0x17d ./src/Aplicacion/Aplicacion.o
 .debug_macro   0x0000000000002548       0x1d ./src/cr_startup_lpc175x_6x.o

.debug_line     0x0000000000000000     0x51a5
 .debug_line    0x0000000000000000      0x4a1 ./src/systick/DR_SysTick.o
 .debug_line    0x00000000000004a1      0x199 ./src/pll/DR_PLL.o
 .debug_line    0x000000000000063a      0x8ed ./src/Temporizadores/AP_Temporizadores.o
 .debug_line    0x0000000000000f27      0x2b7 ./src/Temporizadores/PR_Temporizadores.o
 .debug_line    0x00000000000011de      0x242 ./src/Teclado/DR_Teclado.o
 .debug_line    0x0000000000001420      0x19b ./src/Teclado/PR_Teclado.o
 .debug_line    0x00000000000015bb      0x4a3 ./src/LCD/DR_LCD.o
 .debug_line    0x0000000000001a5e      0x241 ./src/LCD/PR_LCD.o
 .debug_line    0x0000000000001c9f      0x8ed ./src/I2C/DR_I2C.o
 .debug_line    0x000000000000258c      0x302 ./src/GPIO/DR_GPIO.o
 .debug_line    0x000000000000288e      0x483 ./src/Display/DR_Display.o
 .debug_line    0x0000000000002d11      0x696 ./src/Display/PR_Display.o
 .debug_line    0x00000000000033a7      0xb60 ./src/BME280/PR_BME280.o
 .debug_line    0x0000000000003f07      0x90e ./src/Aplicacion/AP_funciones.o
 .debug_line    0x0000000000004815      0x831 ./src/Aplicacion/Aplicacion.o
 .debug_line    0x0000000000005046      0x15f ./src/cr_startup_lpc175x_6x.o

.debug_str      0x0000000000000000     0x7658
 .debug_str     0x0000000000000000     0x3697 ./src/systick/DR_SysTick.o
                                       0x371e (size before relaxing)
 .debug_str     0x0000000000003697      0x55b ./src/pll/DR_PLL.o
                                       0x33d9 (size before relaxing)
 .debug_str     0x0000000000003bf2     0x2c3a ./src/Temporizadores/AP_Temporizadores.o
                                       0x6818 (size before relaxing)
 .debug_str     0x000000000000682c       0x91 ./src/Temporizadores/PR_Temporizadores.o
                                       0x2fd8 (size before relaxing)
 .debug_str     0x00000000000068bd       0x75 ./src/Teclado/DR_Teclado.o
                                       0x303e (size before relaxing)
 .debug_str     0x0000000000006932       0x29 ./src/Teclado/PR_Teclado.o
                                       0x300f (size before relaxing)
 .debug_str     0x000000000000695b       0x3a ./src/LCD/DR_LCD.o
                                       0x37b8 (size before relaxing)
 .debug_str     0x0000000000006995       0x5f ./src/LCD/PR_LCD.o
                                       0x3168 (size before relaxing)
 .debug_str     0x00000000000069f4      0x166 ./src/I2C/DR_I2C.o
                                       0x64a4 (size before relaxing)
 .debug_str     0x0000000000006b5a       0x8a ./src/GPIO/DR_GPIO.o
                                       0x2fbb (size before relaxing)
 .debug_str     0x0000000000006be4       0x6e ./src/Display/DR_Display.o
                                       0x3427 (size before relaxing)
 .debug_str     0x0000000000006c52       0xeb ./src/Display/PR_Display.o
                                       0x34bd (size before relaxing)
 .debug_str     0x0000000000006d3d      0x38e ./src/BME280/PR_BME280.o
                                       0x6778 (size before relaxing)
 .debug_str     0x00000000000070cb      0x3a3 ./src/Aplicacion/AP_funciones.o
                                       0x6ba2 (size before relaxing)
 .debug_str     0x000000000000746e       0x24 ./src/Aplicacion/Aplicacion.o
                                       0x681a (size before relaxing)
 .debug_str     0x0000000000007492      0x1c6 ./src/cr_startup_lpc175x_6x.o
                                       0x2fe6 (size before relaxing)

.comment        0x0000000000000000       0x79
 .comment       0x0000000000000000       0x79 ./src/systick/DR_SysTick.o
                                         0x7a (size before relaxing)
 .comment       0x0000000000000079       0x7a ./src/pll/DR_PLL.o
 .comment       0x0000000000000079       0x7a ./src/Temporizadores/AP_Temporizadores.o
 .comment       0x0000000000000079       0x7a ./src/Temporizadores/PR_Temporizadores.o
 .comment       0x0000000000000079       0x7a ./src/Teclado/DR_Teclado.o
 .comment       0x0000000000000079       0x7a ./src/Teclado/PR_Teclado.o
 .comment       0x0000000000000079       0x7a ./src/LCD/DR_LCD.o
 .comment       0x0000000000000079       0x7a ./src/LCD/PR_LCD.o
 .comment       0x0000000000000079       0x7a ./src/I2C/DR_I2C.o
 .comment       0x0000000000000079       0x7a ./src/GPIO/DR_GPIO.o
 .comment       0x0000000000000079       0x7a ./src/Display/DR_Display.o
 .comment       0x0000000000000079       0x7a ./src/Display/PR_Display.o
 .comment       0x0000000000000079       0x7a ./src/BME280/PR_BME280.o
 .comment       0x0000000000000079       0x7a ./src/Aplicacion/AP_funciones.o
 .comment       0x0000000000000079       0x7a ./src/Aplicacion/Aplicacion.o
 .comment       0x0000000000000079       0x7a ./src/cr_startup_lpc175x_6x.o
 .comment       0x0000000000000079       0x7a /usr/local/mcuxpressoide-11.2.1_4149/ide/plugins/com.nxp.mcuxpresso.tools.linux_11.2.0.202001021529/tools/bin/../lib/gcc/arm-none-eabi/9.2.1/../../../../arm-none-eabi/lib/thumb/v7-m/nofp/libcr_semihost.a(_cr__main.o)
 .comment       0x0000000000000079       0x7a /usr/local/mcuxpressoide-11.2.1_4149/ide/plugins/com.nxp.mcuxpresso.tools.linux_11.2.0.202001021529/tools/bin/../lib/gcc/arm-none-eabi/9.2.1/../../../../arm-none-eabi/lib/thumb/v7-m/nofp/libcr_c.a(initio.o)
 .comment       0x0000000000000079       0x7a /usr/local/mcuxpressoide-11.2.1_4149/ide/plugins/com.nxp.mcuxpresso.tools.linux_11.2.0.202001021529/tools/bin/../lib/gcc/arm-none-eabi/9.2.1/../../../../arm-none-eabi/lib/thumb/v7-m/nofp/libcr_c.a(setvbuf.o)
 .comment       0x0000000000000079       0x7a /usr/local/mcuxpressoide-11.2.1_4149/ide/plugins/com.nxp.mcuxpresso.tools.linux_11.2.0.202001021529/tools/bin/../lib/gcc/arm-none-eabi/9.2.1/../../../../arm-none-eabi/lib/thumb/v7-m/nofp/libcr_c.a(_fdopen.o)
 .comment       0x0000000000000079       0x7a /usr/local/mcuxpressoide-11.2.1_4149/ide/plugins/com.nxp.mcuxpresso.tools.linux_11.2.0.202001021529/tools/bin/../lib/gcc/arm-none-eabi/9.2.1/../../../../arm-none-eabi/lib/thumb/v7-m/nofp/libcr_c.a(fclose.o)
 .comment       0x0000000000000079       0x7a /usr/local/mcuxpressoide-11.2.1_4149/ide/plugins/com.nxp.mcuxpresso.tools.linux_11.2.0.202001021529/tools/bin/../lib/gcc/arm-none-eabi/9.2.1/../../../../arm-none-eabi/lib/thumb/v7-m/nofp/libcr_c.a(fflush.o)
 .comment       0x0000000000000079       0x7a /usr/local/mcuxpressoide-11.2.1_4149/ide/plugins/com.nxp.mcuxpresso.tools.linux_11.2.0.202001021529/tools/bin/../lib/gcc/arm-none-eabi/9.2.1/../../../../arm-none-eabi/lib/thumb/v7-m/nofp/libcr_c.a(fseek.o)
 .comment       0x0000000000000079       0x7a /usr/local/mcuxpressoide-11.2.1_4149/ide/plugins/com.nxp.mcuxpresso.tools.linux_11.2.0.202001021529/tools/bin/../lib/gcc/arm-none-eabi/9.2.1/../../../../arm-none-eabi/lib/thumb/v7-m/nofp/libcr_c.a(ftell.o)
 .comment       0x0000000000000079       0x7a /usr/local/mcuxpressoide-11.2.1_4149/ide/plugins/com.nxp.mcuxpresso.tools.linux_11.2.0.202001021529/tools/bin/../lib/gcc/arm-none-eabi/9.2.1/../../../../arm-none-eabi/lib/thumb/v7-m/nofp/libcr_c.a(remove.o)
 .comment       0x0000000000000079       0x7a /usr/local/mcuxpressoide-11.2.1_4149/ide/plugins/com.nxp.mcuxpresso.tools.linux_11.2.0.202001021529/tools/bin/../lib/gcc/arm-none-eabi/9.2.1/../../../../arm-none-eabi/lib/thumb/v7-m/nofp/libcr_c.a(strlen.o)
 .comment       0x0000000000000079       0x7a /usr/local/mcuxpressoide-11.2.1_4149/ide/plugins/com.nxp.mcuxpresso.tools.linux_11.2.0.202001021529/tools/bin/../lib/gcc/arm-none-eabi/9.2.1/../../../../arm-none-eabi/lib/thumb/v7-m/nofp/libcr_c.a(memset.o)
 .comment       0x0000000000000079       0x7a /usr/local/mcuxpressoide-11.2.1_4149/ide/plugins/com.nxp.mcuxpresso.tools.linux_11.2.0.202001021529/tools/bin/../lib/gcc/arm-none-eabi/9.2.1/../../../../arm-none-eabi/lib/thumb/v7-m/nofp/libcr_c.a(_do_fflush.o)
 .comment       0x0000000000000079       0x7a /usr/local/mcuxpressoide-11.2.1_4149/ide/plugins/com.nxp.mcuxpresso.tools.linux_11.2.0.202001021529/tools/bin/../lib/gcc/arm-none-eabi/9.2.1/../../../../arm-none-eabi/lib/thumb/v7-m/nofp/libcr_c.a(_fflush.o)
 .comment       0x0000000000000079       0x7a /usr/local/mcuxpressoide-11.2.1_4149/ide/plugins/com.nxp.mcuxpresso.tools.linux_11.2.0.202001021529/tools/bin/../lib/gcc/arm-none-eabi/9.2.1/../../../../arm-none-eabi/lib/thumb/v7-m/nofp/libcr_c.a(_writebuf.o)
 .comment       0x0000000000000079       0x7a /usr/local/mcuxpressoide-11.2.1_4149/ide/plugins/com.nxp.mcuxpresso.tools.linux_11.2.0.202001021529/tools/bin/../lib/gcc/arm-none-eabi/9.2.1/../../../../arm-none-eabi/lib/thumb/v7-m/nofp/libcr_c.a(alloc.o)
 .comment       0x0000000000000079       0x7a /usr/local/mcuxpressoide-11.2.1_4149/ide/plugins/com.nxp.mcuxpresso.tools.linux_11.2.0.202001021529/tools/bin/../lib/gcc/arm-none-eabi/9.2.1/../../../../arm-none-eabi/lib/thumb/v7-m/nofp/libcr_c.a(errno.o)
 .comment       0x0000000000000079       0x7a /usr/local/mcuxpressoide-11.2.1_4149/ide/plugins/com.nxp.mcuxpresso.tools.linux_11.2.0.202001021529/tools/bin/../lib/gcc/arm-none-eabi/9.2.1/../../../../arm-none-eabi/lib/thumb/v7-m/nofp/libcr_c.a(_deferredlazyseek.o)
 .comment       0x0000000000000079       0x7a /usr/local/mcuxpressoide-11.2.1_4149/ide/plugins/com.nxp.mcuxpresso.tools.linux_11.2.0.202001021529/tools/bin/../lib/gcc/arm-none-eabi/9.2.1/thumb/v7-m/nofp/libcr_eabihelpers.a(double.o)
 .comment       0x0000000000000079       0x7a /usr/local/mcuxpressoide-11.2.1_4149/ide/plugins/com.nxp.mcuxpresso.tools.linux_11.2.0.202001021529/tools/bin/../lib/gcc/arm-none-eabi/9.2.1/../../../../arm-none-eabi/lib/thumb/v7-m/nofp/libcr_semihost.a(__ciob.o)

.ARM.attributes
                0x0000000000000000       0x2b
 .ARM.attributes
                0x0000000000000000       0x2d ./src/systick/DR_SysTick.o
 .ARM.attributes
                0x000000000000002d       0x2d ./src/pll/DR_PLL.o
 .ARM.attributes
                0x000000000000005a       0x2d ./src/Temporizadores/AP_Temporizadores.o
 .ARM.attributes
                0x0000000000000087       0x2d ./src/Temporizadores/PR_Temporizadores.o
 .ARM.attributes
                0x00000000000000b4       0x2d ./src/Teclado/DR_Teclado.o
 .ARM.attributes
                0x00000000000000e1       0x2d ./src/Teclado/PR_Teclado.o
 .ARM.attributes
                0x000000000000010e       0x2d ./src/LCD/DR_LCD.o
 .ARM.attributes
                0x000000000000013b       0x2d ./src/LCD/PR_LCD.o
 .ARM.attributes
                0x0000000000000168       0x2d ./src/I2C/DR_I2C.o
 .ARM.attributes
                0x0000000000000195       0x2d ./src/GPIO/DR_GPIO.o
 .ARM.attributes
                0x00000000000001c2       0x2d ./src/Display/DR_Display.o
 .ARM.attributes
                0x00000000000001ef       0x2d ./src/Display/PR_Display.o
 .ARM.attributes
                0x000000000000021c       0x2d ./src/BME280/PR_BME280.o
 .ARM.attributes
                0x0000000000000249       0x2d ./src/Aplicacion/AP_funciones.o
 .ARM.attributes
                0x0000000000000276       0x2d ./src/Aplicacion/Aplicacion.o
 .ARM.attributes
                0x00000000000002a3       0x2d ./src/cr_startup_lpc175x_6x.o
 .ARM.attributes
                0x00000000000002d0       0x2d /usr/local/mcuxpressoide-11.2.1_4149/ide/plugins/com.nxp.mcuxpresso.tools.linux_11.2.0.202001021529/tools/bin/../lib/gcc/arm-none-eabi/9.2.1/../../../../arm-none-eabi/lib/thumb/v7-m/nofp/libcr_semihost.a(_cr__main.o)
 .ARM.attributes
                0x00000000000002fd       0x2d /usr/local/mcuxpressoide-11.2.1_4149/ide/plugins/com.nxp.mcuxpresso.tools.linux_11.2.0.202001021529/tools/bin/../lib/gcc/arm-none-eabi/9.2.1/../../../../arm-none-eabi/lib/thumb/v7-m/nofp/libcr_c.a(initio.o)
 .ARM.attributes
                0x000000000000032a       0x2d /usr/local/mcuxpressoide-11.2.1_4149/ide/plugins/com.nxp.mcuxpresso.tools.linux_11.2.0.202001021529/tools/bin/../lib/gcc/arm-none-eabi/9.2.1/../../../../arm-none-eabi/lib/thumb/v7-m/nofp/libcr_c.a(setvbuf.o)
 .ARM.attributes
                0x0000000000000357       0x2d /usr/local/mcuxpressoide-11.2.1_4149/ide/plugins/com.nxp.mcuxpresso.tools.linux_11.2.0.202001021529/tools/bin/../lib/gcc/arm-none-eabi/9.2.1/../../../../arm-none-eabi/lib/thumb/v7-m/nofp/libcr_c.a(_fdopen.o)
 .ARM.attributes
                0x0000000000000384       0x2d /usr/local/mcuxpressoide-11.2.1_4149/ide/plugins/com.nxp.mcuxpresso.tools.linux_11.2.0.202001021529/tools/bin/../lib/gcc/arm-none-eabi/9.2.1/../../../../arm-none-eabi/lib/thumb/v7-m/nofp/libcr_c.a(fclose.o)
 .ARM.attributes
                0x00000000000003b1       0x2d /usr/local/mcuxpressoide-11.2.1_4149/ide/plugins/com.nxp.mcuxpresso.tools.linux_11.2.0.202001021529/tools/bin/../lib/gcc/arm-none-eabi/9.2.1/../../../../arm-none-eabi/lib/thumb/v7-m/nofp/libcr_c.a(fflush.o)
 .ARM.attributes
                0x00000000000003de       0x2d /usr/local/mcuxpressoide-11.2.1_4149/ide/plugins/com.nxp.mcuxpresso.tools.linux_11.2.0.202001021529/tools/bin/../lib/gcc/arm-none-eabi/9.2.1/../../../../arm-none-eabi/lib/thumb/v7-m/nofp/libcr_c.a(fseek.o)
 .ARM.attributes
                0x000000000000040b       0x2d /usr/local/mcuxpressoide-11.2.1_4149/ide/plugins/com.nxp.mcuxpresso.tools.linux_11.2.0.202001021529/tools/bin/../lib/gcc/arm-none-eabi/9.2.1/../../../../arm-none-eabi/lib/thumb/v7-m/nofp/libcr_c.a(ftell.o)
 .ARM.attributes
                0x0000000000000438       0x2d /usr/local/mcuxpressoide-11.2.1_4149/ide/plugins/com.nxp.mcuxpresso.tools.linux_11.2.0.202001021529/tools/bin/../lib/gcc/arm-none-eabi/9.2.1/../../../../arm-none-eabi/lib/thumb/v7-m/nofp/libcr_c.a(remove.o)
 .ARM.attributes
                0x0000000000000465       0x2d /usr/local/mcuxpressoide-11.2.1_4149/ide/plugins/com.nxp.mcuxpresso.tools.linux_11.2.0.202001021529/tools/bin/../lib/gcc/arm-none-eabi/9.2.1/../../../../arm-none-eabi/lib/thumb/v7-m/nofp/libcr_c.a(strlen.o)
 .ARM.attributes
                0x0000000000000492       0x2d /usr/local/mcuxpressoide-11.2.1_4149/ide/plugins/com.nxp.mcuxpresso.tools.linux_11.2.0.202001021529/tools/bin/../lib/gcc/arm-none-eabi/9.2.1/../../../../arm-none-eabi/lib/thumb/v7-m/nofp/libcr_c.a(memset.o)
 .ARM.attributes
                0x00000000000004bf       0x2d /usr/local/mcuxpressoide-11.2.1_4149/ide/plugins/com.nxp.mcuxpresso.tools.linux_11.2.0.202001021529/tools/bin/../lib/gcc/arm-none-eabi/9.2.1/../../../../arm-none-eabi/lib/thumb/v7-m/nofp/libcr_c.a(_do_fflush.o)
 .ARM.attributes
                0x00000000000004ec       0x2d /usr/local/mcuxpressoide-11.2.1_4149/ide/plugins/com.nxp.mcuxpresso.tools.linux_11.2.0.202001021529/tools/bin/../lib/gcc/arm-none-eabi/9.2.1/../../../../arm-none-eabi/lib/thumb/v7-m/nofp/libcr_c.a(_fflush.o)
 .ARM.attributes
                0x0000000000000519       0x2d /usr/local/mcuxpressoide-11.2.1_4149/ide/plugins/com.nxp.mcuxpresso.tools.linux_11.2.0.202001021529/tools/bin/../lib/gcc/arm-none-eabi/9.2.1/../../../../arm-none-eabi/lib/thumb/v7-m/nofp/libcr_c.a(_writebuf.o)
 .ARM.attributes
                0x0000000000000546       0x2d /usr/local/mcuxpressoide-11.2.1_4149/ide/plugins/com.nxp.mcuxpresso.tools.linux_11.2.0.202001021529/tools/bin/../lib/gcc/arm-none-eabi/9.2.1/../../../../arm-none-eabi/lib/thumb/v7-m/nofp/libcr_c.a(alloc.o)
 .ARM.attributes
                0x0000000000000573       0x33 /usr/local/mcuxpressoide-11.2.1_4149/ide/plugins/com.nxp.mcuxpresso.tools.linux_11.2.0.202001021529/tools/bin/../lib/gcc/arm-none-eabi/9.2.1/../../../../arm-none-eabi/lib/thumb/v7-m/nofp/libcr_c.a(errno.o)
 .ARM.attributes
                0x00000000000005a6       0x2d /usr/local/mcuxpressoide-11.2.1_4149/ide/plugins/com.nxp.mcuxpresso.tools.linux_11.2.0.202001021529/tools/bin/../lib/gcc/arm-none-eabi/9.2.1/../../../../arm-none-eabi/lib/thumb/v7-m/nofp/libcr_c.a(_deferredlazyseek.o)
 .ARM.attributes
                0x00000000000005d3       0x2d /usr/local/mcuxpressoide-11.2.1_4149/ide/plugins/com.nxp.mcuxpresso.tools.linux_11.2.0.202001021529/tools/bin/../lib/gcc/arm-none-eabi/9.2.1/thumb/v7-m/nofp/libcr_eabihelpers.a(double.o)
 .ARM.attributes
                0x0000000000000600       0x1b /usr/local/mcuxpressoide-11.2.1_4149/ide/plugins/com.nxp.mcuxpresso.tools.linux_11.2.0.202001021529/tools/bin/../lib/gcc/arm-none-eabi/9.2.1/thumb/v7-m/nofp/libcr_eabihelpers.a(memcpy.o)
 .ARM.attributes
                0x000000000000061b       0x33 /usr/local/mcuxpressoide-11.2.1_4149/ide/plugins/com.nxp.mcuxpresso.tools.linux_11.2.0.202001021529/tools/bin/../lib/gcc/arm-none-eabi/9.2.1/../../../../arm-none-eabi/lib/thumb/v7-m/nofp/libcr_semihost.a(__ciob.o)
 .ARM.attributes
                0x000000000000064e       0x1b /usr/local/mcuxpressoide-11.2.1_4149/ide/plugins/com.nxp.mcuxpresso.tools.linux_11.2.0.202001021529/tools/bin/../lib/gcc/arm-none-eabi/9.2.1/../../../../arm-none-eabi/lib/thumb/v7-m/nofp/libcr_semihost.a(__sys_close.o)
 .ARM.attributes
                0x0000000000000669       0x1b /usr/local/mcuxpressoide-11.2.1_4149/ide/plugins/com.nxp.mcuxpresso.tools.linux_11.2.0.202001021529/tools/bin/../lib/gcc/arm-none-eabi/9.2.1/../../../../arm-none-eabi/lib/thumb/v7-m/nofp/libcr_semihost.a(__sys_flen.o)
 .ARM.attributes
                0x0000000000000684       0x1b /usr/local/mcuxpressoide-11.2.1_4149/ide/plugins/com.nxp.mcuxpresso.tools.linux_11.2.0.202001021529/tools/bin/../lib/gcc/arm-none-eabi/9.2.1/../../../../arm-none-eabi/lib/thumb/v7-m/nofp/libcr_semihost.a(__sys_istty.o)
 .ARM.attributes
                0x000000000000069f       0x1b /usr/local/mcuxpressoide-11.2.1_4149/ide/plugins/com.nxp.mcuxpresso.tools.linux_11.2.0.202001021529/tools/bin/../lib/gcc/arm-none-eabi/9.2.1/../../../../arm-none-eabi/lib/thumb/v7-m/nofp/libcr_semihost.a(__sys_remove.o)
 .ARM.attributes
                0x00000000000006ba       0x1b /usr/local/mcuxpressoide-11.2.1_4149/ide/plugins/com.nxp.mcuxpresso.tools.linux_11.2.0.202001021529/tools/bin/../lib/gcc/arm-none-eabi/9.2.1/../../../../arm-none-eabi/lib/thumb/v7-m/nofp/libcr_semihost.a(__sys_seek.o)
 .ARM.attributes
                0x00000000000006d5       0x1b /usr/local/mcuxpressoide-11.2.1_4149/ide/plugins/com.nxp.mcuxpresso.tools.linux_11.2.0.202001021529/tools/bin/../lib/gcc/arm-none-eabi/9.2.1/../../../../arm-none-eabi/lib/thumb/v7-m/nofp/libcr_semihost.a(__sys_tmpnam.o)
 .ARM.attributes
                0x00000000000006f0       0x1b /usr/local/mcuxpressoide-11.2.1_4149/ide/plugins/com.nxp.mcuxpresso.tools.linux_11.2.0.202001021529/tools/bin/../lib/gcc/arm-none-eabi/9.2.1/../../../../arm-none-eabi/lib/thumb/v7-m/nofp/libcr_semihost.a(__sys_write.o)

.debug_frame    0x0000000000000000      0xc04
 .debug_frame   0x0000000000000000       0x4c ./src/systick/DR_SysTick.o
 .debug_frame   0x000000000000004c       0x30 ./src/pll/DR_PLL.o
 .debug_frame   0x000000000000007c       0x64 ./src/Temporizadores/AP_Temporizadores.o
 .debug_frame   0x00000000000000e0      0x148 ./src/Temporizadores/PR_Temporizadores.o
 .debug_frame   0x0000000000000228       0x6c ./src/Teclado/DR_Teclado.o
 .debug_frame   0x0000000000000294       0x38 ./src/Teclado/PR_Teclado.o
 .debug_frame   0x00000000000002cc       0x80 ./src/LCD/DR_LCD.o
 .debug_frame   0x000000000000034c       0xac ./src/LCD/PR_LCD.o
 .debug_frame   0x00000000000003f8       0xc8 ./src/I2C/DR_I2C.o
 .debug_frame   0x00000000000004c0      0x124 ./src/GPIO/DR_GPIO.o
 .debug_frame   0x00000000000005e4       0x6c ./src/Display/DR_Display.o
 .debug_frame   0x0000000000000650      0x1a4 ./src/Display/PR_Display.o
 .debug_frame   0x00000000000007f4      0x1c0 ./src/BME280/PR_BME280.o
 .debug_frame   0x00000000000009b4       0xb4 ./src/Aplicacion/AP_funciones.o
 .debug_frame   0x0000000000000a68       0x2c ./src/Aplicacion/Aplicacion.o
 .debug_frame   0x0000000000000a94      0x170 ./src/cr_startup_lpc175x_6x.o

Cross Reference Table

Symbol                                            File
ADC_IRQHandler                                    ./src/cr_startup_lpc175x_6x.o
Apagar                                            ./src/Display/DR_Display.o
                                                  ./src/Display/PR_Display.o
ApagarDisplay                                     ./src/Display/PR_Display.o
ApagarLuces                                       ./src/Aplicacion/AP_funciones.o
                                                  ./src/Aplicacion/Aplicacion.o
BME280_get_meas_values                            ./src/BME280/PR_BME280.o
BME280_init                                       ./src/BME280/PR_BME280.o
                                                  ./src/Aplicacion/AP_funciones.o
BOD_IRQHandler                                    ./src/cr_startup_lpc175x_6x.o
BarridoDisplay                                    ./src/Display/DR_Display.o
                                                  ./src/Temporizadores/AP_Temporizadores.o
                                                  ./src/systick/DR_SysTick.o
Buffer_LCD                                        ./src/LCD/PR_LCD.o
                                                  ./src/LCD/DR_LCD.o
BusFault_Handler                                  ./src/cr_startup_lpc175x_6x.o
CANActivity_IRQHandler                            ./src/cr_startup_lpc175x_6x.o
CAN_IRQHandler                                    ./src/cr_startup_lpc175x_6x.o
CRP_WORD                                          ./src/crp.o
CantDigitos                                       ./src/Display/PR_Display.o
                                                  ./src/Aplicacion/AP_funciones.o
CleanLCD                                          ./src/LCD/PR_LCD.o
DMA_IRQHandler                                    ./src/cr_startup_lpc175x_6x.o
Dato_LCD                                          ./src/LCD/DR_LCD.o
                                                  ./src/systick/DR_SysTick.o
DebugMon_Handler                                  ./src/cr_startup_lpc175x_6x.o
Demora_LCD                                        ./src/LCD/DR_LCD.o
                                                  ./src/systick/DR_SysTick.o
DispComa                                          ./src/Display/PR_Display.o
DispDoble                                         ./src/Display/PR_Display.o
Display                                           ./src/Display/PR_Display.o
                                                  ./src/Aplicacion/AP_funciones.o
DisplayClear                                      ./src/Display/PR_Display.o
DisplayGet                                        ./src/Display/PR_Display.o
DisplayParpadeo                                   ./src/Display/PR_Display.o
DisplayShowAll                                    ./src/Display/PR_Display.o
Display_Init                                      ./src/Display/DR_Display.o
                                                  ./src/Display/PR_Display.o
Display_LCD                                       ./src/LCD/PR_LCD.o
                                                  ./src/Aplicacion/AP_funciones.o
EINT0_IRQHandler                                  ./src/cr_startup_lpc175x_6x.o
EINT1_IRQHandler                                  ./src/cr_startup_lpc175x_6x.o
EINT2_IRQHandler                                  ./src/cr_startup_lpc175x_6x.o
EINT3_IRQHandler                                  ./src/cr_startup_lpc175x_6x.o
ENET_IRQHandler                                   ./src/cr_startup_lpc175x_6x.o
Ev_Display                                        ./src/Temporizadores/AP_Temporizadores.o
Ev_Estado1                                        ./src/Temporizadores/AP_Temporizadores.o
                                                  ./src/Aplicacion/AP_funciones.o
Ev_Relay0                                         ./src/Temporizadores/AP_Temporizadores.o
GetKey                                            ./src/Teclado/PR_Teclado.o
                                                  ./src/Aplicacion/AP_funciones.o
GetPIN                                            ./src/GPIO/DR_GPIO.o
                                                  ./src/Teclado/DR_Teclado.o
GuardarMensajeLCD                                 ./src/LCD/PR_LCD.o
HardFault_Handler                                 ./src/cr_startup_lpc175x_6x.o
Hum                                               ./src/Aplicacion/AP_funciones.o
I2C                                               ./src/I2C/DR_I2C.o
I2C0_IRQHandler                                   ./src/cr_startup_lpc175x_6x.o
I2C1_IRQHandler                                   ./src/I2C/DR_I2C.o
I2C2_IRQHandler                                   ./src/cr_startup_lpc175x_6x.o
I2CCount                                          ./src/I2C/DR_I2C.o
I2CEngine                                         ./src/I2C/DR_I2C.o
                                                  ./src/BME280/PR_BME280.o
I2CMasterBuffer                                   ./src/I2C/DR_I2C.o
                                                  ./src/BME280/PR_BME280.o
I2CMasterState                                    ./src/I2C/DR_I2C.o
I2CReadLength                                     ./src/I2C/DR_I2C.o
                                                  ./src/BME280/PR_BME280.o
I2CSlaveBuffer                                    ./src/I2C/DR_I2C.o
                                                  ./src/BME280/PR_BME280.o
I2CStart                                          ./src/I2C/DR_I2C.o
I2CStatusBuffer                                   ./src/I2C/DR_I2C.o
I2CStop                                           ./src/I2C/DR_I2C.o
I2CWriteLength                                    ./src/I2C/DR_I2C.o
                                                  ./src/BME280/PR_BME280.o
I2S_IRQHandler                                    ./src/cr_startup_lpc175x_6x.o
InicializacionExp1                                ./src/Inicializacion/DR_Inicializacion.o
Inicializar                                       ./src/Aplicacion/AP_funciones.o
                                                  ./src/Aplicacion/Aplicacion.o
InicializarDisplay                                ./src/Display/PR_Display.o
                                                  ./src/Aplicacion/AP_funciones.o
InicializarPLL                                    ./src/pll/DR_PLL.o
                                                  ./src/Aplicacion/AP_funciones.o
                                                  ./src/Inicializacion/DR_Inicializacion.o
InicializarSysTick                                ./src/systick/DR_SysTick.o
                                                  ./src/Aplicacion/AP_funciones.o
                                                  ./src/Inicializacion/DR_Inicializacion.o
InicializarTeclado                                ./src/Teclado/DR_Teclado.o
                                                  ./src/Aplicacion/AP_funciones.o
InitLCD                                           ./src/LCD/DR_LCD.o
                                                  ./src/Aplicacion/AP_funciones.o
Init_I2C1                                         ./src/I2C/DR_I2C.o
                                                  ./src/Aplicacion/AP_funciones.o
IntDefaultHandler                                 ./src/cr_startup_lpc175x_6x.o
LeerTeclado                                       ./src/Aplicacion/AP_funciones.o
                                                  ./src/Aplicacion/Aplicacion.o
MCPWM_IRQHandler                                  ./src/cr_startup_lpc175x_6x.o
MSG_DSP                                           ./src/Display/DR_Display.o
                                                  ./src/Display/PR_Display.o
Medir                                             ./src/Aplicacion/AP_funciones.o
                                                  ./src/Aplicacion/Aplicacion.o
                                                  ./src/Temporizadores/AP_Temporizadores.o
MemManage_Handler                                 ./src/cr_startup_lpc175x_6x.o
MySprintf                                         ./src/Aplicacion/AP_funciones.o
NMI_Handler                                       ./src/cr_startup_lpc175x_6x.o
PLL0_IRQHandler                                   ./src/cr_startup_lpc175x_6x.o
PLL1_IRQHandler                                   ./src/cr_startup_lpc175x_6x.o
PWM1_IRQHandler                                   ./src/cr_startup_lpc175x_6x.o
PendSV_Handler                                    ./src/cr_startup_lpc175x_6x.o
PopLCD                                            ./src/LCD/DR_LCD.o
Pot                                               ./src/Display/PR_Display.o
Pres                                              ./src/Aplicacion/AP_funciones.o
PushLCD                                           ./src/LCD/PR_LCD.o
                                                  ./src/LCD/DR_LCD.o
QEI_IRQHandler                                    ./src/cr_startup_lpc175x_6x.o
RIT_IRQHandler                                    ./src/cr_startup_lpc175x_6x.o
RTC_IRQHandler                                    ./src/cr_startup_lpc175x_6x.o
RdIndex0                                          ./src/I2C/DR_I2C.o
RdIndex1                                          ./src/I2C/DR_I2C.o
RdIndex2                                          ./src/I2C/DR_I2C.o
ResetISR                                          ./src/cr_startup_lpc175x_6x.o
SPI_IRQHandler                                    ./src/cr_startup_lpc175x_6x.o
SSP0_IRQHandler                                   ./src/cr_startup_lpc175x_6x.o
SSP1_IRQHandler                                   ./src/cr_startup_lpc175x_6x.o
SVC_Handler                                       ./src/cr_startup_lpc175x_6x.o
SetDIR                                            ./src/GPIO/DR_GPIO.o
                                                  ./src/Aplicacion/AP_funciones.o
                                                  ./src/Display/DR_Display.o
                                                  ./src/LCD/DR_LCD.o
                                                  ./src/Teclado/DR_Teclado.o
SetPIN                                            ./src/GPIO/DR_GPIO.o
                                                  ./src/Aplicacion/AP_funciones.o
                                                  ./src/Display/DR_Display.o
                                                  ./src/LCD/DR_LCD.o
SetPINMODE                                        ./src/GPIO/DR_GPIO.o
                                                  ./src/I2C/DR_I2C.o
SetPINMODE_OD                                     ./src/GPIO/DR_GPIO.o
                                                  ./src/I2C/DR_I2C.o
SetPINSEL                                         ./src/GPIO/DR_GPIO.o
                                                  ./src/I2C/DR_I2C.o
                                                  ./src/LCD/DR_LCD.o
SetTOGGLE                                         ./src/GPIO/DR_GPIO.o
SysTick_Handler                                   ./src/systick/DR_SysTick.o
TIMER0_IRQHandler                                 ./src/cr_startup_lpc175x_6x.o
TIMER1_IRQHandler                                 ./src/cr_startup_lpc175x_6x.o
TIMER2_IRQHandler                                 ./src/cr_startup_lpc175x_6x.o
TIMER3_IRQHandler                                 ./src/cr_startup_lpc175x_6x.o
Tabla_Traduccion                                  ./src/Display/PR_Display.o
TecladoHW                                         ./src/Teclado/DR_Teclado.o
TecladoSW                                         ./src/Teclado/DR_Teclado.o
                                                  ./src/systick/DR_SysTick.o
Temp                                              ./src/Aplicacion/AP_funciones.o
TimerClose                                        ./src/Temporizadores/PR_Temporizadores.o
TimerDescount                                     ./src/Temporizadores/PR_Temporizadores.o
                                                  ./src/systick/DR_SysTick.o
TimerEvent                                        ./src/Temporizadores/PR_Temporizadores.o
                                                  ./src/Aplicacion/Aplicacion.o
TimerGet                                          ./src/Temporizadores/PR_Temporizadores.o
TimerPause                                        ./src/Temporizadores/PR_Temporizadores.o
TimerSet                                          ./src/Temporizadores/PR_Temporizadores.o
TimerStart                                        ./src/Temporizadores/PR_Temporizadores.o
                                                  ./src/Aplicacion/AP_funciones.o
                                                  ./src/Temporizadores/AP_Temporizadores.o
TimerStop                                         ./src/Temporizadores/PR_Temporizadores.o
TmrBase                                           ./src/Temporizadores/PR_Temporizadores.o
TmrFlag                                           ./src/Temporizadores/PR_Temporizadores.o
TmrFunciones                                      ./src/Temporizadores/PR_Temporizadores.o
TmrPause                                          ./src/Temporizadores/PR_Temporizadores.o
TmrRun                                            ./src/Temporizadores/PR_Temporizadores.o
UART0_IRQHandler                                  ./src/cr_startup_lpc175x_6x.o
UART1_IRQHandler                                  ./src/cr_startup_lpc175x_6x.o
UART2_IRQHandler                                  ./src/cr_startup_lpc175x_6x.o
UART3_IRQHandler                                  ./src/cr_startup_lpc175x_6x.o
USBActivity_IRQHandler                            ./src/cr_startup_lpc175x_6x.o
USB_IRQHandler                                    ./src/cr_startup_lpc175x_6x.o
UsageFault_Handler                                ./src/cr_startup_lpc175x_6x.o
WDT_IRQHandler                                    ./src/cr_startup_lpc175x_6x.o
WrIndex0                                          ./src/I2C/DR_I2C.o
WrIndex1                                          ./src/I2C/DR_I2C.o
WrIndex2                                          ./src/I2C/DR_I2C.o
_Csys_alloc                                       /usr/local/mcuxpressoide-11.2.1_4149/ide/plugins/com.nxp.mcuxpresso.tools.linux_11.2.0.202001021529/tools/bin/../lib/gcc/arm-none-eabi/9.2.1/../../../../arm-none-eabi/lib/thumb/v7-m/nofp/libcr_c.a(alloc.o)
                                                  /usr/local/mcuxpressoide-11.2.1_4149/ide/plugins/com.nxp.mcuxpresso.tools.linux_11.2.0.202001021529/tools/bin/../lib/gcc/arm-none-eabi/9.2.1/../../../../arm-none-eabi/lib/thumb/v7-m/nofp/libcr_c.a(_deferredlazyseek.o)
_Cwritebuf                                        /usr/local/mcuxpressoide-11.2.1_4149/ide/plugins/com.nxp.mcuxpresso.tools.linux_11.2.0.202001021529/tools/bin/../lib/gcc/arm-none-eabi/9.2.1/../../../../arm-none-eabi/lib/thumb/v7-m/nofp/libcr_c.a(_writebuf.o)
                                                  /usr/local/mcuxpressoide-11.2.1_4149/ide/plugins/com.nxp.mcuxpresso.tools.linux_11.2.0.202001021529/tools/bin/../lib/gcc/arm-none-eabi/9.2.1/../../../../arm-none-eabi/lib/thumb/v7-m/nofp/libcr_c.a(_deferredlazyseek.o)
                                                  /usr/local/mcuxpressoide-11.2.1_4149/ide/plugins/com.nxp.mcuxpresso.tools.linux_11.2.0.202001021529/tools/bin/../lib/gcc/arm-none-eabi/9.2.1/../../../../arm-none-eabi/lib/thumb/v7-m/nofp/libcr_c.a(_fflush.o)
__CR_SEMIHOST                                     /usr/local/mcuxpressoide-11.2.1_4149/ide/plugins/com.nxp.mcuxpresso.tools.linux_11.2.0.202001021529/tools/bin/../lib/gcc/arm-none-eabi/9.2.1/../../../../arm-none-eabi/lib/thumb/v7-m/nofp/libcr_semihost.a(_cr__main.o)
__Ciob                                            /usr/local/mcuxpressoide-11.2.1_4149/ide/plugins/com.nxp.mcuxpresso.tools.linux_11.2.0.202001021529/tools/bin/../lib/gcc/arm-none-eabi/9.2.1/../../../../arm-none-eabi/lib/thumb/v7-m/nofp/libcr_semihost.a(__ciob.o)
                                                  /usr/local/mcuxpressoide-11.2.1_4149/ide/plugins/com.nxp.mcuxpresso.tools.linux_11.2.0.202001021529/tools/bin/../lib/gcc/arm-none-eabi/9.2.1/../../../../arm-none-eabi/lib/thumb/v7-m/nofp/libcr_c.a(fflush.o)
                                                  /usr/local/mcuxpressoide-11.2.1_4149/ide/plugins/com.nxp.mcuxpresso.tools.linux_11.2.0.202001021529/tools/bin/../lib/gcc/arm-none-eabi/9.2.1/../../../../arm-none-eabi/lib/thumb/v7-m/nofp/libcr_c.a(initio.o)
__aeabi_cdcmpeq                                   /usr/local/mcuxpressoide-11.2.1_4149/ide/plugins/com.nxp.mcuxpresso.tools.linux_11.2.0.202001021529/tools/bin/../lib/gcc/arm-none-eabi/9.2.1/thumb/v7-m/nofp/libcr_eabihelpers.a(double.o)
__aeabi_cdcmple                                   /usr/local/mcuxpressoide-11.2.1_4149/ide/plugins/com.nxp.mcuxpresso.tools.linux_11.2.0.202001021529/tools/bin/../lib/gcc/arm-none-eabi/9.2.1/thumb/v7-m/nofp/libcr_eabihelpers.a(double.o)
__aeabi_cdrcmple                                  /usr/local/mcuxpressoide-11.2.1_4149/ide/plugins/com.nxp.mcuxpresso.tools.linux_11.2.0.202001021529/tools/bin/../lib/gcc/arm-none-eabi/9.2.1/thumb/v7-m/nofp/libcr_eabihelpers.a(double.o)
__aeabi_d2f                                       /usr/local/mcuxpressoide-11.2.1_4149/ide/plugins/com.nxp.mcuxpresso.tools.linux_11.2.0.202001021529/tools/bin/../lib/gcc/arm-none-eabi/9.2.1/thumb/v7-m/nofp/libcr_eabihelpers.a(double.o)
__aeabi_d2iz                                      /usr/local/mcuxpressoide-11.2.1_4149/ide/plugins/com.nxp.mcuxpresso.tools.linux_11.2.0.202001021529/tools/bin/../lib/gcc/arm-none-eabi/9.2.1/thumb/v7-m/nofp/libcr_eabihelpers.a(double.o)
                                                  ./src/BME280/PR_BME280.o
__aeabi_d2lz                                      /usr/local/mcuxpressoide-11.2.1_4149/ide/plugins/com.nxp.mcuxpresso.tools.linux_11.2.0.202001021529/tools/bin/../lib/gcc/arm-none-eabi/9.2.1/thumb/v7-m/nofp/libcr_eabihelpers.a(double.o)
__aeabi_d2uiz                                     /usr/local/mcuxpressoide-11.2.1_4149/ide/plugins/com.nxp.mcuxpresso.tools.linux_11.2.0.202001021529/tools/bin/../lib/gcc/arm-none-eabi/9.2.1/thumb/v7-m/nofp/libcr_eabihelpers.a(double.o)
                                                  ./src/BME280/PR_BME280.o
__aeabi_d2ulz                                     /usr/local/mcuxpressoide-11.2.1_4149/ide/plugins/com.nxp.mcuxpresso.tools.linux_11.2.0.202001021529/tools/bin/../lib/gcc/arm-none-eabi/9.2.1/thumb/v7-m/nofp/libcr_eabihelpers.a(double.o)
__aeabi_dadd                                      /usr/local/mcuxpressoide-11.2.1_4149/ide/plugins/com.nxp.mcuxpresso.tools.linux_11.2.0.202001021529/tools/bin/../lib/gcc/arm-none-eabi/9.2.1/thumb/v7-m/nofp/libcr_eabihelpers.a(double.o)
                                                  ./src/BME280/PR_BME280.o
__aeabi_dcmpeq                                    /usr/local/mcuxpressoide-11.2.1_4149/ide/plugins/com.nxp.mcuxpresso.tools.linux_11.2.0.202001021529/tools/bin/../lib/gcc/arm-none-eabi/9.2.1/thumb/v7-m/nofp/libcr_eabihelpers.a(double.o)
__aeabi_dcmpge                                    /usr/local/mcuxpressoide-11.2.1_4149/ide/plugins/com.nxp.mcuxpresso.tools.linux_11.2.0.202001021529/tools/bin/../lib/gcc/arm-none-eabi/9.2.1/thumb/v7-m/nofp/libcr_eabihelpers.a(double.o)
__aeabi_dcmpgt                                    /usr/local/mcuxpressoide-11.2.1_4149/ide/plugins/com.nxp.mcuxpresso.tools.linux_11.2.0.202001021529/tools/bin/../lib/gcc/arm-none-eabi/9.2.1/thumb/v7-m/nofp/libcr_eabihelpers.a(double.o)
                                                  ./src/BME280/PR_BME280.o
__aeabi_dcmple                                    /usr/local/mcuxpressoide-11.2.1_4149/ide/plugins/com.nxp.mcuxpresso.tools.linux_11.2.0.202001021529/tools/bin/../lib/gcc/arm-none-eabi/9.2.1/thumb/v7-m/nofp/libcr_eabihelpers.a(double.o)
__aeabi_dcmplt                                    /usr/local/mcuxpressoide-11.2.1_4149/ide/plugins/com.nxp.mcuxpresso.tools.linux_11.2.0.202001021529/tools/bin/../lib/gcc/arm-none-eabi/9.2.1/thumb/v7-m/nofp/libcr_eabihelpers.a(double.o)
                                                  ./src/BME280/PR_BME280.o
__aeabi_dcmpun                                    /usr/local/mcuxpressoide-11.2.1_4149/ide/plugins/com.nxp.mcuxpresso.tools.linux_11.2.0.202001021529/tools/bin/../lib/gcc/arm-none-eabi/9.2.1/thumb/v7-m/nofp/libcr_eabihelpers.a(double.o)
__aeabi_ddiv                                      /usr/local/mcuxpressoide-11.2.1_4149/ide/plugins/com.nxp.mcuxpresso.tools.linux_11.2.0.202001021529/tools/bin/../lib/gcc/arm-none-eabi/9.2.1/thumb/v7-m/nofp/libcr_eabihelpers.a(double.o)
                                                  ./src/BME280/PR_BME280.o
__aeabi_dmul                                      /usr/local/mcuxpressoide-11.2.1_4149/ide/plugins/com.nxp.mcuxpresso.tools.linux_11.2.0.202001021529/tools/bin/../lib/gcc/arm-none-eabi/9.2.1/thumb/v7-m/nofp/libcr_eabihelpers.a(double.o)
                                                  ./src/BME280/PR_BME280.o
__aeabi_dneg                                      /usr/local/mcuxpressoide-11.2.1_4149/ide/plugins/com.nxp.mcuxpresso.tools.linux_11.2.0.202001021529/tools/bin/../lib/gcc/arm-none-eabi/9.2.1/thumb/v7-m/nofp/libcr_eabihelpers.a(double.o)
__aeabi_drsub                                     /usr/local/mcuxpressoide-11.2.1_4149/ide/plugins/com.nxp.mcuxpresso.tools.linux_11.2.0.202001021529/tools/bin/../lib/gcc/arm-none-eabi/9.2.1/thumb/v7-m/nofp/libcr_eabihelpers.a(double.o)
__aeabi_dsub                                      /usr/local/mcuxpressoide-11.2.1_4149/ide/plugins/com.nxp.mcuxpresso.tools.linux_11.2.0.202001021529/tools/bin/../lib/gcc/arm-none-eabi/9.2.1/thumb/v7-m/nofp/libcr_eabihelpers.a(double.o)
                                                  ./src/BME280/PR_BME280.o
__aeabi_i2d                                       /usr/local/mcuxpressoide-11.2.1_4149/ide/plugins/com.nxp.mcuxpresso.tools.linux_11.2.0.202001021529/tools/bin/../lib/gcc/arm-none-eabi/9.2.1/thumb/v7-m/nofp/libcr_eabihelpers.a(double.o)
                                                  ./src/BME280/PR_BME280.o
__aeabi_l2d                                       /usr/local/mcuxpressoide-11.2.1_4149/ide/plugins/com.nxp.mcuxpresso.tools.linux_11.2.0.202001021529/tools/bin/../lib/gcc/arm-none-eabi/9.2.1/thumb/v7-m/nofp/libcr_eabihelpers.a(double.o)
__aeabi_lowlevel_memset                           /usr/local/mcuxpressoide-11.2.1_4149/ide/plugins/com.nxp.mcuxpresso.tools.linux_11.2.0.202001021529/tools/bin/../lib/gcc/arm-none-eabi/9.2.1/thumb/v7-m/nofp/libcr_eabihelpers.a(memcpy.o)
                                                  /usr/local/mcuxpressoide-11.2.1_4149/ide/plugins/com.nxp.mcuxpresso.tools.linux_11.2.0.202001021529/tools/bin/../lib/gcc/arm-none-eabi/9.2.1/../../../../arm-none-eabi/lib/thumb/v7-m/nofp/libcr_c.a(memset.o)
__aeabi_memclr                                    /usr/local/mcuxpressoide-11.2.1_4149/ide/plugins/com.nxp.mcuxpresso.tools.linux_11.2.0.202001021529/tools/bin/../lib/gcc/arm-none-eabi/9.2.1/thumb/v7-m/nofp/libcr_eabihelpers.a(memcpy.o)
__aeabi_memclr4                                   /usr/local/mcuxpressoide-11.2.1_4149/ide/plugins/com.nxp.mcuxpresso.tools.linux_11.2.0.202001021529/tools/bin/../lib/gcc/arm-none-eabi/9.2.1/thumb/v7-m/nofp/libcr_eabihelpers.a(memcpy.o)
__aeabi_memclr8                                   /usr/local/mcuxpressoide-11.2.1_4149/ide/plugins/com.nxp.mcuxpresso.tools.linux_11.2.0.202001021529/tools/bin/../lib/gcc/arm-none-eabi/9.2.1/thumb/v7-m/nofp/libcr_eabihelpers.a(memcpy.o)
__aeabi_memcpy                                    /usr/local/mcuxpressoide-11.2.1_4149/ide/plugins/com.nxp.mcuxpresso.tools.linux_11.2.0.202001021529/tools/bin/../lib/gcc/arm-none-eabi/9.2.1/thumb/v7-m/nofp/libcr_eabihelpers.a(memcpy.o)
                                                  /usr/local/mcuxpressoide-11.2.1_4149/ide/plugins/com.nxp.mcuxpresso.tools.linux_11.2.0.202001021529/tools/bin/../lib/gcc/arm-none-eabi/9.2.1/../../../../arm-none-eabi/lib/thumb/v7-m/nofp/libcr_c.a(memcpy.o)
__aeabi_memcpy4                                   /usr/local/mcuxpressoide-11.2.1_4149/ide/plugins/com.nxp.mcuxpresso.tools.linux_11.2.0.202001021529/tools/bin/../lib/gcc/arm-none-eabi/9.2.1/thumb/v7-m/nofp/libcr_eabihelpers.a(memcpy.o)
__aeabi_memcpy8                                   /usr/local/mcuxpressoide-11.2.1_4149/ide/plugins/com.nxp.mcuxpresso.tools.linux_11.2.0.202001021529/tools/bin/../lib/gcc/arm-none-eabi/9.2.1/thumb/v7-m/nofp/libcr_eabihelpers.a(memcpy.o)
__aeabi_memmove                                   /usr/local/mcuxpressoide-11.2.1_4149/ide/plugins/com.nxp.mcuxpresso.tools.linux_11.2.0.202001021529/tools/bin/../lib/gcc/arm-none-eabi/9.2.1/thumb/v7-m/nofp/libcr_eabihelpers.a(memcpy.o)
__aeabi_memmove4                                  /usr/local/mcuxpressoide-11.2.1_4149/ide/plugins/com.nxp.mcuxpresso.tools.linux_11.2.0.202001021529/tools/bin/../lib/gcc/arm-none-eabi/9.2.1/thumb/v7-m/nofp/libcr_eabihelpers.a(memcpy.o)
__aeabi_memmove8                                  /usr/local/mcuxpressoide-11.2.1_4149/ide/plugins/com.nxp.mcuxpresso.tools.linux_11.2.0.202001021529/tools/bin/../lib/gcc/arm-none-eabi/9.2.1/thumb/v7-m/nofp/libcr_eabihelpers.a(memcpy.o)
__aeabi_memset                                    /usr/local/mcuxpressoide-11.2.1_4149/ide/plugins/com.nxp.mcuxpresso.tools.linux_11.2.0.202001021529/tools/bin/../lib/gcc/arm-none-eabi/9.2.1/thumb/v7-m/nofp/libcr_eabihelpers.a(memcpy.o)
__aeabi_memset4                                   /usr/local/mcuxpressoide-11.2.1_4149/ide/plugins/com.nxp.mcuxpresso.tools.linux_11.2.0.202001021529/tools/bin/../lib/gcc/arm-none-eabi/9.2.1/thumb/v7-m/nofp/libcr_eabihelpers.a(memcpy.o)
__aeabi_memset8                                   /usr/local/mcuxpressoide-11.2.1_4149/ide/plugins/com.nxp.mcuxpresso.tools.linux_11.2.0.202001021529/tools/bin/../lib/gcc/arm-none-eabi/9.2.1/thumb/v7-m/nofp/libcr_eabihelpers.a(memcpy.o)
__aeabi_ui2d                                      /usr/local/mcuxpressoide-11.2.1_4149/ide/plugins/com.nxp.mcuxpresso.tools.linux_11.2.0.202001021529/tools/bin/../lib/gcc/arm-none-eabi/9.2.1/thumb/v7-m/nofp/libcr_eabihelpers.a(double.o)
                                                  ./src/BME280/PR_BME280.o
__aeabi_ul2d                                      /usr/local/mcuxpressoide-11.2.1_4149/ide/plugins/com.nxp.mcuxpresso.tools.linux_11.2.0.202001021529/tools/bin/../lib/gcc/arm-none-eabi/9.2.1/thumb/v7-m/nofp/libcr_eabihelpers.a(double.o)
__bhs_ui2d                                        /usr/local/mcuxpressoide-11.2.1_4149/ide/plugins/com.nxp.mcuxpresso.tools.linux_11.2.0.202001021529/tools/bin/../lib/gcc/arm-none-eabi/9.2.1/thumb/v7-m/nofp/libcr_eabihelpers.a(double.o)
__bhs_ul2d                                        /usr/local/mcuxpressoide-11.2.1_4149/ide/plugins/com.nxp.mcuxpresso.tools.linux_11.2.0.202001021529/tools/bin/../lib/gcc/arm-none-eabi/9.2.1/thumb/v7-m/nofp/libcr_eabihelpers.a(double.o)
__bss_section_table_end                           ./src/cr_startup_lpc175x_6x.o
__check_heap_overflow                             /usr/local/mcuxpressoide-11.2.1_4149/ide/plugins/com.nxp.mcuxpresso.tools.linux_11.2.0.202001021529/tools/bin/../lib/gcc/arm-none-eabi/9.2.1/../../../../arm-none-eabi/lib/thumb/v7-m/nofp/libcr_c.a(_cr_check_heap.o)
                                                  /usr/local/mcuxpressoide-11.2.1_4149/ide/plugins/com.nxp.mcuxpresso.tools.linux_11.2.0.202001021529/tools/bin/../lib/gcc/arm-none-eabi/9.2.1/../../../../arm-none-eabi/lib/thumb/v7-m/nofp/libcr_c.a(_cr_sbrk.o)
__data_section_table                              ./src/cr_startup_lpc175x_6x.o
__data_section_table_end                          ./src/cr_startup_lpc175x_6x.o
__end_of_heap                                     /usr/local/mcuxpressoide-11.2.1_4149/ide/plugins/com.nxp.mcuxpresso.tools.linux_11.2.0.202001021529/tools/bin/../lib/gcc/arm-none-eabi/9.2.1/../../../../arm-none-eabi/lib/thumb/v7-m/nofp/libcr_c.a(__init_alloc.o)