Archive member included to satisfy reference by file (symbol)

/usr/local/mcuxpressoide-11.2.1_4149/ide/plugins/com.nxp.mcuxpresso.tools.linux_11.2.0.202001021529/tools/bin/../lib/gcc/arm-none-eabi/9.2.1/../../../../arm-none-eabi/lib/thumb/v7-m/nofp/libcr_c.a(__weak__main.o)
                              ./src/cr_startup_lpc175x_6x.o (__main)

Discarded input sections

 .group         0x0000000000000000        0xc ./src/DR_GPIO.o
 .group         0x0000000000000000        0xc ./src/DR_GPIO.o
 .text          0x0000000000000000        0x0 ./src/DR_GPIO.o
 .data          0x0000000000000000        0x0 ./src/DR_GPIO.o
 .bss           0x0000000000000000        0x0 ./src/DR_GPIO.o
 .data.GPIO     0x0000000000000000       0x14 ./src/DR_GPIO.o
 .text.GPIO_set_dir
                0x0000000000000000       0x6c ./src/DR_GPIO.o
 .text.GPIO_set_pin
                0x0000000000000000       0x40 ./src/DR_GPIO.o
 .text.GPIO_clear_pin
                0x0000000000000000       0x40 ./src/DR_GPIO.o
 .text.GPIO_toggle_pin
                0x0000000000000000       0x40 ./src/DR_GPIO.o
 .text.GPIO_read_pin
                0x0000000000000000       0x3c ./src/DR_GPIO.o
 .debug_info    0x0000000000000000      0x2cf ./src/DR_GPIO.o
 .debug_abbrev  0x0000000000000000       0xfe ./src/DR_GPIO.o
 .debug_aranges
                0x0000000000000000       0x40 ./src/DR_GPIO.o
 .debug_ranges  0x0000000000000000       0x30 ./src/DR_GPIO.o
 .debug_macro   0x0000000000000000       0x46 ./src/DR_GPIO.o
 .debug_macro   0x0000000000000000      0xaa8 ./src/DR_GPIO.o
 .debug_macro   0x0000000000000000       0x2e ./src/DR_GPIO.o
 .debug_line    0x0000000000000000      0x181 ./src/DR_GPIO.o
 .debug_str     0x0000000000000000     0x3075 ./src/DR_GPIO.o
 .comment       0x0000000000000000       0x7a ./src/DR_GPIO.o
 .debug_frame   0x0000000000000000       0xd8 ./src/DR_GPIO.o
 .ARM.attributes
                0x0000000000000000       0x2d ./src/DR_GPIO.o
 .group         0x0000000000000000        0xc ./src/DR_PINSEL.o
 .group         0x0000000000000000        0xc ./src/DR_PINSEL.o
 .text          0x0000000000000000        0x0 ./src/DR_PINSEL.o
 .data          0x0000000000000000        0x0 ./src/DR_PINSEL.o
 .bss           0x0000000000000000        0x0 ./src/DR_PINSEL.o
 .text.PINMODE_set_selection
                0x0000000000000000       0x9c ./src/DR_PINSEL.o
 .debug_macro   0x0000000000000000      0xaa8 ./src/DR_PINSEL.o
 .debug_macro   0x0000000000000000       0x2e ./src/DR_PINSEL.o
 .group         0x0000000000000000        0xc ./src/DR_PLL.o
 .group         0x0000000000000000        0xc ./src/DR_PLL.o
 .group         0x0000000000000000        0xc ./src/DR_PLL.o
 .text          0x0000000000000000        0x0 ./src/DR_PLL.o
 .data          0x0000000000000000        0x0 ./src/DR_PLL.o
 .bss           0x0000000000000000        0x0 ./src/DR_PLL.o
 .debug_macro   0x0000000000000000      0xaa8 ./src/DR_PLL.o
 .debug_macro   0x0000000000000000       0x2e ./src/DR_PLL.o
 .group         0x0000000000000000        0xc ./src/DR_SYSTICK.o
 .group         0x0000000000000000        0xc ./src/DR_SYSTICK.o
 .text          0x0000000000000000        0x0 ./src/DR_SYSTICK.o
 .data          0x0000000000000000        0x0 ./src/DR_SYSTICK.o
 .bss           0x0000000000000000        0x0 ./src/DR_SYSTICK.o
 .rodata.SYSTICK
                0x0000000000000000        0x4 ./src/DR_SYSTICK.o
 .debug_macro   0x0000000000000000      0xaa8 ./src/DR_SYSTICK.o
 .debug_macro   0x0000000000000000       0x2e ./src/DR_SYSTICK.o
 .group         0x0000000000000000        0xc ./src/DR_UART0.o
 .group         0x0000000000000000        0xc ./src/DR_UART0.o
 .group         0x0000000000000000        0xc ./src/DR_UART0.o
 .group         0x0000000000000000        0xc ./src/DR_UART0.o
 .text          0x0000000000000000        0x0 ./src/DR_UART0.o
 .data          0x0000000000000000        0x0 ./src/DR_UART0.o
 .bss           0x0000000000000000        0x0 ./src/DR_UART0.o
 .debug_macro   0x0000000000000000      0xaa8 ./src/DR_UART0.o
 .debug_macro   0x0000000000000000       0x2e ./src/DR_UART0.o
 .group         0x0000000000000000        0xc ./src/DR_timer.o
 .group         0x0000000000000000        0xc ./src/DR_timer.o
 .text          0x0000000000000000        0x0 ./src/DR_timer.o
 .data          0x0000000000000000        0x0 ./src/DR_timer.o
 .bss           0x0000000000000000        0x0 ./src/DR_timer.o
 .debug_macro   0x0000000000000000      0xaa8 ./src/DR_timer.o
 .debug_macro   0x0000000000000000       0x2e ./src/DR_timer.o
 .group         0x0000000000000000        0xc ./src/Indicador_nivel.o
 .group         0x0000000000000000        0xc ./src/Indicador_nivel.o
 .group         0x0000000000000000        0xc ./src/Indicador_nivel.o
 .text          0x0000000000000000        0x0 ./src/Indicador_nivel.o
 .data          0x0000000000000000        0x0 ./src/Indicador_nivel.o
 .bss           0x0000000000000000        0x0 ./src/Indicador_nivel.o
 .debug_macro   0x0000000000000000      0xaa8 ./src/Indicador_nivel.o
 .debug_macro   0x0000000000000000       0x2e ./src/Indicador_nivel.o
 .debug_macro   0x0000000000000000      0x118 ./src/Indicador_nivel.o
 .group         0x0000000000000000        0xc ./src/PR_UART0.o
 .group         0x0000000000000000        0xc ./src/PR_UART0.o
 .group         0x0000000000000000        0xc ./src/PR_UART0.o
 .text          0x0000000000000000        0x0 ./src/PR_UART0.o
 .data          0x0000000000000000        0x0 ./src/PR_UART0.o
 .bss           0x0000000000000000        0x0 ./src/PR_UART0.o
 .debug_macro   0x0000000000000000      0xaa8 ./src/PR_UART0.o
 .debug_macro   0x0000000000000000       0x2e ./src/PR_UART0.o
 .group         0x0000000000000000        0xc ./src/PR_timer.o
 .group         0x0000000000000000        0xc ./src/PR_timer.o
 .text          0x0000000000000000        0x0 ./src/PR_timer.o
 .data          0x0000000000000000        0x0 ./src/PR_timer.o
 .bss           0x0000000000000000        0x0 ./src/PR_timer.o
 .debug_macro   0x0000000000000000      0xaa8 ./src/PR_timer.o
 .debug_macro   0x0000000000000000       0x2e ./src/PR_timer.o
 .group         0x0000000000000000        0xc ./src/cr_startup_lpc175x_6x.o
 .text          0x0000000000000000        0x0 ./src/cr_startup_lpc175x_6x.o
 .data          0x0000000000000000        0x0 ./src/cr_startup_lpc175x_6x.o
 .bss           0x0000000000000000        0x0 ./src/cr_startup_lpc175x_6x.o
 .debug_macro   0x0000000000000000      0xaa8 ./src/cr_startup_lpc175x_6x.o
 .group         0x0000000000000000        0xc ./src/crp.o
 .group         0x0000000000000000        0xc ./src/crp.o
 .text          0x0000000000000000        0x0 ./src/crp.o
 .data          0x0000000000000000        0x0 ./src/crp.o
 .bss           0x0000000000000000        0x0 ./src/crp.o
 .crp           0x0000000000000000        0x4 ./src/crp.o
 .debug_info    0x0000000000000000       0x40 ./src/crp.o
 .debug_abbrev  0x0000000000000000       0x38 ./src/crp.o
 .debug_aranges
                0x0000000000000000       0x18 ./src/crp.o
 .debug_macro   0x0000000000000000       0x1a ./src/crp.o
 .debug_macro   0x0000000000000000      0xaa8 ./src/crp.o
 .debug_macro   0x0000000000000000       0x34 ./src/crp.o
 .debug_line    0x0000000000000000       0xb5 ./src/crp.o
 .debug_str     0x0000000000000000     0x2f12 ./src/crp.o
 .comment       0x0000000000000000       0x7a ./src/crp.o
 .ARM.attributes
                0x0000000000000000       0x33 ./src/crp.o
 .group         0x0000000000000000        0xc ./src/rx_trama.o
 .group         0x0000000000000000        0xc ./src/rx_trama.o
 .text          0x0000000000000000        0x0 ./src/rx_trama.o
 .data          0x0000000000000000        0x0 ./src/rx_trama.o
 .bss           0x0000000000000000        0x0 ./src/rx_trama.o
 .debug_macro   0x0000000000000000      0xaa8 ./src/rx_trama.o
 .debug_macro   0x0000000000000000       0x2e ./src/rx_trama.o
 .text          0x0000000000000000        0x0 /usr/local/mcuxpressoide-11.2.1_4149/ide/plugins/com.nxp.mcuxpresso.tools.linux_11.2.0.202001021529/tools/bin/../lib/gcc/arm-none-eabi/9.2.1/../../../../arm-none-eabi/lib/thumb/v7-m/nofp/libcr_c.a(__weak__main.o)
 .data          0x0000000000000000        0x0 /usr/local/mcuxpressoide-11.2.1_4149/ide/plugins/com.nxp.mcuxpresso.tools.linux_11.2.0.202001021529/tools/bin/../lib/gcc/arm-none-eabi/9.2.1/../../../../arm-none-eabi/lib/thumb/v7-m/nofp/libcr_c.a(__weak__main.o)
 .bss           0x0000000000000000        0x0 /usr/local/mcuxpressoide-11.2.1_4149/ide/plugins/com.nxp.mcuxpresso.tools.linux_11.2.0.202001021529/tools/bin/../lib/gcc/arm-none-eabi/9.2.1/../../../../arm-none-eabi/lib/thumb/v7-m/nofp/libcr_c.a(__weak__main.o)

Memory Configuration

Name             Origin             Length             Attributes
MFlash512        0x0000000000000000 0x0000000000080000 xr
RamLoc32         0x0000000010000000 0x0000000000008000 xrw
RamAHB32         0x000000002007c000 0x0000000000008000 xrw
*default*        0x0000000000000000 0xffffffffffffffff

Linker script and memory map

LOAD ./src/DR_GPIO.o
LOAD ./src/DR_PINSEL.o
LOAD ./src/DR_PLL.o
LOAD ./src/DR_SYSTICK.o
LOAD ./src/DR_UART0.o
LOAD ./src/DR_timer.o
LOAD ./src/Indicador_nivel.o
LOAD ./src/PR_UART0.o
LOAD ./src/PR_timer.o
LOAD ./src/cr_startup_lpc175x_6x.o
LOAD ./src/crp.o
LOAD ./src/rx_trama.o
START GROUP
LOAD /usr/local/mcuxpressoide-11.2.1_4149/ide/plugins/com.nxp.mcuxpresso.tools.linux_11.2.0.202001021529/tools/bin/../lib/gcc/arm-none-eabi/9.2.1/../../../../arm-none-eabi/lib/thumb/v7-m/nofp/libcr_c.a
LOAD /usr/local/mcuxpressoide-11.2.1_4149/ide/plugins/com.nxp.mcuxpresso.tools.linux_11.2.0.202001021529/tools/bin/../lib/gcc/arm-none-eabi/9.2.1/thumb/v7-m/nofp/libcr_eabihelpers.a
LOAD /usr/local/mcuxpressoide-11.2.1_4149/ide/plugins/com.nxp.mcuxpresso.tools.linux_11.2.0.202001021529/tools/bin/../lib/gcc/arm-none-eabi/9.2.1/thumb/v7-m/nofp/libgcc.a
END GROUP
                0x0000000000000000                __base_MFlash512 = 0x0
                0x0000000000000000                __base_Flash = 0x0
                0x0000000000080000                __top_MFlash512 = 0x80000
                0x0000000000080000                __top_Flash = 0x80000
                0x0000000010000000                __base_RamLoc32 = 0x10000000
                0x0000000010000000                __base_RAM = 0x10000000
                0x0000000010008000                __top_RamLoc32 = 0x10008000
                0x0000000010008000                __top_RAM = 0x10008000
                0x000000002007c000                __base_RamAHB32 = 0x2007c000
                0x000000002007c000                __base_RAM2 = 0x2007c000
                0x0000000020084000                __top_RamAHB32 = 0x20084000
                0x0000000020084000                __top_RAM2 = 0x20084000

.text           0x0000000000000000      0xdb0
 FILL mask 0xff
                0x0000000000000000                __vectors_start__ = ABSOLUTE (.)
 *(.isr_vector)
 .isr_vector    0x0000000000000000       0xcc ./src/cr_startup_lpc175x_6x.o
                0x0000000000000000                g_pfnVectors
                0x00000000000000cc                . = ALIGN (0x4)
                0x00000000000000cc                __section_table_start = .
                0x00000000000000cc                __data_section_table = .
                0x00000000000000cc        0x4 LONG 0xdb0 LOADADDR (.data)
                0x00000000000000d0        0x4 LONG 0x10000000 ADDR (.data)
                0x00000000000000d4        0x4 LONG 0x8 SIZEOF (.data)
                0x00000000000000d8        0x4 LONG 0xdb0 LOADADDR (.data_RAM2)
                0x00000000000000dc        0x4 LONG 0x2007c000 ADDR (.data_RAM2)
                0x00000000000000e0        0x4 LONG 0x0 SIZEOF (.data_RAM2)
                0x00000000000000e4                __data_section_table_end = .
                0x00000000000000e4                __bss_section_table = .
                0x00000000000000e4        0x4 LONG 0x10000008 ADDR (.bss)
                0x00000000000000e8        0x4 LONG 0xe8 SIZEOF (.bss)
                0x00000000000000ec        0x4 LONG 0x2007c000 ADDR (.bss_RAM2)
                0x00000000000000f0        0x4 LONG 0x0 SIZEOF (.bss_RAM2)
                0x00000000000000f4                __bss_section_table_end = .
                0x00000000000000f4                __section_table_end = .
 *(.after_vectors*)
 .after_vectors
                0x00000000000000f4      0x12c ./src/cr_startup_lpc175x_6x.o
                0x00000000000000f4                data_init
                0x0000000000000138                bss_init
                0x0000000000000170                ResetISR
                0x00000000000001e4                NMI_Handler
                0x00000000000001ea                HardFault_Handler
                0x00000000000001f0                MemManage_Handler
                0x00000000000001f6                BusFault_Handler
                0x00000000000001fc                UsageFault_Handler
                0x0000000000000202                SVC_Handler
                0x0000000000000208                DebugMon_Handler
                0x000000000000020e                PendSV_Handler
                0x000000000000021a                TIMER2_IRQHandler
                0x000000000000021a                RIT_IRQHandler
                0x000000000000021a                I2C0_IRQHandler
                0x000000000000021a                USBActivity_IRQHandler
                0x000000000000021a                PWM1_IRQHandler
                0x000000000000021a                I2C1_IRQHandler
                0x000000000000021a                EINT2_IRQHandler
                0x000000000000021a                UART1_IRQHandler
                0x000000000000021a                EINT3_IRQHandler
                0x000000000000021a                CANActivity_IRQHandler
                0x000000000000021a                TIMER3_IRQHandler
                0x000000000000021a                IntDefaultHandler
                0x000000000000021a                PLL0_IRQHandler
                0x000000000000021a                CAN_IRQHandler
                0x000000000000021a                PLL1_IRQHandler
                0x000000000000021a                SSP0_IRQHandler
                0x000000000000021a                I2S_IRQHandler
                0x000000000000021a                I2C2_IRQHandler
                0x000000000000021a                RTC_IRQHandler
                0x000000000000021a                TIMER0_IRQHandler
                0x000000000000021a                SPI_IRQHandler
                0x000000000000021a                EINT1_IRQHandler
                0x000000000000021a                TIMER1_IRQHandler
                0x000000000000021a                UART2_IRQHandler
                0x000000000000021a                ADC_IRQHandler
                0x000000000000021a                SSP1_IRQHandler
                0x000000000000021a                USB_IRQHandler
                0x000000000000021a                BOD_IRQHandler
                0x000000000000021a                WDT_IRQHandler
                0x000000000000021a                QEI_IRQHandler
                0x000000000000021a                EINT0_IRQHandler
                0x000000000000021a                DMA_IRQHandler
                0x000000000000021a                UART3_IRQHandler
                0x000000000000021a                MCPWM_IRQHandler
                0x000000000000021a                ENET_IRQHandler
 *(.text*)
 .text.PINSEL_set_selection
                0x0000000000000220       0xa4 ./src/DR_PINSEL.o
                0x0000000000000220                PINSEL_set_selection
 .text.InicializarPLL
                0x00000000000002c4      0x140 ./src/DR_PLL.o
                0x00000000000002c4                InicializarPLL
 .text.SYSTICK_init
                0x0000000000000404       0x74 ./src/DR_SYSTICK.o
                0x0000000000000404                SYSTICK_init
 .text.SysTick_Handler
                0x0000000000000478        0xc ./src/DR_SYSTICK.o
                0x0000000000000478                SysTick_Handler
 .text.UART0_dr_init
                0x0000000000000484       0xc0 ./src/DR_UART0.o
                0x0000000000000484                UART0_dr_init
 .text.UART0_push_rx
                0x0000000000000544       0x40 ./src/DR_UART0.o
                0x0000000000000544                UART0_push_rx
 .text.UART0_pop_tx
                0x0000000000000584       0x54 ./src/DR_UART0.o
                0x0000000000000584                UART0_pop_tx
 .text.UART0_write_tx_reg
                0x00000000000005d8       0x30 ./src/DR_UART0.o
                0x00000000000005d8                UART0_write_tx_reg
 .text.UART0_IRQHandler
                0x0000000000000608       0xac ./src/DR_UART0.o
                0x0000000000000608                UART0_IRQHandler
 .text.timer_discount
                0x00000000000006b4       0xa4 ./src/DR_timer.o
                0x00000000000006b4                timer_discount
 .text.main     0x0000000000000758       0x38 ./src/Indicador_nivel.o
                0x0000000000000758                main
 .text.UART0_init
                0x0000000000000790        0xc ./src/PR_UART0.o
                0x0000000000000790                UART0_init
 .text.UART0_pop_rx
                0x000000000000079c       0x54 ./src/PR_UART0.o
                0x000000000000079c                UART0_pop_rx
 .text.UART0_push_tx
                0x00000000000007f0       0x5c ./src/PR_UART0.o
                0x00000000000007f0                UART0_push_tx
 .text.UART0_transmitir
                0x000000000000084c       0x36 ./src/PR_UART0.o
                0x000000000000084c                UART0_transmitir
 *fill*         0x0000000000000882        0x2 ff
 .text.timer_event
                0x0000000000000884       0x54 ./src/PR_timer.o
                0x0000000000000884                timer_event
 .text.timer_start
                0x00000000000008d8       0x68 ./src/PR_timer.o
                0x00000000000008d8                timer_start
 .text.timer_stop
                0x0000000000000940       0x28 ./src/PR_timer.o
                0x0000000000000940                timer_stop
 .text.rx_trama_MDE
                0x0000000000000968      0x158 ./src/rx_trama.o
                0x0000000000000968                rx_trama_MDE
 .text.rx_trama_current_state
                0x0000000000000ac0       0x14 ./src/rx_trama.o
                0x0000000000000ac0                rx_trama_current_state
 .text.check_if_data_valid
                0x0000000000000ad4       0x74 ./src/rx_trama.o
 .text.start_rx_timeout
                0x0000000000000b48       0x20 ./src/rx_trama.o
 .text.restart_rx_timeout
                0x0000000000000b68       0x10 ./src/rx_trama.o
 .text.stop_rx_timeout
                0x0000000000000b78        0xe ./src/rx_trama.o
 *fill*         0x0000000000000b86        0x2 ff
 .text.rx_timeout_callback
                0x0000000000000b88       0x1c ./src/rx_trama.o
 .text.start_err_timeout
                0x0000000000000ba4       0x20 ./src/rx_trama.o
 .text.err_timeout_callback
                0x0000000000000bc4       0x1c ./src/rx_trama.o
 .text.err_func
                0x0000000000000be0        0xc ./src/rx_trama.o
 .text.start_datos_timeout
                0x0000000000000bec       0x24 ./src/rx_trama.o
 .text.datos_timeout_callback
                0x0000000000000c10       0x1c ./src/rx_trama.o
 .text.stop_datos_timeout
                0x0000000000000c2c        0xe ./src/rx_trama.o
 *fill*         0x0000000000000c3a        0x2 ff
 .text.get_temp_min
                0x0000000000000c3c       0x38 ./src/rx_trama.o
                0x0000000000000c3c                get_temp_min
 .text.get_temp_max
                0x0000000000000c74       0x38 ./src/rx_trama.o
                0x0000000000000c74                get_temp_max
 .text.get_riego
                0x0000000000000cac       0x20 ./src/rx_trama.o
                0x0000000000000cac                get_riego
 .text.is_ready
                0x0000000000000ccc       0x18 ./src/rx_trama.o
                0x0000000000000ccc                is_ready
 .text.update_datos
                0x0000000000000ce4       0x90 ./src/rx_trama.o
 .text.get_humedad
                0x0000000000000d74       0x1c ./src/rx_trama.o
 .text.get_temp
                0x0000000000000d90       0x1c ./src/rx_trama.o
 .text.__weak_main
                0x0000000000000dac        0x4 /usr/local/mcuxpressoide-11.2.1_4149/ide/plugins/com.nxp.mcuxpresso.tools.linux_11.2.0.202001021529/tools/bin/../lib/gcc/arm-none-eabi/9.2.1/../../../../arm-none-eabi/lib/thumb/v7-m/nofp/libcr_c.a(__weak__main.o)
                0x0000000000000dac                __main
                0x0000000000000dac                __weak_main
 *(.rodata .rodata.* .constdata .constdata.*)
                0x0000000000000db0                . = ALIGN (0x4)

.glue_7         0x0000000000000db0        0x0
 .glue_7        0x0000000000000db0        0x0 linker stubs

.glue_7t        0x0000000000000db0        0x0
 .glue_7t       0x0000000000000db0        0x0 linker stubs

.vfp11_veneer   0x0000000000000db0        0x0
 .vfp11_veneer  0x0000000000000db0        0x0 linker stubs

.v4_bx          0x0000000000000db0        0x0
 .v4_bx         0x0000000000000db0        0x0 linker stubs

.iplt           0x0000000000000db0        0x0
 .iplt          0x0000000000000db0        0x0 ./src/DR_PINSEL.o

.rel.dyn        0x0000000000000db0        0x0
 .rel.iplt      0x0000000000000db0        0x0 ./src/DR_PINSEL.o

.ARM.extab
 *(.ARM.extab* .gnu.linkonce.armextab.*)

.ARM.exidx      0x0000000000000db0        0x0
                0x0000000000000db0                __exidx_start = .
 *(.ARM.exidx* .gnu.linkonce.armexidx.*)
                0x0000000000000db0                __exidx_end = .
                0x0000000000000db0                _etext = .

.data_RAM2      0x000000002007c000        0x0 load address 0x0000000000000db0
 FILL mask 0xff
                [!provide]                        PROVIDE (__start_data_RAM2 = .)
                [!provide]                        PROVIDE (__start_data_RamAHB32 = .)
 *(.ramfunc.$RAM2)
 *(.ramfunc.$RamAHB32)
 *(.data.$RAM2)
 *(.data.$RamAHB32)
 *(.data.$RAM2.*)
 *(.data.$RamAHB32.*)
                0x000000002007c000                . = ALIGN (0x4)
                [!provide]                        PROVIDE (__end_data_RAM2 = .)
                [!provide]                        PROVIDE (__end_data_RamAHB32 = .)

.uninit_RESERVED
                0x0000000010000000        0x0
                0x0000000010000000                _start_uninit_RESERVED = .
 *(.bss.$RESERVED*)
                0x0000000010000000                . = ALIGN (0x4)
                0x0000000010000000                _end_uninit_RESERVED = .

.data           0x0000000010000000        0x8 load address 0x0000000000000db0
 FILL mask 0xff
                0x0000000010000000                _data = .
                [!provide]                        PROVIDE (__start_data_RAM = .)
                [!provide]                        PROVIDE (__start_data_RamLoc32 = .)
 *(vtable)
 *(.ramfunc*)
 *(CodeQuickAccess)
 *(DataQuickAccess)
 *(RamFunction)
 *(.data*)
 .data.aux.3805
                0x0000000010000000        0x4 ./src/rx_trama.o
 .data.aux.3809
                0x0000000010000004        0x4 ./src/rx_trama.o
                0x0000000010000008                . = ALIGN (0x4)
                0x0000000010000008                _edata = .
                [!provide]                        PROVIDE (__end_data_RAM = .)
                [!provide]                        PROVIDE (__end_data_RamLoc32 = .)

.igot.plt       0x0000000010000008        0x0 load address 0x0000000000000db8
 .igot.plt      0x0000000010000008        0x0 ./src/DR_PINSEL.o

.bss_RAM2       0x000000002007c000        0x0
                [!provide]                        PROVIDE (__start_bss_RAM2 = .)
                [!provide]                        PROVIDE (__start_bss_RamAHB32 = .)
 *(.bss.$RAM2)
 *(.bss.$RamAHB32)
 *(.bss.$RAM2.*)
 *(.bss.$RamAHB32.*)
                0x000000002007c000                . = ALIGN ((. != 0x0)?0x4:0x1)
                [!provide]                        PROVIDE (__end_bss_RAM2 = .)
                [!provide]                        PROVIDE (__end_bss_RamAHB32 = .)

.bss            0x0000000010000008       0xe8
                0x0000000010000008                _bss = .
                [!provide]                        PROVIDE (__start_bss_RAM = .)
                [!provide]                        PROVIDE (__start_bss_RamLoc32 = .)
 *(.bss*)
 .bss.UART0_rx_buff
                0x0000000010000008       0x40 ./src/DR_UART0.o
                0x0000000010000008                UART0_rx_buff
 .bss.UART0_rx_in
                0x0000000010000048        0x4 ./src/DR_UART0.o
                0x0000000010000048                UART0_rx_in
 .bss.UART0_rx_out
                0x000000001000004c        0x4 ./src/DR_UART0.o
                0x000000001000004c                UART0_rx_out
 .bss.UART0_tx_buff
                0x0000000010000050       0x40 ./src/DR_UART0.o
                0x0000000010000050                UART0_tx_buff
 .bss.UART0_tx_in
                0x0000000010000090        0x4 ./src/DR_UART0.o
                0x0000000010000090                UART0_tx_in
 .bss.UART0_tx_out
                0x0000000010000094        0x4 ./src/DR_UART0.o
                0x0000000010000094                UART0_tx_out
 .bss.UART0_flag_tx
                0x0000000010000098        0x1 ./src/DR_UART0.o
                0x0000000010000098                UART0_flag_tx
 *fill*         0x0000000010000099        0x3 
 .bss.timers    0x000000001000009c       0x3c ./src/DR_timer.o
                0x000000001000009c                timers
 .bss.rx_trama_state
                0x00000000100000d8        0x1 ./src/rx_trama.o
 .bss.rx_timeout_flag
                0x00000000100000d9        0x1 ./src/rx_trama.o
 .bss.err_timeout_flag
                0x00000000100000da        0x1 ./src/rx_trama.o
 .bss.datos_timeout_flag
                0x00000000100000db        0x1 ./src/rx_trama.o
 .bss.data_buffer
                0x00000000100000dc        0x8 ./src/rx_trama.o
 .bss.data_counter
                0x00000000100000e4        0x1 ./src/rx_trama.o
 *fill*         0x00000000100000e5        0x3 
 .bss.datos_enviar_buffer
                0x00000000100000e8        0x4 ./src/rx_trama.o
 .bss.dato_rx.3737
                0x00000000100000ec        0x4 ./src/rx_trama.o
 *(COMMON)
                0x00000000100000f0                . = ALIGN (0x4)
                0x00000000100000f0                _ebss = .
                [!provide]                        PROVIDE (__end_bss_RAM = .)
                [!provide]                        PROVIDE (__end_bss_RamLoc32 = .)
                [!provide]                        PROVIDE (end = .)

.noinit_RAM2    0x000000002007c000        0x0
                [!provide]                        PROVIDE (__start_noinit_RAM2 = .)
                [!provide]                        PROVIDE (__start_noinit_RamAHB32 = .)
 *(.noinit.$RAM2)
 *(.noinit.$RamAHB32)
 *(.noinit.$RAM2.*)
 *(.noinit.$RamAHB32.*)
                0x000000002007c000                . = ALIGN (0x4)
                [!provide]                        PROVIDE (__end_noinit_RAM2 = .)
                [!provide]                        PROVIDE (__end_noinit_RamAHB32 = .)

.noinit         0x00000000100000f0        0x0
                0x00000000100000f0                _noinit = .
                [!provide]                        PROVIDE (__start_noinit_RAM = .)
                [!provide]                        PROVIDE (__start_noinit_RamLoc32 = .)
 *(.noinit*)
                0x00000000100000f0                . = ALIGN (0x4)
                0x00000000100000f0                _end_noinit = .
                [!provide]                        PROVIDE (__end_noinit_RAM = .)
                [!provide]                        PROVIDE (__end_noinit_RamLoc32 = .)
                [!provide]                        PROVIDE (_pvHeapStart = DEFINED (__user_heap_base)?__user_heap_base:.)
                0x0000000010008000                PROVIDE (_vStackTop = DEFINED (__user_stack_top)?__user_stack_top:(__top_RamLoc32 - 0x0))
                0xffffffffefff74da                PROVIDE (__valid_user_code_checksum = (0x0 - ((((((_vStackTop + (ResetISR + 0x1)) + (NMI_Handler + 0x1)) + (HardFault_Handler + 0x1)) + (DEFINED (MemManage_Handler)?MemManage_Handler:0x0 + 0x1)) + (DEFINED (BusFault_Handler)?BusFault_Handler:0x0 + 0x1)) + (DEFINED (UsageFault_Handler)?UsageFault_Handler:0x0 + 0x1))))
                0x0000000000000000                _image_start = LOADADDR (.text)
                0x0000000000000db8                _image_end = (LOADADDR (.data) + SIZEOF (.data))
                0x0000000000000db8                _image_size = (_image_end - _image_start)
OUTPUT(Indicador_nivel.axf elf32-littlearm)

.debug_info     0x0000000000000000     0x11de
 .debug_info    0x0000000000000000       0xf0 ./src/DR_PINSEL.o
 .debug_info    0x00000000000000f0       0x72 ./src/DR_PLL.o
 .debug_info    0x0000000000000162      0x31a ./src/DR_SYSTICK.o
 .debug_info    0x000000000000047c      0x241 ./src/DR_UART0.o
 .debug_info    0x00000000000006bd      0x122 ./src/DR_timer.o
 .debug_info    0x00000000000007df       0xa4 ./src/Indicador_nivel.o
 .debug_info    0x0000000000000883      0x18d ./src/PR_UART0.o
 .debug_info    0x0000000000000a10      0x17c ./src/PR_timer.o
 .debug_info    0x0000000000000b8c      0x272 ./src/cr_startup_lpc175x_6x.o
 .debug_info    0x0000000000000dfe      0x3e0 ./src/rx_trama.o

.debug_abbrev   0x0000000000000000      0x937
 .debug_abbrev  0x0000000000000000       0x94 ./src/DR_PINSEL.o
 .debug_abbrev  0x0000000000000094       0x56 ./src/DR_PLL.o
 .debug_abbrev  0x00000000000000ea      0x11a ./src/DR_SYSTICK.o
 .debug_abbrev  0x0000000000000204      0x11f ./src/DR_UART0.o
 .debug_abbrev  0x0000000000000323       0xd7 ./src/DR_timer.o
 .debug_abbrev  0x00000000000003fa       0x69 ./src/Indicador_nivel.o
 .debug_abbrev  0x0000000000000463       0xfd ./src/PR_UART0.o
 .debug_abbrev  0x0000000000000560      0x106 ./src/PR_timer.o
 .debug_abbrev  0x0000000000000666      0x117 ./src/cr_startup_lpc175x_6x.o
 .debug_abbrev  0x000000000000077d      0x1ba ./src/rx_trama.o

.debug_aranges  0x0000000000000000      0x290
 .debug_aranges
                0x0000000000000000       0x28 ./src/DR_PINSEL.o
 .debug_aranges
                0x0000000000000028       0x20 ./src/DR_PLL.o
 .debug_aranges
                0x0000000000000048       0x28 ./src/DR_SYSTICK.o
 .debug_aranges
                0x0000000000000070       0x40 ./src/DR_UART0.o
 .debug_aranges
                0x00000000000000b0       0x20 ./src/DR_timer.o
 .debug_aranges
                0x00000000000000d0       0x20 ./src/Indicador_nivel.o
 .debug_aranges
                0x00000000000000f0       0x38 ./src/PR_UART0.o
 .debug_aranges
                0x0000000000000128       0x30 ./src/PR_timer.o
 .debug_aranges
                0x0000000000000158       0x80 ./src/cr_startup_lpc175x_6x.o
 .debug_aranges
                0x00000000000001d8       0xb8 ./src/rx_trama.o

.debug_ranges   0x0000000000000000      0x208
 .debug_ranges  0x0000000000000000       0x18 ./src/DR_PINSEL.o
 .debug_ranges  0x0000000000000018       0x10 ./src/DR_PLL.o
 .debug_ranges  0x0000000000000028       0x18 ./src/DR_SYSTICK.o
 .debug_ranges  0x0000000000000040       0x30 ./src/DR_UART0.o
 .debug_ranges  0x0000000000000070       0x10 ./src/DR_timer.o
 .debug_ranges  0x0000000000000080       0x10 ./src/Indicador_nivel.o
 .debug_ranges  0x0000000000000090       0x28 ./src/PR_UART0.o
 .debug_ranges  0x00000000000000b8       0x20 ./src/PR_timer.o
 .debug_ranges  0x00000000000000d8       0x70 ./src/cr_startup_lpc175x_6x.o
 .debug_ranges  0x0000000000000148       0xc0 ./src/rx_trama.o

.debug_macro    0x0000000000000000      0x520
 .debug_macro   0x0000000000000000       0x30 ./src/DR_PINSEL.o
 .debug_macro   0x0000000000000030       0x29 ./src/DR_PLL.o
 .debug_macro   0x0000000000000059      0x118 ./src/DR_PLL.o
 .debug_macro   0x0000000000000171       0x48 ./src/DR_SYSTICK.o
 .debug_macro   0x00000000000001b9       0x94 ./src/DR_UART0.o
 .debug_macro   0x000000000000024d       0x10 ./src/DR_UART0.o
 .debug_macro   0x000000000000025d      0x11e ./src/DR_UART0.o
 .debug_macro   0x000000000000037b       0x34 ./src/DR_timer.o
 .debug_macro   0x00000000000003af       0x51 ./src/Indicador_nivel.o
 .debug_macro   0x0000000000000400       0x33 ./src/PR_UART0.o
 .debug_macro   0x0000000000000433       0x16 ./src/PR_UART0.o
 .debug_macro   0x0000000000000449       0x38 ./src/PR_timer.o
 .debug_macro   0x0000000000000481       0x1d ./src/cr_startup_lpc175x_6x.o
 .debug_macro   0x000000000000049e       0x82 ./src/rx_trama.o

.debug_line     0x0000000000000000     0x1085
 .debug_line    0x0000000000000000      0x133 ./src/DR_PINSEL.o
 .debug_line    0x0000000000000133      0x1e6 ./src/DR_PLL.o
 .debug_line    0x0000000000000319      0x135 ./src/DR_SYSTICK.o
 .debug_line    0x000000000000044e      0x1d0 ./src/DR_UART0.o
 .debug_line    0x000000000000061e      0x117 ./src/DR_timer.o
 .debug_line    0x0000000000000735      0x122 ./src/Indicador_nivel.o
 .debug_line    0x0000000000000857      0x17a ./src/PR_UART0.o
 .debug_line    0x00000000000009d1      0x132 ./src/PR_timer.o
 .debug_line    0x0000000000000b03      0x15f ./src/cr_startup_lpc175x_6x.o
 .debug_line    0x0000000000000c62      0x423 ./src/rx_trama.o

.debug_str      0x0000000000000000     0x3e42
 .debug_str     0x0000000000000000     0x2f26 ./src/DR_PINSEL.o
                                       0x2f6d (size before relaxing)
 .debug_str     0x0000000000002f26      0x579 ./src/DR_PLL.o
                                       0x3434 (size before relaxing)
 .debug_str     0x000000000000349f      0x193 ./src/DR_SYSTICK.o
                                       0x305f (size before relaxing)
 .debug_str     0x0000000000003632      0x26c ./src/DR_UART0.o
                                       0x369f (size before relaxing)
 .debug_str     0x000000000000389e       0x21 ./src/DR_timer.o
                                       0x2f49 (size before relaxing)
 .debug_str     0x00000000000038bf       0x38 ./src/Indicador_nivel.o
                                       0x3481 (size before relaxing)
 .debug_str     0x00000000000038f7       0x55 ./src/PR_UART0.o
                                       0x2fc5 (size before relaxing)
 .debug_str     0x000000000000394c       0x35 ./src/PR_timer.o
                                       0x2f5d (size before relaxing)
 .debug_str     0x0000000000003981      0x1c6 ./src/cr_startup_lpc175x_6x.o
                                       0x3005 (size before relaxing)
 .debug_str     0x0000000000003b47      0x2fb ./src/rx_trama.o
                                       0x3211 (size before relaxing)

.comment        0x0000000000000000       0x79
 .comment       0x0000000000000000       0x79 ./src/DR_PINSEL.o
                                         0x7a (size before relaxing)
 .comment       0x0000000000000079       0x7a ./src/DR_PLL.o
 .comment       0x0000000000000079       0x7a ./src/DR_SYSTICK.o
 .comment       0x0000000000000079       0x7a ./src/DR_UART0.o
 .comment       0x0000000000000079       0x7a ./src/DR_timer.o
 .comment       0x0000000000000079       0x7a ./src/Indicador_nivel.o
 .comment       0x0000000000000079       0x7a ./src/PR_UART0.o
 .comment       0x0000000000000079       0x7a ./src/PR_timer.o
 .comment       0x0000000000000079       0x7a ./src/cr_startup_lpc175x_6x.o
 .comment       0x0000000000000079       0x7a ./src/rx_trama.o
 .comment       0x0000000000000079       0x7a /usr/local/mcuxpressoide-11.2.1_4149/ide/plugins/com.nxp.mcuxpresso.tools.linux_11.2.0.202001021529/tools/bin/../lib/gcc/arm-none-eabi/9.2.1/../../../../arm-none-eabi/lib/thumb/v7-m/nofp/libcr_c.a(__weak__main.o)

.ARM.attributes
                0x0000000000000000       0x2d
 .ARM.attributes
                0x0000000000000000       0x2d ./src/DR_PINSEL.o
 .ARM.attributes
                0x000000000000002d       0x2d ./src/DR_PLL.o
 .ARM.attributes
                0x000000000000005a       0x2d ./src/DR_SYSTICK.o
 .ARM.attributes
                0x0000000000000087       0x2d ./src/DR_UART0.o
 .ARM.attributes
                0x00000000000000b4       0x2d ./src/DR_timer.o
 .ARM.attributes
                0x00000000000000e1       0x2d ./src/Indicador_nivel.o
 .ARM.attributes
                0x000000000000010e       0x2d ./src/PR_UART0.o
 .ARM.attributes
                0x000000000000013b       0x2d ./src/PR_timer.o
 .ARM.attributes
                0x0000000000000168       0x2d ./src/cr_startup_lpc175x_6x.o
 .ARM.attributes
                0x0000000000000195       0x2d ./src/rx_trama.o
 .ARM.attributes
                0x00000000000001c2       0x2d /usr/local/mcuxpressoide-11.2.1_4149/ide/plugins/com.nxp.mcuxpresso.tools.linux_11.2.0.202001021529/tools/bin/../lib/gcc/arm-none-eabi/9.2.1/../../../../arm-none-eabi/lib/thumb/v7-m/nofp/libcr_c.a(__weak__main.o)

.debug_frame    0x0000000000000000      0x74c
 .debug_frame   0x0000000000000000       0x64 ./src/DR_PINSEL.o
 .debug_frame   0x0000000000000064       0x30 ./src/DR_PLL.o
 .debug_frame   0x0000000000000094       0x4c ./src/DR_SYSTICK.o
 .debug_frame   0x00000000000000e0       0xc8 ./src/DR_UART0.o
 .debug_frame   0x00000000000001a8       0x38 ./src/DR_timer.o
 .debug_frame   0x00000000000001e0       0x30 ./src/Indicador_nivel.o
 .debug_frame   0x0000000000000210       0x9c ./src/PR_UART0.o
 .debug_frame   0x00000000000002ac       0x84 ./src/PR_timer.o
 .debug_frame   0x0000000000000330      0x170 ./src/cr_startup_lpc175x_6x.o
 .debug_frame   0x00000000000004a0      0x2ac ./src/rx_trama.o

Cross Reference Table

Symbol                                            File
ADC_IRQHandler                                    ./src/cr_startup_lpc175x_6x.o
BOD_IRQHandler                                    ./src/cr_startup_lpc175x_6x.o
BusFault_Handler                                  ./src/cr_startup_lpc175x_6x.o
CANActivity_IRQHandler                            ./src/cr_startup_lpc175x_6x.o
CAN_IRQHandler                                    ./src/cr_startup_lpc175x_6x.o
CRP_WORD                                          ./src/crp.o
DMA_IRQHandler                                    ./src/cr_startup_lpc175x_6x.o
DebugMon_Handler                                  ./src/cr_startup_lpc175x_6x.o
EINT0_IRQHandler                                  ./src/cr_startup_lpc175x_6x.o
EINT1_IRQHandler                                  ./src/cr_startup_lpc175x_6x.o
EINT2_IRQHandler                                  ./src/cr_startup_lpc175x_6x.o
EINT3_IRQHandler                                  ./src/cr_startup_lpc175x_6x.o
ENET_IRQHandler                                   ./src/cr_startup_lpc175x_6x.o
GPIO_clear_pin                                    ./src/DR_GPIO.o
GPIO_read_pin                                     ./src/DR_GPIO.o
GPIO_set_dir                                      ./src/DR_GPIO.o
GPIO_set_pin                                      ./src/DR_GPIO.o
GPIO_toggle_pin                                   ./src/DR_GPIO.o
HardFault_Handler                                 ./src/cr_startup_lpc175x_6x.o
I2C0_IRQHandler                                   ./src/cr_startup_lpc175x_6x.o
I2C1_IRQHandler                                   ./src/cr_startup_lpc175x_6x.o
I2C2_IRQHandler                                   ./src/cr_startup_lpc175x_6x.o
I2S_IRQHandler                                    ./src/cr_startup_lpc175x_6x.o
InicializarPLL                                    ./src/DR_PLL.o
                                                  ./src/Indicador_nivel.o
IntDefaultHandler                                 ./src/cr_startup_lpc175x_6x.o
MCPWM_IRQHandler                                  ./src/cr_startup_lpc175x_6x.o
MemManage_Handler                                 ./src/cr_startup_lpc175x_6x.o
NMI_Handler                                       ./src/cr_startup_lpc175x_6x.o
PINMODE_set_selection                             ./src/DR_PINSEL.o
PINSEL_set_selection                              ./src/DR_PINSEL.o
                                                  ./src/DR_UART0.o
PLL0_IRQHandler                                   ./src/cr_startup_lpc175x_6x.o
PLL1_IRQHandler                                   ./src/cr_startup_lpc175x_6x.o
PWM1_IRQHandler                                   ./src/cr_startup_lpc175x_6x.o
PendSV_Handler                                    ./src/cr_startup_lpc175x_6x.o
QEI_IRQHandler                                    ./src/cr_startup_lpc175x_6x.o
RIT_IRQHandler                                    ./src/cr_startup_lpc175x_6x.o
RTC_IRQHandler                                    ./src/cr_startup_lpc175x_6x.o
ResetISR                                          ./src/cr_startup_lpc175x_6x.o
SPI_IRQHandler                                    ./src/cr_startup_lpc175x_6x.o
SSP0_IRQHandler                                   ./src/cr_startup_lpc175x_6x.o
SSP1_IRQHandler                                   ./src/cr_startup_lpc175x_6x.o
SVC_Handler                                       ./src/cr_startup_lpc175x_6x.o
SYSTICK_init                                      ./src/DR_SYSTICK.o
                                                  ./src/Indicador_nivel.o
SysTick_Handler                                   ./src/DR_SYSTICK.o
TIMER0_IRQHandler                                 ./src/cr_startup_lpc175x_6x.o
TIMER1_IRQHandler                                 ./src/cr_startup_lpc175x_6x.o
TIMER2_IRQHandler                                 ./src/cr_startup_lpc175x_6x.o
TIMER3_IRQHandler                                 ./src/cr_startup_lpc175x_6x.o
UART0_IRQHandler                                  ./src/DR_UART0.o
UART0_dr_init                                     ./src/DR_UART0.o
                                                  ./src/PR_UART0.o
UART0_flag_tx                                     ./src/DR_UART0.o
                                                  ./src/PR_UART0.o
UART0_init                                        ./src/PR_UART0.o
                                                  ./src/Indicador_nivel.o
UART0_pop_rx                                      ./src/PR_UART0.o
                                                  ./src/rx_trama.o
UART0_pop_tx                                      ./src/DR_UART0.o
UART0_push_rx                                     ./src/DR_UART0.o
UART0_push_tx                                     ./src/PR_UART0.o
                                                  ./src/rx_trama.o
UART0_rx_buff                                     ./src/DR_UART0.o
                                                  ./src/PR_UART0.o
UART0_rx_in                                       ./src/DR_UART0.o
                                                  ./src/PR_UART0.o
UART0_rx_out                                      ./src/DR_UART0.o
                                                  ./src/PR_UART0.o
UART0_transmitir                                  ./src/PR_UART0.o
                                                  ./src/rx_trama.o
UART0_tx_buff                                     ./src/DR_UART0.o
                                                  ./src/PR_UART0.o
UART0_tx_in                                       ./src/DR_UART0.o
                                                  ./src/PR_UART0.o
UART0_tx_out                                      ./src/DR_UART0.o
UART0_write_tx_reg                                ./src/DR_UART0.o
                                                  ./src/PR_UART0.o
UART1_IRQHandler                                  ./src/cr_startup_lpc175x_6x.o
UART2_IRQHandler                                  ./src/cr_startup_lpc175x_6x.o
UART3_IRQHandler                                  ./src/cr_startup_lpc175x_6x.o
USBActivity_IRQHandler                            ./src/cr_startup_lpc175x_6x.o
USB_IRQHandler                                    ./src/cr_startup_lpc175x_6x.o
UsageFault_Handler                                ./src/cr_startup_lpc175x_6x.o
WDT_IRQHandler                                    ./src/cr_startup_lpc175x_6x.o
__bss_section_table_end                           ./src/cr_startup_lpc175x_6x.o
__data_section_table                              ./src/cr_startup_lpc175x_6x.o
__data_section_table_end                          ./src/cr_startup_lpc175x_6x.o
__main                                            /usr/local/mcuxpressoide-11.2.1_4149/ide/plugins/com.nxp.mcuxpresso.tools.linux_11.2.0.202001021529/tools/bin/../lib/gcc/arm-none-eabi/9.2.1/../../../../arm-none-eabi/lib/thumb/v7-m/nofp/libcr_c.a(__weak__main.o)
                                                  ./src/cr_startup_lpc175x_6x.o
__valid_user_code_checksum                        ./src/cr_startup_lpc175x_6x.o
__weak_main                                       /usr/local/mcuxpressoide-11.2.1_4149/ide/plugins/com.nxp.mcuxpresso.tools.linux_11.2.0.202001021529/tools/bin/../lib/gcc/arm-none-eabi/9.2.1/../../../../arm-none-eabi/lib/thumb/v7-m/nofp/libcr_c.a(__weak__main.o)
_vStackTop                                        ./src/cr_startup_lpc175x_6x.o
bss_init                                          ./src/cr_startup_lpc175x_6x.o
data_init                                         ./src/cr_startup_lpc175x_6x.o
g_pfnVectors                                      ./src/cr_startup_lpc175x_6x.o
get_riego                                         ./src/rx_trama.o
                                                  ./src/Indicador_nivel.o
get_temp_max                                      ./src/rx_trama.o
                                                  ./src/Indicador_nivel.o
get_temp_min                                      ./src/rx_trama.o
                                                  ./src/Indicador_nivel.o
is_ready                                          ./src/rx_trama.o
                                                  ./src/Indicador_nivel.o
main                                              ./src/Indicador_nivel.o
                                                  /usr/local/mcuxpressoide-11.2.1_4149/ide/plugins/com.nxp.mcuxpresso.tools.linux_11.2.0.202001021529/tools/bin/../lib/gcc/arm-none-eabi/9.2.1/../../../../arm-none-eabi/lib/thumb/v7-m/nofp/libcr_c.a(__weak__main.o)
rx_trama_MDE                                      ./src/rx_trama.o
                                                  ./src/Indicador_nivel.o
rx_trama_current_state                            ./src/rx_trama.o
timer_discount                                    ./src/DR_timer.o
                                                  ./src/DR_SYSTICK.o
timer_event                                       ./src/PR_timer.o
                                                  ./src/Indicador_nivel.o
timer_start                                       ./src/PR_timer.o
                                                  ./src/rx_trama.o
timer_stop                                        ./src/PR_timer.o
                                                  ./src/rx_trama.o
timers                                            ./src/DR_timer.o
                                                  ./src/PR_timer.o
