rx_trama.c:49:6:rx_trama_MDE	16	static
rx_trama.c:133:19:rx_trama_current_state	4	static
rx_trama.c:137:16:check_if_data_valid	16	static
rx_trama.c:159:13:start_rx_timeout	8	static
rx_trama.c:164:13:restart_rx_timeout	8	static
rx_trama.c:169:13:stop_rx_timeout	8	static
rx_trama.c:173:13:rx_timeout_callback	16	static
rx_trama.c:177:13:start_err_timeout	8	static
rx_trama.c:182:13:err_timeout_callback	16	static
rx_trama.c:186:13:err_func	8	static
rx_trama.c:191:21:get_temp_min	16	static
rx_trama.c:198:21:get_temp_max	16	static
rx_trama.c:206:21:get_humidity	16	static
rx_trama.c:211:9:get_datos	8	static
